═══ 1h ═══
Q1 状态占比与平均持续时长 (分年稳定性)

  趋势态: range: 占2% 持续3根(3h) | transition: 占52% 持续16根(16h) | trend_down:accelerate: 占6% 持续2根(2h) | trend_down:early: 占5% 持续2根(2h) | trend_down:late: 占13% 持续3根(3h) | trend_up:accelerate: 占4% 持续2根(2h) | trend_up:early: 占5% 持续2根(2h) | trend_up:late: 占13% 持续4根(4h)
    分年: 2023:range3% transition50% trend_down:accelerate5% trend_down:early6% trend_down:late11% trend_up:accelerate5% trend_up:early6% trend_up:late13% 2024:range2% transition51% trend_down:accelerate6% trend_down:early5% trend_down:late12% trend_up:accelerate4% trend_up:early5% trend_up:late13% 2025:range2% transition53% trend_down:accelerate5% trend_down:early5% trend_down:late13% trend_up:accelerate4% trend_up:early5% trend_up:late13% 2026:range3% transition53% trend_down:accelerate5% trend_down:early5% trend_down:late13% trend_up:accelerate4% trend_up:early4% trend_up:late12%
  波动态(z120): 中: 占29% 持续7根(7h) | 低: 占39% 持续20根(20h) | 高: 占32% 持续15根(15h)
    分年: 2023:中27% 低38% 高35% 2024:中29% 低39% 高32% 2025:中29% 低40% 高32% 2026:中28% 低39% 高33%
  波动态(z720): 中: 占33% 持续12根(12h) | 低: 占41% 持续25根(25h) | 高: 占25% 持续21根(21h)
    分年: 2023:中34% 低28% 高38% 2024:中32% 低40% 高29% 2025:中34% 低45% 高21% 2026:中35% 低44% 高21%

Q2 转移矩阵 (行=当前, 列=下一根)

  趋势态:
           range: [0.67 0.33 0.00 0.00 0.00 0.00 0.00 0.00]
      transition: [0.02 0.94 0.00 0.01 0.02 0.00 0.00 0.02]
    trend_down:accelerate: [0.00 0.02 0.50 0.15 0.20 0.05 0.06 0.02]
    trend_down:early: [0.00 0.06 0.14 0.46 0.12 0.05 0.16 0.02]
    trend_down:late: [0.00 0.06 0.10 0.05 0.71 0.01 0.01 0.07]
    trend_up:accelerate: [0.00 0.03 0.06 0.06 0.02 0.47 0.15 0.21]
    trend_up:early: [0.00 0.06 0.06 0.14 0.02 0.13 0.47 0.13]
    trend_up:late: [0.00 0.07 0.01 0.01 0.07 0.08 0.04 0.73]
  波动态:
               中: [0.86 0.07 0.07]
               低: [0.05 0.95 0.00]
               高: [0.07 0.00 0.93]
    层级结构: 低→高直接 0.002 vs 经中路径 0.004

Q3 趋势×波动独立性 (卡方)

  卡方 p=0.00e+00 (显著=不独立), Cramer V=0.209 (<0.1 弱关联)
  趋势态×波动态 联合占比:
           range: [1% 1% 0%]
      transition: [26% 15% 11%]
    trend_down:accelerate: [2% 2% 2%]
    trend_down:early: [2% 2% 2%]
    trend_down:late: [3% 3% 6%]
    trend_up:accelerate: [1% 1% 2%]
    trend_up:early: [2% 1% 2%]
    trend_up:late: [3% 3% 7%]

Q4 特征画像 (均值±std)

  趋势态:
              状态 |        ADX |         偏离 |         斜率 |         动能 |       实体比 |       BB宽 |       波动率 |       量能比
           range | 14.76±2.92 |  0.01±1.08 | -0.00±0.09 |  0.01±1.48 | 1.17±0.82 | 0.01±0.01 | 0.01±0.01 | 1.15±0.93
      transition | 19.04±4.80 |  0.01±1.20 |  0.03±0.78 | -0.00±1.60 | 1.10±0.76 | 0.01±0.01 | 0.01±0.01 | 1.03±0.81
    trend_down:accelerate | 38.83±9.55 | -1.07±0.68 | -0.97±1.33 | -1.32±0.77 | 1.15±0.67 | 0.02±0.01 | 0.01±0.01 | 0.98±0.72
    trend_down:early | 34.06±8.22 | -0.46±0.65 | -0.33±1.46 | -0.92±0.73 | 1.02±0.61 | 0.01±0.01 | 0.01±0.01 | 0.87±0.64
    trend_down:late | 36.41±9.54 | -1.71±1.24 | -0.73±1.37 | -2.19±1.43 | 1.10±0.97 | 0.02±0.01 | 0.01±0.01 | 1.13±1.09
    trend_up:accelerate | 37.41±9.18 |  0.99±0.76 |  0.82±1.54 |  1.29±0.78 | 1.14±0.66 | 0.02±0.01 | 0.01±0.01 | 0.98±0.69
    trend_up:early | 34.24±8.37 |  0.38±0.65 | -0.03±1.53 |  0.89±0.72 | 1.02±0.63 | 0.01±0.01 | 0.01±0.01 | 0.88±0.65
    trend_up:late | 36.02±9.28 |  1.76±1.32 |  0.76±1.42 |  2.25±1.52 | 1.10±0.96 | 0.02±0.02 | 0.01±0.01 | 1.07±0.89
  波动态:
              状态 |        ADX |         偏离 |         斜率 |         动能 |       实体比 |       BB宽 |       波动率 |       量能比
               中 | 26.08±9.98 | -0.05±1.42 | -0.08±1.18 | -0.05±1.83 | 1.08±0.75 | 0.01±0.01 | 0.01±0.01 | 1.02±0.79
               低 | 22.64±8.80 | -0.01±1.21 | -0.03±1.03 | -0.00±1.56 | 1.03±0.65 | 0.01±0.01 | 0.01±0.00 | 0.97±0.69
               高 | 32.31±12.54 |  0.05±1.79 |  0.08±1.42 |  0.05±2.26 | 1.20±0.98 | 0.02±0.01 | 0.02±0.01 | 1.11±1.03

Q5 阶段可分性 (early/accelerate/late 的特征分离)

                    阶段 |         偏离 |        ADX |       实体比
    trend_down:accelerate |      -1.07 |       38.8 |      1.15
      trend_down:early |      -0.46 |       34.1 |      1.02
       trend_down:late |      -1.71 |       36.4 |      1.10
    trend_up:accelerate |       0.99 |       37.4 |      1.14
        trend_up:early |       0.38 |       34.2 |      1.02
         trend_up:late |       1.76 |       36.0 |      1.10

Q6 转换状态量能比 (transition vs 其他)

  transition: 量能比 1.03 vs 其余 1.03 (放大)
  range: 量能比 1.15 vs 其余 1.03 (放大)

═══ 4h ═══
Q1 状态占比与平均持续时长 (分年稳定性)

  趋势态: range: 占2% 持续3根(11h) | transition: 占51% 持续15根(61h) | trend_down:accelerate: 占6% 持续2根(8h) | trend_down:early: 占5% 持续2根(7h) | trend_down:late: 占13% 持续4根(14h) | trend_up:accelerate: 占4% 持续2根(7h) | trend_up:early: 占5% 持续2根(8h) | trend_up:late: 占13% 持续4根(15h)
    分年: 2023:range2% transition48% trend_down:accelerate5% trend_down:early6% trend_down:late9% trend_up:accelerate6% trend_up:early6% trend_up:late19% 2024:range2% transition48% trend_down:accelerate6% trend_down:early6% trend_down:late13% trend_up:accelerate5% trend_up:early5% trend_up:late15% 2025:range2% transition53% trend_down:accelerate5% trend_down:early5% trend_down:late13% trend_up:accelerate4% trend_up:early5% trend_up:late13% 2026:range2% transition52% trend_down:accelerate5% trend_down:early5% trend_down:late15% trend_up:accelerate4% trend_up:early5% trend_up:late11%
  波动态(z120): 中: 占25% 持续6根(25h) | 低: 占45% 持续20根(82h) | 高: 占29% 持续16根(63h)
    分年: 2023:中27% 低22% 高51% 2024:中25% 低42% 高33% 2025:中25% 低48% 高27% 2026:中26% 低49% 高25%
  波动态(z720): 中: 占27% 持续12根(49h) | 低: 占50% 持续37根(146h) | 高: 占23% 持续28根(112h)
    分年: 2023:中16% 低3% 高80% 2024:中28% 低40% 高32% 2025:中30% 低52% 高18% 2026:中22% 低69% 高8%

Q2 转移矩阵 (行=当前, 列=下一根)

  趋势态:
           range: [0.63 0.37 0.00 0.00 0.00 0.00 0.00 0.00]
      transition: [0.02 0.93 0.00 0.00 0.02 0.00 0.00 0.02]
    trend_down:accelerate: [0.00 0.02 0.52 0.14 0.19 0.05 0.06 0.01]
    trend_down:early: [0.00 0.05 0.14 0.46 0.12 0.05 0.16 0.02]
    trend_down:late: [0.00 0.06 0.09 0.05 0.72 0.01 0.01 0.07]
    trend_up:accelerate: [0.00 0.03 0.06 0.06 0.02 0.45 0.15 0.22]
    trend_up:early: [0.00 0.05 0.05 0.15 0.02 0.13 0.47 0.12]
    trend_up:late: [0.00 0.07 0.01 0.01 0.07 0.07 0.04 0.73]
  波动态:
               中: [0.84 0.09 0.07]
               低: [0.05 0.95 0.00]
               高: [0.06 0.00 0.94]
    层级结构: 低→高直接 0.002 vs 经中路径 0.003

Q3 趋势×波动独立性 (卡方)

  卡方 p=0.00e+00 (显著=不独立), Cramer V=0.193 (<0.1 弱关联)
  趋势态×波动态 联合占比:
           range: [1% 0% 0%]
      transition: [28% 13% 10%]
    trend_down:accelerate: [2% 2% 2%]
    trend_down:early: [2% 2% 2%]
    trend_down:late: [4% 4% 6%]
    trend_up:accelerate: [1% 1% 2%]
    trend_up:early: [2% 1% 2%]
    trend_up:late: [4% 3% 6%]

Q4 特征画像 (均值±std)

  趋势态:
              状态 |        ADX |         偏离 |         斜率 |         动能 |       实体比 |       BB宽 |       波动率 |       量能比
           range | 14.58±2.94 | -0.05±1.12 |  0.00±0.09 | -0.09±1.48 | 1.16±0.83 | 0.02±0.01 | 0.02±0.01 | 1.09±0.80
      transition | 18.96±4.90 | -0.01±1.24 |  0.02±0.79 | -0.02±1.64 | 1.10±0.81 | 0.02±0.01 | 0.03±0.01 | 1.02±0.70
    trend_down:accelerate | 39.17±9.29 | -1.07±0.67 | -1.02±1.25 | -1.30±0.76 | 1.13±0.66 | 0.03±0.02 | 0.03±0.01 | 0.98±0.64
    trend_down:early | 35.08±8.50 | -0.46±0.64 | -0.45±1.43 | -0.90±0.72 | 0.99±0.61 | 0.03±0.02 | 0.03±0.01 | 0.87±0.57
    trend_down:late | 36.38±9.33 | -1.66±1.20 | -0.75±1.25 | -2.12±1.38 | 1.11±0.95 | 0.04±0.02 | 0.03±0.01 | 1.12±0.95
    trend_up:accelerate | 38.48±9.09 |  0.96±0.81 |  0.70±1.59 |  1.33±0.82 | 1.14±0.66 | 0.04±0.02 | 0.03±0.01 | 0.98±0.60
    trend_up:early | 35.37±8.74 |  0.34±0.65 | -0.20±1.54 |  0.91±0.74 | 0.99±0.65 | 0.03±0.02 | 0.03±0.01 | 0.87±0.56
    trend_up:late | 36.16±9.05 |  1.74±1.32 |  0.71±1.35 |  2.23±1.52 | 1.14±0.94 | 0.04±0.03 | 0.03±0.01 | 1.08±0.75
  波动态:
              状态 |        ADX |         偏离 |         斜率 |         动能 |       实体比 |       BB宽 |       波动率 |       量能比
               中 | 27.23±10.41 | -0.14±1.48 | -0.14±1.16 | -0.16±1.91 | 1.10±0.78 | 0.03±0.02 | 0.03±0.01 | 1.02±0.70
               低 | 23.54±9.58 | -0.05±1.30 | -0.14±1.06 | -0.02±1.67 | 1.05±0.73 | 0.02±0.01 | 0.02±0.01 | 0.97±0.60
               高 | 32.67±12.73 |  0.11±1.75 |  0.15±1.38 |  0.10±2.20 | 1.19±0.97 | 0.04±0.03 | 0.03±0.01 | 1.10±0.91

Q5 阶段可分性 (early/accelerate/late 的特征分离)

                    阶段 |         偏离 |        ADX |       实体比
    trend_down:accelerate |      -1.07 |       39.2 |      1.13
      trend_down:early |      -0.46 |       35.1 |      0.99
       trend_down:late |      -1.66 |       36.4 |      1.11
    trend_up:accelerate |       0.96 |       38.5 |      1.14
        trend_up:early |       0.34 |       35.4 |      0.99
         trend_up:late |       1.74 |       36.2 |      1.14

Q6 转换状态量能比 (transition vs 其他)

  transition: 量能比 1.02 vs 其余 1.03 (缩小)
  range: 量能比 1.09 vs 其余 1.02 (放大)

