═══ 多周期状态组合 ═══

  无条件基线 做多: : n=514512 (win 249602 / loss 264910 / 过期 95 / 跳过 185) — WR 48.5% [CI 48.4%–48.6%] 命中率 99.9%
  无条件基线 做空: : n=514512 (win 264910 / loss 249602 / 过期 95 / 跳过 185) — WR 51.5% [CI 51.4%–51.6%] 命中率 99.9%

  场景占比:
        episode_long: 15.4%
       episode_short: 19.7%
         follow_long: 27.8%
        follow_short: 35.3%
             neutral: 1.8%

Q 顺日线方向 (with): 插曲/顺势 场景进入后顺 bias 做

       episode_long 顺日线×long: n=  3720 WR  48.2% vs 基线 48.5% Δ -0.3%pp [CI 46.6%-49.8%] 2023:52% 2024:50% 2025:47% 2026:45%
      episode_long 顺日线×short: n=     0 WR   nan% vs 基线 51.5% Δ +nan%pp [CI nan%-nan%]  ⚠样本不足
      episode_short 顺日线×long: n=     0 WR   nan% vs 基线 48.5% Δ +nan%pp [CI nan%-nan%]  ⚠样本不足
     episode_short 顺日线×short: n=  4773 WR  53.1% vs 基线 51.5% Δ +1.6%pp [CI 51.7%-54.5%] 2023:55% 2024:52% 2025:53% 2026:55%
        follow_long 顺日线×long: n=  3815 WR  49.3% vs 基线 48.5% Δ +0.8%pp [CI 47.7%-50.9%] 2023:46% 2024:50% 2025:49% 2026:52%
       follow_long 顺日线×short: n=     0 WR   nan% vs 基线 51.5% Δ +nan%pp [CI nan%-nan%]  ⚠样本不足
       follow_short 顺日线×long: n=     0 WR   nan% vs 基线 48.5% Δ +nan%pp [CI nan%-nan%]  ⚠样本不足
      follow_short 顺日线×short: n=  4833 WR  53.2% vs 基线 51.5% Δ +1.7%pp [CI 51.8%-54.6%] 2023:54% 2024:53% 2025:52% 2026:56%

Q 逆日线方向 (against): 逆势检验 (旧结论 45-47%)

       episode_long 逆日线×long: n=     0 WR   nan% vs 基线 48.5% Δ +nan%pp [CI nan%-nan%]  ⚠样本不足
      episode_long 逆日线×short: n=  3720 WR  51.8% vs 基线 51.5% Δ +0.3%pp [CI 50.2%-53.4%] 2023:48% 2024:50% 2025:53% 2026:55%
      episode_short 逆日线×long: n=  4773 WR  46.9% vs 基线 48.5% Δ -1.6%pp [CI 45.5%-48.3%] 2023:45% 2024:48% 2025:47% 2026:45%
     episode_short 逆日线×short: n=     0 WR   nan% vs 基线 51.5% Δ +nan%pp [CI nan%-nan%]  ⚠样本不足
        follow_long 逆日线×long: n=     0 WR   nan% vs 基线 48.5% Δ +nan%pp [CI nan%-nan%]  ⚠样本不足
       follow_long 逆日线×short: n=  3815 WR  50.7% vs 基线 51.5% Δ -0.8%pp [CI 49.1%-52.3%] 2023:54% 2024:50% 2025:51% 2026:48%
       follow_short 逆日线×long: n=  4833 WR  46.8% vs 基线 48.5% Δ -1.7%pp [CI 45.4%-48.2%] 2023:46% 2024:47% 2025:48% 2026:44%
      follow_short 逆日线×short: n=     0 WR   nan% vs 基线 51.5% Δ +nan%pp [CI nan%-nan%]  ⚠样本不足

═══ 多周期状态组合 (随机游走)═══

  无条件基线 做多: : n=525142 (win 262908 / loss 262234 / 过期 1 / 跳过 20) — WR 50.1% [CI 49.9%–50.2%] 命中率 100.0%
  无条件基线 做空: : n=525142 (win 262234 / loss 262908 / 过期 1 / 跳过 20) — WR 49.9% [CI 49.8%–50.1%] 命中率 100.0%

  场景占比:
        episode_long: 16.1%
       episode_short: 18.2%
         follow_long: 30.0%
        follow_short: 33.9%
             neutral: 1.8%

Q 顺日线方向 (with): 插曲/顺势 场景进入后顺 bias 做

       episode_long 顺日线×long: n=  4373 WR  49.9% vs 基线 50.1% Δ -0.1%pp [CI 48.5%-51.4%] 2023:50% 2024:52% 2025:47%
      episode_long 顺日线×short: n=     0 WR   nan% vs 基线 49.9% Δ +nan%pp [CI nan%-nan%]  ⚠样本不足
      episode_short 顺日线×long: n=     0 WR   nan% vs 基线 50.1% Δ +nan%pp [CI nan%-nan%]  ⚠样本不足
     episode_short 顺日线×short: n=  4798 WR  50.6% vs 基线 49.9% Δ +0.7%pp [CI 49.2%-52.1%] 2023:50% 2024:51% 2025:50%
        follow_long 顺日线×long: n=  4416 WR  50.2% vs 基线 50.1% Δ +0.2%pp [CI 48.8%-51.7%] 2023:49% 2024:50% 2025:51%
       follow_long 顺日线×short: n=     0 WR   nan% vs 基线 49.9% Δ +nan%pp [CI nan%-nan%]  ⚠样本不足
       follow_short 顺日线×long: n=     0 WR   nan% vs 基线 50.1% Δ +nan%pp [CI nan%-nan%]  ⚠样本不足
      follow_short 顺日线×short: n=  4909 WR  51.1% vs 基线 49.9% Δ +1.2%pp [CI 49.7%-52.5%] 2023:51% 2024:51% 2025:52%

Q 逆日线方向 (against): 逆势检验 (旧结论 45-47%)

       episode_long 逆日线×long: n=     0 WR   nan% vs 基线 50.1% Δ +nan%pp [CI nan%-nan%]  ⚠样本不足
      episode_long 逆日线×short: n=  4373 WR  50.1% vs 基线 49.9% Δ +0.1%pp [CI 48.6%-51.5%] 2023:50% 2024:48% 2025:53%
      episode_short 逆日线×long: n=  4798 WR  49.4% vs 基线 50.1% Δ -0.7%pp [CI 47.9%-50.8%] 2023:50% 2024:49% 2025:50%
     episode_short 逆日线×short: n=     0 WR   nan% vs 基线 49.9% Δ +nan%pp [CI nan%-nan%]  ⚠样本不足
        follow_long 逆日线×long: n=     0 WR   nan% vs 基线 50.1% Δ +nan%pp [CI nan%-nan%]  ⚠样本不足
       follow_long 逆日线×short: n=  4416 WR  49.8% vs 基线 49.9% Δ -0.2%pp [CI 48.3%-51.2%] 2023:51% 2024:50% 2025:49%
       follow_short 逆日线×long: n=  4909 WR  48.9% vs 基线 50.1% Δ -1.2%pp [CI 47.5%-50.3%] 2023:49% 2024:49% 2025:48%
      follow_short 逆日线×short: n=     0 WR   nan% vs 基线 49.9% Δ +nan%pp [CI nan%-nan%]  ⚠样本不足

