═══ 1h ═══
  无条件基线 做多: : n=499752 (win 241992 / loss 257760 / 过期 1891 / 跳过 3894) — WR 48.4% [CI 48.3%–48.6%] 命中率 98.9%
  无条件基线 做空: : n=499752 (win 257760 / loss 241992 / 过期 1891 / 跳过 3894) — WR 51.6% [CI 51.4%–51.7%] 命中率 98.9%

Q1 结构 vs 统计 方向判定一致性

  统计有方向 45.5% | 结构有方向 88.1%
  两者都有方向时: 一致 71.0% | 反向 21.6%

Q2 统计趋势态 × 方向 (事件式入场)

                      range×long: n=  3991 WR  50.0% vs 基线 48.4% Δ +1.6%pp [CI 48.5%-51.6%] 2023:55% 2024:51% 2025:49% 2026:48%
                     range×short: n=  3991 WR  50.0% vs 基线 51.6% Δ -1.6%pp [CI 48.4%-51.5%] 2023:45% 2024:49% 2025:51% 2026:52%
                 transition×long: n= 16654 WR  48.7% vs 基线 48.4% Δ +0.2%pp [CI 47.9%-49.4%] 2023:49% 2024:50% 2025:49% 2026:47%
                transition×short: n= 16654 WR  51.3% vs 基线 51.6% Δ -0.2%pp [CI 50.6%-52.1%] 2023:51% 2024:50% 2025:51% 2026:53%
     trend_down:accelerate×short: n= 13828 WR  51.5% vs 基线 51.6% Δ -0.1%pp [CI 50.7%-52.3%] 2023:51% 2024:52% 2025:52% 2026:50%
          trend_down:early×short: n= 13565 WR  51.6% vs 基线 51.6% Δ +0.0%pp [CI 50.8%-52.4%] 2023:52% 2024:50% 2025:52% 2026:53%
           trend_down:late×short: n= 18305 WR  51.8% vs 基线 51.6% Δ +0.2%pp [CI 51.1%-52.6%] 2023:53% 2024:52% 2025:50% 2026:53%
        trend_up:accelerate×long: n= 11947 WR  48.5% vs 基线 48.4% Δ +0.1%pp [CI 47.6%-49.4%] 2023:49% 2024:47% 2025:50% 2026:47%
             trend_up:early×long: n= 13272 WR  49.2% vs 基线 48.4% Δ +0.7%pp [CI 48.3%-50.0%] 2023:49% 2024:48% 2025:51% 2026:48%
              trend_up:late×long: n= 17528 WR  48.8% vs 基线 48.4% Δ +0.4%pp [CI 48.0%-49.5%] 2023:49% 2024:49% 2025:49% 2026:47%

Q2 波动态 × 方向

                        波动低×long: n=  9919 WR  46.6% vs 基线 48.4% Δ -1.8%pp [CI 45.7%-47.6%] 2023:48% 2024:47% 2025:47% 2026:45%
                       波动低×short: n=  9919 WR  53.4% vs 基线 51.6% Δ +1.8%pp [CI 52.4%-54.3%] 2023:52% 2024:53% 2025:53% 2026:55%
                        波动中×long: n= 20086 WR  48.0% vs 基线 48.4% Δ -0.4%pp [CI 47.3%-48.7%] 2023:48% 2024:48% 2025:48% 2026:47%
                       波动中×short: n= 20086 WR  52.0% vs 基线 51.6% Δ +0.4%pp [CI 51.3%-52.7%] 2023:52% 2024:52% 2025:52% 2026:53%
                        波动高×long: n= 10539 WR  46.6% vs 基线 48.4% Δ -1.8%pp [CI 45.6%-47.6%] 2023:48% 2024:46% 2025:48% 2026:45%
                       波动高×short: n= 10539 WR  53.4% vs 基线 51.6% Δ +1.8%pp [CI 52.4%-54.4%] 2023:52% 2024:54% 2025:52% 2026:55%

Q2 结构态 × 方向

                down:early×short: n=  7598 WR  51.9% vs 基线 51.6% Δ +0.3%pp [CI 50.8%-53.0%] 2023:54% 2024:51% 2025:52% 2026:53%
                 down:late×short: n=  4554 WR  50.0% vs 基线 51.6% Δ -1.6%pp [CI 48.5%-51.4%] 2023:49% 2024:50% 2025:50% 2026:51%
                  down:mid×short: n=  8901 WR  50.7% vs 基线 51.6% Δ -0.8%pp [CI 49.7%-51.8%] 2023:52% 2024:50% 2025:50% 2026:52%
                      range×long: n= 15237 WR  48.9% vs 基线 48.4% Δ +0.5%pp [CI 48.2%-49.7%] 2023:49% 2024:50% 2025:49% 2026:48%
                     range×short: n= 15237 WR  51.1% vs 基线 51.6% Δ -0.5%pp [CI 50.3%-51.8%] 2023:51% 2024:50% 2025:51% 2026:52%
                   up:early×long: n=  7634 WR  47.4% vs 基线 48.4% Δ -1.1%pp [CI 46.2%-48.5%] 2023:47% 2024:48% 2025:47% 2026:46%
                    up:late×long: n=  4523 WR  50.1% vs 基线 48.4% Δ +1.6%pp [CI 48.6%-51.5%] 2023:49% 2024:53% 2025:51% 2026:45%
                     up:mid×long: n=  8811 WR  48.0% vs 基线 48.4% Δ -0.4%pp [CI 47.0%-49.1%] 2023:51% 2024:48% 2025:50% 2026:43%

Q4/Q5 结构阶段进入后 W 根内状态演化 (H2 末期/H3 突破)

    up:early: 延续 99.5% | 转 range 0.5% (n=7713)
      up:mid: 延续 98.5% | 转 range 1.5% (n=8911)
     up:late: 延续 95.7% | 转 range 4.3% (n=4596)
  down:early: 延续 99.5% | 转 range 0.5% (n=7694)
    down:mid: 延续 98.4% | 转 range 1.6% (n=9013)
   down:late: 延续 95.9% | 转 range 4.1% (n=4609)

Q6 随机游走对照 (20 个 GBM, 同长度同波动率, 真实 OHLC 子步 — 无信息基线)

  随机游走 无条件基线做多: : n=510193 (win 255432 / loss 254761 / 过期 1 / 跳过 386) — WR 50.1% [CI 49.9%–50.2%] 命中率 99.9%
  随机游走 统计[trend_up:late]做多: : n=15789 (win 7868 / loss 7921 / 过期 0 / 跳过 8) — WR 49.8% [CI 49.1%–50.6%] 命中率 99.9%
  随机游走 统计[transition]做多: : n=13885 (win 6985 / loss 6900 / 过期 0 / 跳过 11) — WR 50.3% [CI 49.5%–51.1%] 命中率 99.9%
  随机游走 统计[up:mid]做多: : n=0 (win 0 / loss 0 / 过期 0 / 跳过 0) — WR nan% ⚠样本不足(200)
  随机游走 统计[up:early]做多: : n=0 (win 0 / loss 0 / 过期 0 / 跳过 0) — WR nan% ⚠样本不足(200)
  随机游走 统计[range]做多: : n=3338 (win 1702 / loss 1636 / 过期 0 / 跳过 3) — WR 51.0% [CI 49.3%–52.7%] 命中率 99.9%
  随机游走 结构[up:mid]做多: : n=8260 (win 4147 / loss 4113 / 过期 0 / 跳过 11) — WR 50.2% [CI 49.1%–51.3%] 命中率 99.9%
  随机游走 结构[up:early]做多: : n=8356 (win 4169 / loss 4187 / 过期 0 / 跳过 5) — WR 49.9% [CI 48.8%–51.0%] 命中率 99.9%
  随机游走 结构[range]做多: : n=16645 (win 8328 / loss 8317 / 过期 0 / 跳过 8) — WR 50.0% [CI 49.3%–50.8%] 命中率 100.0%

═══ 4h ═══
  无条件基线 做多: : n=113781 (win 54375 / loss 59406 / 过期 257 / 跳过 1084) — WR 47.8% [CI 47.5%–48.1%] 命中率 98.8%
  无条件基线 做空: : n=113781 (win 59406 / loss 54375 / 过期 257 / 跳过 1084) — WR 52.2% [CI 51.9%–52.5%] 命中率 98.8%

Q1 结构 vs 统计 方向判定一致性

  统计有方向 46.9% | 结构有方向 88.5%
  两者都有方向时: 一致 71.3% | 反向 21.4%

Q2 统计趋势态 × 方向 (事件式入场)

                      range×long: n=   887 WR  45.3% vs 基线 47.8% Δ -2.5%pp [CI 42.1%-48.6%] 2024:41% 2025:50% 2026:45%
                     range×short: n=   887 WR  54.7% vs 基线 52.2% Δ +2.5%pp [CI 51.4%-57.9%] 2024:59% 2025:50% 2026:55%
                 transition×long: n=  3810 WR  47.6% vs 基线 47.8% Δ -0.2%pp [CI 46.0%-49.2%] 2024:49% 2025:49% 2026:44%
                transition×short: n=  3810 WR  52.4% vs 基线 52.2% Δ +0.2%pp [CI 50.8%-54.0%] 2024:51% 2025:51% 2026:56%
     trend_down:accelerate×short: n=  3146 WR  51.2% vs 基线 52.2% Δ -1.0%pp [CI 49.4%-52.9%] 2024:51% 2025:48% 2026:56%
          trend_down:early×short: n=  3154 WR  50.0% vs 基线 52.2% Δ -2.2%pp [CI 48.3%-51.7%] 2024:54% 2025:44% 2026:52%
           trend_down:late×short: n=  4354 WR  50.8% vs 基线 52.2% Δ -1.4%pp [CI 49.3%-52.3%] 2024:50% 2025:50% 2026:54%
        trend_up:accelerate×long: n=  2670 WR  48.1% vs 基线 47.8% Δ +0.3%pp [CI 46.2%-50.0%] 2024:44% 2025:56% 2026:45%
             trend_up:early×long: n=  2973 WR  49.9% vs 基线 47.8% Δ +2.2%pp [CI 48.2%-51.7%] 2024:49% 2025:55% 2026:46%
              trend_up:late×long: n=  4082 WR  46.6% vs 基线 47.8% Δ -1.2%pp [CI 45.0%-48.1%] 2023:29% 2024:47% 2025:50% 2026:43%

Q2 波动态 × 方向

                        波动低×long: n=  2536 WR  48.9% vs 基线 47.8% Δ +1.1%pp [CI 47.0%-50.8%] 2024:46% 2025:56% 2026:44%
                       波动低×short: n=  2536 WR  51.1% vs 基线 52.2% Δ -1.1%pp [CI 49.2%-53.0%] 2024:54% 2025:44% 2026:56%
                        波动中×long: n=  4553 WR  49.8% vs 基线 47.8% Δ +2.0%pp [CI 48.3%-51.2%] 2024:48% 2025:54% 2026:47%
                       波动中×short: n=  4553 WR  50.2% vs 基线 52.2% Δ -2.0%pp [CI 48.8%-51.7%] 2024:52% 2025:46% 2026:53%
                        波动高×long: n=  2104 WR  51.8% vs 基线 47.8% Δ +4.0%pp [CI 49.6%-53.9%] 2024:47% 2025:57% 2026:51%
                       波动高×short: n=  2104 WR  48.2% vs 基线 52.2% Δ -4.0%pp [CI 46.1%-50.4%] 2024:53% 2025:43% 2026:49%

Q2 结构态 × 方向

                down:early×short: n=  1755 WR  51.4% vs 基线 52.2% Δ -0.8%pp [CI 49.1%-53.7%] 2024:53% 2025:49% 2026:54%
                 down:late×short: n=  1240 WR  48.8% vs 基线 52.2% Δ -3.4%pp [CI 46.0%-51.6%] 2024:49% 2025:46% 2026:53%
                  down:mid×short: n=  2186 WR  52.8% vs 基线 52.2% Δ +0.6%pp [CI 50.7%-54.9%] 2024:54% 2025:50% 2026:53%
                      range×long: n=  3498 WR  48.3% vs 基线 47.8% Δ +0.5%pp [CI 46.6%-49.9%] 2024:46% 2025:51% 2026:47%
                     range×short: n=  3498 WR  51.7% vs 基线 52.2% Δ -0.5%pp [CI 50.1%-53.4%] 2024:54% 2025:49% 2026:53%
                   up:early×long: n=  1744 WR  46.9% vs 基线 47.8% Δ -0.9%pp [CI 44.6%-49.3%] 2024:43% 2025:49% 2026:51%
                    up:late×long: n=   899 WR  51.2% vs 基线 47.8% Δ +3.4%pp [CI 47.9%-54.4%] 2024:48% 2025:55% 2026:50%
                     up:mid×long: n=  1923 WR  49.0% vs 基线 47.8% Δ +1.2%pp [CI 46.8%-51.3%] 2024:49% 2025:50% 2026:48%

Q4/Q5 结构阶段进入后 W 根内状态演化 (H2 末期/H3 突破)

    up:early: 延续 99.3% | 转 range 0.7% (n=1761)
      up:mid: 延续 97.8% | 转 range 2.2% (n=1949)
     up:late: 延续 94.9% | 转 range 5.1% (n=908)
  down:early: 延续 99.6% | 转 range 0.4% (n=1771)
    down:mid: 延续 97.7% | 转 range 2.3% (n=2207)
   down:late: 延续 95.5% | 转 range 4.5% (n=1252)

Q6 随机游走对照 (20 个 GBM, 同长度同波动率, 真实 OHLC 子步 — 无信息基线)

  随机游走 无条件基线做多: : n=116262 (win 58330 / loss 57932 / 过期 0 / 跳过 118) — WR 50.2% [CI 49.9%–50.5%] 命中率 99.9%
  随机游走 统计[trend_up:late]做多: : n=3584 (win 1801 / loss 1783 / 过期 0 / 跳过 4) — WR 50.3% [CI 48.6%–51.9%] 命中率 99.9%
  随机游走 统计[transition]做多: : n=3194 (win 1636 / loss 1558 / 过期 0 / 跳过 5) — WR 51.2% [CI 49.5%–53.0%] 命中率 99.8%
  随机游走 统计[up:mid]做多: : n=0 (win 0 / loss 0 / 过期 0 / 跳过 0) — WR nan% ⚠样本不足(200)
  随机游走 统计[up:early]做多: : n=0 (win 0 / loss 0 / 过期 0 / 跳过 0) — WR nan% ⚠样本不足(200)
  随机游走 统计[range]做多: : n=786 (win 416 / loss 370 / 过期 0 / 跳过 1) — WR 52.9% [CI 49.4%–56.4%] 命中率 99.9%
  随机游走 结构[up:mid]做多: : n=1888 (win 934 / loss 954 / 过期 0 / 跳过 3) — WR 49.5% [CI 47.2%–51.7%] 命中率 99.8%
  随机游走 结构[up:early]做多: : n=1934 (win 957 / loss 977 / 过期 0 / 跳过 1) — WR 49.5% [CI 47.3%–51.7%] 命中率 99.9%
  随机游走 结构[range]做多: : n=3832 (win 1952 / loss 1880 / 过期 0 / 跳过 1) — WR 50.9% [CI 49.4%–52.5%] 命中率 100.0%

