═══ A4 趋势深度画像 (1h)═══

Q1 K线构成 (顺K占比/顺逆K均幅/实体占比)
                        状态        n     顺K占比      顺K均幅      逆K均幅     顺实体     逆实体
                     range    12489    49.7%    0.598%    0.584%    0.45    0.44
                transition   268513    49.1%    0.585%    0.563%    0.45    0.44
     trend_down:accelerate    28742    45.7%    0.689%    0.696%    0.45    0.47
          trend_down:early    26065    52.6%    0.622%    0.554%    0.46    0.44
           trend_down:late    65229    37.2%    0.512%    0.842%    0.38    0.46
       trend_up:accelerate    22984    54.5%    0.684%    0.599%    0.48    0.44
            trend_up:early    25735    50.3%    0.595%    0.568%    0.46    0.44
             trend_up:late    66800    60.6%    0.818%    0.486%    0.48    0.37

Q2 收益分布 (单根收益 均值/std/偏度/峰度)
                        状态        均值       std      偏度      峰度
                     range   0.0036%   0.9283%    1.23   23.42
                transition   0.0012%   0.8713%    1.24   67.91
     trend_down:accelerate  -0.0633%   0.9984%    0.41    7.52
          trend_down:early   0.0643%   0.8569%    0.26    5.81
           trend_down:late  -0.3389%   1.1508%   -3.27   45.51
       trend_up:accelerate   0.1004%   0.9154%    0.31    5.95
            trend_up:early   0.0175%   0.8499%    0.19    6.76
             trend_up:late   0.3045%   1.0554%    2.49   30.55

Q3 推进结构 (顺K段/逆K段 run 统计)
                        状态     顺K段均长     逆K段均长      顺段均幅      逆段均幅      顺段数/逆段数
            trend_up:early      1.43      1.45    0.776%    0.767%   6496/ 6353
       trend_up:accelerate      1.52      1.36    0.967%    0.768%   5808/ 5491
             trend_up:late      1.84      1.44    1.503%    0.713%  19563/16976
          trend_down:early      1.42      1.47    0.700%    0.824%   6201/ 6524
     trend_down:accelerate      1.54      1.37    1.001%    0.903%   7417/ 7227
           trend_down:late      1.86      1.41    1.563%    0.735%  19216/15985

Q5 多空镜像 (趋势多 vs 趋势空 聚合)
     趋势多(up): n=  115519 顺K占比   57.1% 顺幅  0.749% 逆幅  0.531% 均值  0.2000% 偏度    1.86
     趋势空(dn): n=  120036 顺K占比   42.6% 顺幅  0.587% 逆幅  0.758% 均值 -0.1854% 偏度   -2.19

═══ A4 趋势深度画像 (1h 随机游走对照)═══

Q1 K线构成 (顺K占比/顺逆K均幅/实体占比)
                        状态        n     顺K占比      顺K均幅      逆K均幅     顺实体     逆实体
                     range     7913    50.0%    0.787%    0.806%    0.60    0.61
                transition   310675    50.0%    0.767%    0.763%    0.60    0.60
     trend_down:accelerate    17073    50.2%    0.794%    0.823%    0.62    0.63
          trend_down:early    13177    52.7%    0.859%    0.799%    0.63    0.61
           trend_down:late    71053    36.4%    0.587%    0.832%    0.52    0.63
       trend_up:accelerate    17346    49.3%    0.826%    0.780%    0.62    0.62
            trend_up:early    13387    46.3%    0.809%    0.840%    0.62    0.64
             trend_up:late    70976    63.7%    0.841%    0.576%    0.63    0.51

Q2 收益分布 (单根收益 均值/std/偏度/峰度)
                        状态        均值       std      偏度      峰度
                     range  -0.0096%   0.9936%   -0.02   -0.07
                transition   0.0017%   0.9593%    0.02    0.00
     trend_down:accelerate  -0.0117%   0.9875%   -0.06   -0.30
          trend_down:early   0.0738%   1.0222%   -0.02   -0.24
           trend_down:late  -0.3155%   0.8850%   -0.06    0.09
       trend_up:accelerate   0.0120%   0.9813%    0.12   -0.24
            trend_up:early  -0.0764%   1.0101%    0.12   -0.21
             trend_up:late   0.3265%   0.8859%    0.11    0.10

Q3 推进结构 (顺K段/逆K段 run 统计)
                        状态     顺K段均长     逆K段均长      顺段均幅      逆段均幅      顺段数/逆段数
            trend_up:early      1.35      1.46    0.955%    1.089%   2598/ 2795
       trend_up:accelerate      1.44      1.36    1.066%    0.981%   3718/ 3891
             trend_up:late      2.05      1.40    1.715%    0.816%  20232/17416
          trend_down:early      1.35      1.42    0.919%    1.102%   2588/ 2791
     trend_down:accelerate      1.44      1.36    1.072%    1.015%   3737/ 3890
           trend_down:late      2.05      1.40    1.689%    0.829%  20342/17566

Q5 多空镜像 (趋势多 vs 趋势空 聚合)
     趋势多(up): n=  101709 顺K占比   58.9% 顺幅  0.836% 逆幅  0.664% 均值  0.2199% 偏度    0.05
     趋势空(dn): n=  101303 顺K占比   40.8% 顺幅  0.676% 逆幅  0.827% 均值 -0.2136% 偏度    0.01

═══ A4 趋势深度画像 (4h)═══

Q1 K线构成 (顺K占比/顺逆K均幅/实体占比)
                        状态        n     顺K占比      顺K均幅      逆K均幅     顺实体     逆实体
                     range     2728    49.0%    1.168%    1.152%    0.44    0.42
                transition    64299    49.2%    1.157%    1.129%    0.43    0.42
     trend_down:accelerate     7127    44.7%    1.273%    1.368%    0.43    0.45
          trend_down:early     6532    52.7%    1.270%    1.101%    0.43    0.41
           trend_down:late    16516    37.5%    1.113%    1.634%    0.36    0.44
       trend_up:accelerate     5664    53.9%    1.473%    1.272%    0.47    0.42
            trend_up:early     6345    49.3%    1.195%    1.153%    0.44    0.42
             trend_up:late    16931    61.0%    1.664%    0.984%    0.46    0.36

Q2 收益分布 (单根收益 均值/std/偏度/峰度)
                        状态        均值       std      偏度      峰度
                     range  -0.0150%   1.7609%    0.70    8.22
                transition  -0.0040%   1.7326%    0.67   35.70
     trend_down:accelerate  -0.1885%   1.8067%   -0.07    3.60
          trend_down:early   0.1498%   1.7386%    0.83    7.31
           trend_down:late  -0.6034%   2.1901%   -1.36   12.40
       trend_up:accelerate   0.2064%   1.9305%    0.49    4.05
            trend_up:early   0.0045%   1.6931%    0.40    4.97
             trend_up:late   0.6311%   2.0763%    1.82   11.28

Q3 推进结构 (顺K段/逆K段 run 统计)
                        状态     顺K段均长     逆K段均长      顺段均幅      逆段均幅      顺段数/逆段数
            trend_up:early      1.42      1.47    1.539%    1.558%   1572/ 1606
       trend_up:accelerate      1.52      1.36    2.027%    1.657%   1401/ 1388
             trend_up:late      1.83      1.44    3.022%    1.444%   5025/ 4284
          trend_down:early      1.44      1.53    1.398%    1.778%   1507/ 1587
     trend_down:accelerate      1.61      1.41    2.087%    1.754%   1850/ 1748
           trend_down:late      1.88      1.41    3.085%    1.607%   4844/ 4077

Q5 多空镜像 (趋势多 vs 趋势空 聚合)
     趋势多(up): n=   28940 顺K占比   57.0% 顺幅  1.540% 逆幅  1.088% 均值  0.4106% 偏度    1.41
     趋势空(dn): n=   30175 顺K占比   42.5% 顺幅  1.195% 逆幅  1.479% 均值 -0.3424% 偏度   -0.91

═══ A4 趋势深度画像 (4h 随机游走对照)═══

Q1 K线构成 (顺K占比/顺逆K均幅/实体占比)
                        状态        n     顺K占比      顺K均幅      逆K均幅     顺实体     逆实体
                     range     2001    50.7%    1.594%    1.604%    0.61    0.62
                transition    75664    49.8%    1.501%    1.479%    0.59    0.60
     trend_down:accelerate     4119    50.9%    1.592%    1.598%    0.63    0.63
          trend_down:early     3128    51.7%    1.637%    1.601%    0.62    0.63
           trend_down:late    17466    36.6%    1.148%    1.612%    0.52    0.63
       trend_up:accelerate     4266    49.5%    1.609%    1.524%    0.62    0.62
            trend_up:early     3290    45.7%    1.588%    1.656%    0.61    0.65
             trend_up:late    17466    63.8%    1.643%    1.120%    0.63    0.51

Q2 收益分布 (单根收益 均值/std/偏度/峰度)
                        状态        均值       std      偏度      峰度
                     range   0.0166%   1.9926%   -0.05   -0.03
                transition   0.0054%   1.8715%    0.05    0.03
     trend_down:accelerate   0.0266%   1.9425%   -0.05   -0.38
          trend_down:early   0.0731%   1.9965%    0.03   -0.26
           trend_down:late  -0.6017%   1.7211%   -0.03    0.12
       trend_up:accelerate   0.0267%   1.9120%    0.15   -0.26
            trend_up:early  -0.1733%   1.9767%    0.18   -0.19
             trend_up:late   0.6437%   1.7281%    0.14    0.10

Q3 推进结构 (顺K段/逆K段 run 统计)
                        状态     顺K段均长     逆K段均长      顺段均幅      逆段均幅      顺段数/逆段数
            trend_up:early      1.34      1.43    1.812%    2.086%    626/  685
       trend_up:accelerate      1.45      1.37    2.038%    1.948%    911/  940
             trend_up:late      2.05      1.39    3.333%    1.581%   5017/ 4295
          trend_down:early      1.37      1.44    1.857%    2.133%    595/  647
     trend_down:accelerate      1.45      1.36    2.099%    2.016%    881/  924
           trend_down:late      2.06      1.42    3.310%    1.640%   4971/ 4287

Q5 多空镜像 (趋势多 vs 趋势空 聚合)
     趋势多(up): n=   25022 顺K占比   59.0% 顺幅  1.632% 逆幅  1.298% 均值  0.4311% 偏度    0.08
     趋势空(dn): n=   24713 顺K占比   40.9% 顺幅  1.319% 逆幅  1.609% 均值 -0.4116% 偏度    0.04

