
═══ 真实 ═══
L1 存活曲线 P(段长 ≥ k):
  k=5  98%  k=10 88%  k=15 75%  k=20 60%  k=25 49%  k=30 41%  k=40 26%  k=50 16%  k=60 10%  k=80 4%  k=1001%  
L2 段剧本 (段内位置 × 同向趋势态/transition 占比):
  up:
     同向趋势     [首  ..32% 38% 39% 39% 33%..尾]
     transition [首  ..64% 54% 51% 49% 50%..尾]
  down:
     同向趋势     [首  ..30% 40% 42% 43% 35%..尾]
     transition [首  ..66% 49% 46% 41% 41%..尾]
L3 回撤事件在段内位置 (分位):
  up: n=1957 P10 0.32 中位 0.63 P90 0.86
  down: n=2369 P10 0.29 中位 0.63 P90 0.86

═══ GBM ═══
L1 存活曲线 P(段长 ≥ k):
  k=5  95%  k=10 84%  k=15 69%  k=20 55%  k=25 45%  k=30 36%  k=40 23%  k=50 14%  k=60 9%  k=80 4%  k=1001%  
L2 段剧本 (段内位置 × 同向趋势态/transition 占比):
  up:
     同向趋势     [首  ..21% 34% 38% 36% 32%..尾]
     transition [首  ..75% 61% 54% 54% 54%..尾]
  down:
     同向趋势     [首  ..21% 31% 35% 35% 29%..尾]
     transition [首  ..75% 63% 58% 55% 56%..尾]
L3 回撤事件在段内位置 (分位):
  up: n=2645 P10 0.33 中位 0.65 P90 0.87
  down: n=2710 P10 0.32 中位 0.65 P90 0.88

── 净差 (真实−GBM) ──
L1 存活率: k=15: 75% vs 69% (Δ +6%)  k=25: 49% vs 45% (Δ +4%)  k=40: 26% vs 23% (Δ +3%)  
L2 段剧本 Δ(真实−GBM) 同向趋势占比 [首→尾]:
  up: +11% +5% +1% +2% +1%
  down: +9% +9% +7% +8% +6%
L3 up 回撤位置中位: 真实 0.63 vs GBM 0.65 (Δ -0.02)
L3 down 回撤位置中位: 真实 0.63 vs GBM 0.65 (Δ -0.03)
