
═══ 真实 ═══
D1 4H bar 时间占比 (日线状态): warmup:1% | range:11% | down:46% | up:42%
D2 一致性 × 段命运:
  up 段:
    一致       n= 701 段长中位   22 根 均值 28.8 | 存活(≥25根) 47%
    相反       n=1105 段长中位   23 根 均值 28.3 | 存活(≥25根) 48%
    无日线趋势    n= 212 段长中位   23 根 均值 29.6 | 存活(≥25根) 47%
  down 段:
    一致       n= 826 段长中位   24 根 均值 30.3 | 存活(≥25根) 48%
    相反       n= 938 段长中位   26 根 均值 32.4 | 存活(≥25根) 53%
    无日线趋势    n= 246 段长中位   27 根 均值 34.0 | 存活(≥25根) 57%
D3 日线位置 × 段长 (4H 段起点在日线段的位置):
    早      n=1083 段长中位   24 根
    中      n=1311 段长中位   24 根
    晚      n=1176 段长中位   25 根
    无日线段   n= 458 段长中位   25 根
恢复率:
  一致       n=2497 66.4%
  相反       n=1200 77.3%
  无日线趋势    n= 605 75.7%
  位置早      n=1162 71.1%
  位置中      n=1243 68.9%
  位置晚      n=1095 72.1%

═══ GBM ═══
D1 4H bar 时间占比 (日线状态): warmup:7% | range:13% | up:43% | down:38%
D2 一致性 × 段命运:
  up 段:
    一致       n=1434 段长中位   21 根 均值 27.1 | 存活(≥25根) 43%
    相反       n=1288 段长中位   22 根 均值 28.1 | 存活(≥25根) 44%
    无日线趋势    n= 614 段长中位   23 根 均值 28.8 | 存活(≥25根) 47%
  down 段:
    一致       n=1183 段长中位   23 根 均值 29.3 | 存活(≥25根) 46%
    相反       n=1453 段长中位   22 根 均值 28.4 | 存活(≥25根) 45%
    无日线趋势    n= 619 段长中位   22 根 均值 29.8 | 存活(≥25根) 46%
D3 日线位置 × 段长 (4H 段起点在日线段的位置):
    早      n=1774 段长中位   22 根
    中      n=2009 段长中位   21 根
    晚      n=1575 段长中位   23 根
    无日线段   n=1233 段长中位   23 根
恢复率:
  一致       n=2220 82.8%
  相反       n=2044 84.7%
  无日线趋势    n=1095 83.9%
  位置早      n=1611 84.3%
  位置中      n=1550 83.2%
  位置晚      n=1064 84.1%

── 净差 (真实−GBM) ──
  up/一致: 段长中位 22 vs 21 (Δ +1)
  up/相反: 段长中位 23 vs 22 (Δ +1)
  up/无日线趋势: 段长中位 23 vs 23 (Δ +0)
  down/一致: 段长中位 24 vs 23 (Δ +1)
  down/相反: 段长中位 26 vs 22 (Δ +4)
  down/无日线趋势: 段长中位 27 vs 22 (Δ +5)
  恢复率 一致: 真实 66.4% vs GBM 82.8% → Δ -16.5%
  恢复率 相反: 真实 77.3% vs GBM 84.7% → Δ -7.4%
  恢复率 无日线趋势: 真实 75.7% vs GBM 83.9% → Δ -8.2%
