═══ 1h ═══

  无条件基线 做多: : n=514512 (win 249602 / loss 264910 / 过期 95 / 跳过 185) — WR 48.5% [CI 48.4%–48.6%] 命中率 99.9%
  无条件基线 做空: : n=514512 (win 264910 / loss 249602 / 过期 95 / 跳过 185) — WR 51.5% [CI 51.4%–51.6%] 命中率 99.9%

── S/R 回看 120 根 ──
Q1 触碰后反弹方向 (支撑→做多 / 阻力→做空)
                      支撑触碰→做多×long: n= 26572 WR  48.3% vs 基线 48.5% Δ -0.2%pp [CI 47.7%-48.9%] 2023:51% 2024:47% 2025:48% 2026:48%
                     阻力触碰→做空×short: n= 26661 WR  50.5% vs 基线 51.5% Δ -1.0%pp [CI 49.9%-51.1%] 2023:49% 2024:51% 2025:51% 2026:52%
Q2 破位后延续方向 (支撑破位→做空 / 阻力破位→做多)
                     支撑破位→做空×short: n= 15388 WR  51.5% vs 基线 51.5% Δ +0.1%pp [CI 50.8%-52.3%] 2023:48% 2024:52% 2025:53% 2026:52%
                      阻力破位→做多×long: n= 15549 WR  49.1% vs 基线 48.5% Δ +0.5%pp [CI 48.3%-49.8%] 2023:48% 2024:50% 2025:50% 2026:49%

── S/R 回看 300 根 ──
Q1 触碰后反弹方向 (支撑→做多 / 阻力→做空)
                      支撑触碰→做多×long: n= 42908 WR  48.5% vs 基线 48.5% Δ -0.1%pp [CI 48.0%-48.9%] 2023:51% 2024:47% 2025:48% 2026:48%
                     阻力触碰→做空×short: n= 42720 WR  51.0% vs 基线 51.5% Δ -0.5%pp [CI 50.5%-51.4%] 2023:50% 2024:52% 2025:51% 2026:51%
Q2 破位后延续方向 (支撑破位→做空 / 阻力破位→做多)
                     支撑破位→做空×short: n= 24689 WR  51.3% vs 基线 51.5% Δ -0.2%pp [CI 50.7%-51.9%] 2023:49% 2024:51% 2025:53% 2026:51%
                      阻力破位→做多×long: n= 24622 WR  49.4% vs 基线 48.5% Δ +0.9%pp [CI 48.8%-50.0%] 2023:48% 2024:50% 2025:50% 2026:50%

── S/R 回看 600 根 ──
Q1 触碰后反弹方向 (支撑→做多 / 阻力→做空)
                      支撑触碰→做多×long: n= 59699 WR  48.5% vs 基线 48.5% Δ -0.0%pp [CI 48.1%-48.9%] 2023:50% 2024:48% 2025:48% 2026:48%
                     阻力触碰→做空×short: n= 59653 WR  51.2% vs 基线 51.5% Δ -0.3%pp [CI 50.8%-51.6%] 2023:49% 2024:52% 2025:51% 2026:51%
Q2 破位后延续方向 (支撑破位→做空 / 阻力破位→做多)
                     支撑破位→做空×short: n= 34268 WR  51.5% vs 基线 51.5% Δ -0.0%pp [CI 50.9%-52.0%] 2023:49% 2024:52% 2025:53% 2026:52%
                      阻力破位→做多×long: n= 34414 WR  48.9% vs 基线 48.5% Δ +0.4%pp [CI 48.4%-49.5%] 2023:48% 2024:49% 2025:49% 2026:50%

════════ 随机游走对照 (20 GBM, 真实 OHLC) — 触碰/破位在无信息市场的行为基线 ════════

═══ 1h (随机游走)═══

  无条件基线 做多: : n=525142 (win 262908 / loss 262234 / 过期 1 / 跳过 20) — WR 50.1% [CI 49.9%–50.2%] 命中率 100.0%
  无条件基线 做空: : n=525142 (win 262234 / loss 262908 / 过期 1 / 跳过 20) — WR 49.9% [CI 49.8%–50.1%] 命中率 100.0%

── S/R 回看 120 根 ──
Q1 触碰后反弹方向 (支撑→做多 / 阻力→做空)
                      支撑触碰→做多×long: n= 26898 WR  49.6% vs 基线 50.1% Δ -0.4%pp [CI 49.0%-50.2%] 2023:49% 2024:50% 2025:50%
                     阻力触碰→做空×short: n= 26875 WR  50.0% vs 基线 49.9% Δ +0.1%pp [CI 49.4%-50.6%] 2023:50% 2024:51% 2025:49%
Q2 破位后延续方向 (支撑破位→做空 / 阻力破位→做多)
                     支撑破位→做空×short: n= 16818 WR  50.1% vs 基线 49.9% Δ +0.1%pp [CI 49.3%-50.8%] 2023:50% 2024:50% 2025:50%
                      阻力破位→做多×long: n= 17097 WR  50.1% vs 基线 50.1% Δ +0.0%pp [CI 49.3%-50.8%] 2023:50% 2024:50% 2025:50%

── S/R 回看 300 根 ──
Q1 触碰后反弹方向 (支撑→做多 / 阻力→做空)
                      支撑触碰→做多×long: n= 44302 WR  49.8% vs 基线 50.1% Δ -0.3%pp [CI 49.3%-50.3%] 2023:50% 2024:50% 2025:50%
                     阻力触碰→做空×short: n= 44576 WR  50.0% vs 基线 49.9% Δ +0.1%pp [CI 49.5%-50.5%] 2023:50% 2024:50% 2025:49%
Q2 破位后延续方向 (支撑破位→做空 / 阻力破位→做多)
                     支撑破位→做空×short: n= 27294 WR  50.0% vs 基线 49.9% Δ +0.1%pp [CI 49.5%-50.6%] 2023:50% 2024:50% 2025:50%
                      阻力破位→做多×long: n= 27686 WR  50.3% vs 基线 50.1% Δ +0.2%pp [CI 49.7%-50.9%] 2023:50% 2024:50% 2025:51%

── S/R 回看 600 根 ──
Q1 触碰后反弹方向 (支撑→做多 / 阻力→做空)
                      支撑触碰→做多×long: n= 62456 WR  49.9% vs 基线 50.1% Δ -0.2%pp [CI 49.5%-50.3%] 2023:50% 2024:50% 2025:50%
                     阻力触碰→做空×short: n= 63241 WR  50.2% vs 基线 49.9% Δ +0.2%pp [CI 49.8%-50.6%] 2023:50% 2024:51% 2025:49%
Q2 破位后延续方向 (支撑破位→做空 / 阻力破位→做多)
                     支撑破位→做空×short: n= 38263 WR  50.0% vs 基线 49.9% Δ +0.0%pp [CI 49.5%-50.5%] 2023:50% 2024:50% 2025:50%
                      阻力破位→做多×long: n= 38607 WR  49.9% vs 基线 50.1% Δ -0.1%pp [CI 49.4%-50.4%] 2023:50% 2024:50% 2025:50%

