═══ B2 关键水平位分析 ═══

── 位质量层: 形成触次 ≥2 (n=12769 位) ──
  触碰 683294: 拒绝 327059 (47.9%) | 突破 356235 (52.1%)
  穿透 161787699: 确认 160528484 (99.2%) | 假突破 1259215 (0.8%)
  F1 形成环境: 低 35.9% | 中 32.7% | 高 31.4%
  F3 形成间隔中位 22 根
  E1 触碰前后 ATR: 0.959 → 1.020 (后12根/前12根 = 1.063)
  E2 拒绝后 24根反向位移: 2.054 ATR (偏度 2.57)
  E4 真突破后 24根位移: -0.020 ATR (n=4000000)
  E4 假突破后 24根位移: +0.104 ATR (n=1182754)

── 位质量层: 形成触次 ≥3 (n=12582 位) ──
  触碰 682920: 拒绝 326848 (47.9%) | 突破 356072 (52.1%)
  穿透 159588146: 确认 158337543 (99.2%) | 假突破 1250603 (0.8%)
  F1 形成环境: 低 35.9% | 中 32.7% | 高 31.4%
  F3 形成间隔中位 22 根
  E1 触碰前后 ATR: 0.959 → 1.020 (后12根/前12根 = 1.063)
  E2 拒绝后 24根反向位移: 2.054 ATR (偏度 2.57)
  E4 真突破后 24根位移: -0.023 ATR (n=4000000)
  E4 假突破后 24根位移: +0.104 ATR (n=1175206)

── 位质量层: 形成触次 ≥5 (n=12181 位) ──
  触碰 681506: 拒绝 326140 (47.9%) | 突破 355366 (52.1%)
  穿透 154222787: 确认 152992794 (99.2%) | 假突破 1229993 (0.8%)
  F1 形成环境: 低 35.7% | 中 32.8% | 高 31.5%
  F3 形成间隔中位 22 根
  E1 触碰前后 ATR: 0.959 → 1.020 (后12根/前12根 = 1.063)
  E2 拒绝后 24根反向位移: 2.055 ATR (偏度 2.57)
  E4 真突破后 24根位移: -0.019 ATR (n=4000000)
  E4 假突破后 24根位移: +0.105 ATR (n=1157046)

  无条件 24根反向位移: 2.105 ATR (n=21630)

═══ B2 关键水平位分析 (随机游走对照)═══

── 位质量层: 形成触次 ≥2 (n=6029 位) ──
  触碰 353448: 拒绝 159775 (45.2%) | 突破 193673 (54.8%)
  穿透 77303444: 确认 76591806 (99.1%) | 假突破 711638 (0.9%)
  F1 形成环境: 低 37.0% | 中 28.4% | 高 34.6%
  F3 形成间隔中位 23 根
  E1 触碰前后 ATR: 0.988 → 0.997 (后12根/前12根 = 1.009)
  E2 拒绝后 24根反向位移: 2.716 ATR (偏度 1.03)
  E4 真突破后 24根位移: +0.056 ATR (n=2000000)
  E4 假突破后 24根位移: +0.108 ATR (n=675601)

── 位质量层: 形成触次 ≥3 (n=5931 位) ──
  触碰 353252: 拒绝 159663 (45.2%) | 突破 193589 (54.8%)
  穿透 76150275: 确认 75443107 (99.1%) | 假突破 707168 (0.9%)
  F1 形成环境: 低 37.0% | 中 28.5% | 高 34.5%
  F3 形成间隔中位 23 根
  E1 触碰前后 ATR: 0.988 → 0.997 (后12根/前12根 = 1.009)
  E2 拒绝后 24根反向位移: 2.716 ATR (偏度 1.03)
  E4 真突破后 24根位移: +0.058 ATR (n=2000000)
  E4 假突破后 24根位移: +0.105 ATR (n=671677)

── 位质量层: 形成触次 ≥5 (n=5788 位) ──
  触碰 352747: 拒绝 159430 (45.2%) | 突破 193317 (54.8%)
  穿透 74255442: 确认 73555193 (99.1%) | 假突破 700249 (0.9%)
  F1 形成环境: 低 36.8% | 中 28.7% | 高 34.5%
  F3 形成间隔中位 23 根
  E1 触碰前后 ATR: 0.988 → 0.997 (后12根/前12根 = 1.009)
  E2 拒绝后 24根反向位移: 2.715 ATR (偏度 1.03)
  E4 真突破后 24根位移: +0.060 ATR (n=2000000)
  E4 假突破后 24根位移: +0.102 ATR (n=665573)

  无条件 24根反向位移: 2.752 ATR (n=10920)

