═══ B2c 震荡区间水平位 ═══

  触碰总数 (支撑+阻力): 416467
  触碰时刻 ATR (归一化诊断): 区间内支撑 34.824 | 区间内阻力 40.730 (全样本均值 0.007)
  下沿触碰 (支撑) 后 24 根向上位移:
    区间内: n=22792 均值 2.171 ATR 偏度 2.09 P50 1.60 P90 5.16 | 无条件 2.105
    区间外: n=185511 均值 2.076 ATR 偏度 2.56 P50 1.48 P90 4.99
  上沿触碰 (阻力) 后 24 根向下位移:
    区间内: n=17633 均值 2.247 ATR 偏度 2.04 P50 1.80 P90 5.04 | 无条件 2.123
    区间外: n=190531 均值 2.059 ATR 偏度 2.69 P50 1.52 P90 4.81
  区间内触碰占比: 22792/208303 (10.9%)

═══ B2c 震荡区间水平位 (随机游走对照)═══

  触碰总数 (支撑+阻力): 218300
  触碰时刻 ATR (归一化诊断): 区间内支撑 2.740 | 区间内阻力 2.920 (全样本均值 0.768)
  下沿触碰 (支撑) 后 24 根向上位移:
    区间内: n=7851 均值 3.135 ATR 偏度 0.79 P50 2.75 P90 6.66 | 无条件 2.761
    区间外: n=100178 均值 2.677 ATR 偏度 1.06 P50 2.16 P90 6.21
  上沿触碰 (阻力) 后 24 根向下位移:
    区间内: n=5222 均值 3.053 ATR 偏度 0.67 P50 2.80 P90 6.17 | 无条件 2.580
    区间外: n=105049 均值 2.527 ATR 偏度 0.84 P50 2.13 P90 5.77
  区间内触碰占比: 7851/108029 (7.3%)

