
########## 真实 1h (min_touch=2, tol=0.3) ##########

══════════════════════════════════════════════════════════════════
B3b 真实 1h 参数(min_touch=2, tol=0.3)
══════════════════════════════════════════════════════════════════
无条件方向基线: P(up) 48.8% | P(dn) 50.9%
组                          n       触反方向概率      M1      拒绝
all                   683005        50.2%   50.3%   47.8%
str_区间内                 6817        52.7%   60.4%   62.1%
str_宽成对               218285        50.6%   50.5%   48.0%
str_孤立                310684        49.8%   49.9%   47.1%
range_age<30            1379        51.7%   58.4%   58.9%
range_age30-120         1814        56.1%   62.1%   62.5%
range_age>120           3624        51.5%   60.3%   63.2%
range_vol低              3032        53.3%   59.4%   61.6%
range_vol中              1993        52.9%   60.8%   62.0%
range_vol高              1767        51.7%   61.8%   63.0%
range_new_lowvol         754        53.7%   59.9%   60.6%
X_age30-120_t5-8       18402        50.8%   50.7%   48.1%
X_age30-120_t9+        11219        51.8%   52.0%   50.3%
X_t5-8_age<120         25470        50.9%   50.9%   48.1%
X_t5-8_age>120         23649        50.0%   50.2%   47.3%

══════════════════════════════════════════════════════════════════
B3b GBM 1h 参数(min_touch=2, tol=0.3)
══════════════════════════════════════════════════════════════════
无条件方向基线: P(up) 51.3% | P(dn) 48.7%
组                          n       触反方向概率      M1      拒绝
all                   331345        50.0%   50.0%   45.3%
str_区间内                 1313        52.3%   58.3%   56.9%
str_宽成对               109636        50.6%   50.1%   45.4%
str_孤立                150206        49.6%   49.8%   45.1%
range_age<30             258        58.5%   64.7%   62.4%
range_age30-120          365        51.0%   55.1%   54.2%
range_age>120            690        50.7%   57.7%   56.2%
range_vol低               412        44.4%   50.0%   48.8%
range_vol中               424        53.5%   58.0%   57.5%
range_vol高               470        58.7%   66.6%   64.0%
range_new_lowvol          92   样本不足(<200)
X_age30-120_t5-8        9186        49.7%   49.8%   45.9%
X_age30-120_t9+         6096        50.7%   50.6%   45.4%
X_t5-8_age<120         12960        49.8%   49.9%   45.8%
X_t5-8_age>120         11646        49.5%   49.5%   44.8%

── 净差矩阵 (真实−GBM) 1h 参数(2,0.3) ──
组                       n_真实   n_GBM     Δ方向概率     ΔM1     Δ拒绝
all                   683005  331345      0.2%    0.3%    2.5%
str_区间内                 6817    1313      0.4%    2.1%    5.2%
str_宽成对               218285  109636      0.1%    0.4%    2.7%
str_孤立                310684  150206      0.2%    0.1%    2.0%
range_age<30            1379     258     -6.8%   -6.4%   -3.5%
range_age30-120         1814     365      5.1%    7.1%    8.2%
range_age>120           3624     690      0.7%    2.6%    6.9%
range_vol低              3032     412      8.9%    9.4%   12.8%
range_vol中              1993     424     -0.6%    2.7%    4.4%
range_vol高              1767     470     -7.1%   -4.8%   -1.0%
range_new_lowvol         754      92   n 不足
X_age30-120_t5-8       18402    9186      1.1%    1.0%    2.2%
X_age30-120_t9+        11219    6096      1.1%    1.4%    4.8%
X_t5-8_age<120         25470   12960      1.1%    1.0%    2.3%
X_t5-8_age>120         23649   11646      0.5%    0.7%    2.5%

########## 真实 4h (min_touch=2, tol=0.3) ##########

══════════════════════════════════════════════════════════════════
B3b 真实 4h 参数(min_touch=2, tol=0.3)
══════════════════════════════════════════════════════════════════
无条件方向基线: P(up) 47.7% | P(dn) 52.2%
组                          n       触反方向概率      M1      拒绝
all                   117500        50.2%   50.3%   48.0%
str_区间内                 1674        48.0%   55.0%   57.0%
str_宽成对                40801        50.8%   50.3%   47.7%
str_孤立                 29706        49.9%   50.1%   47.3%
range_age<30             432        49.8%   56.2%   57.4%
range_age30-120          487        47.6%   54.0%   55.6%
range_age>120            755        47.3%   55.0%   57.6%
range_vol低               921        46.8%   52.4%   54.4%
range_vol中               387        46.5%   55.6%   57.1%
range_vol高               350        53.4%   61.4%   64.3%
range_new_lowvol         249        51.4%   57.8%   61.4%
X_age30-120_t5-8        6547        49.4%   49.3%   47.0%
X_age30-120_t9+         3742        49.5%   49.0%   46.9%
X_t5-8_age<120          8882        49.7%   49.6%   47.0%
X_t5-8_age>120          7340        50.4%   50.5%   48.4%

══════════════════════════════════════════════════════════════════
B3b GBM 4h 参数(min_touch=2, tol=0.3)
══════════════════════════════════════════════════════════════════
无条件方向基线: P(up) 49.7% | P(dn) 50.3%
组                          n       触反方向概率      M1      拒绝
all                    61453        49.7%   49.7%   45.2%
str_区间内                  399        53.9%   60.2%   57.4%
str_宽成对                25030        49.7%   49.3%   45.0%
str_孤立                 16776        49.4%   49.2%   44.7%
range_age<30              96   样本不足(<200)
range_age30-120          114   样本不足(<200)
range_age>120            189   样本不足(<200)
range_vol低               115   样本不足(<200)
range_vol中               117   样本不足(<200)
range_vol高               161   样本不足(<200)
range_new_lowvol          25   样本不足(<200)
X_age30-120_t5-8        2944        51.1%   51.6%   46.3%
X_age30-120_t9+         1940        49.8%   49.5%   44.2%
X_t5-8_age<120          4082        50.3%   50.7%   45.8%
X_t5-8_age>120          3373        48.9%   49.1%   43.9%

── 净差矩阵 (真实−GBM) 4h 参数(2,0.3) ──
组                       n_真实   n_GBM     Δ方向概率     ΔM1     Δ拒绝
all                   117500   61453      0.4%    0.7%    2.8%
str_区间内                 1674     399     -5.9%   -5.1%   -0.4%
str_宽成对                40801   25030      1.2%    0.9%    2.7%
str_孤立                 29706   16776      0.5%    0.9%    2.6%
range_age<30             432      96   n 不足
range_age30-120          487     114   n 不足
range_age>120            755     189   n 不足
range_vol低               921     115   n 不足
range_vol中               387     117   n 不足
range_vol高               350     161   n 不足
range_new_lowvol         249      25   n 不足
X_age30-120_t5-8        6547    2944     -1.6%   -2.3%    0.7%
X_age30-120_t9+         3742    1940     -0.4%   -0.5%    2.6%
X_t5-8_age<120          8882    4082     -0.5%   -1.1%    1.2%
X_t5-8_age>120          7340    3373      1.4%    1.5%    4.5%

########## 真实 1h (min_touch=3, tol=0.5) ##########

══════════════════════════════════════════════════════════════════
B3b 真实 1h 参数(min_touch=3, tol=0.5)
══════════════════════════════════════════════════════════════════
无条件方向基线: P(up) 48.8% | P(dn) 50.9%
组                          n       触反方向概率      M1      拒绝
all                   416467        50.2%   50.3%   49.8%
str_区间内                 4396        51.2%   58.7%   61.6%
str_宽成对               123233        50.5%   50.2%   50.0%
str_孤立                228690        50.0%   50.0%   49.1%
range_age<30             959        47.2%   53.8%   55.1%
range_age30-120         1271        54.4%   61.9%   64.9%
range_age>120           2166        51.1%   59.0%   62.5%
range_vol低              1872        50.9%   57.9%   60.9%
range_vol中              1357        49.6%   55.9%   58.7%
range_vol高              1155        53.6%   63.3%   65.8%
range_new_lowvol         512        47.3%   53.5%   55.3%
X_age30-120_t5-8       10916        50.3%   50.8%   50.5%
X_age30-120_t9+         9533        51.2%   50.9%   50.4%
X_t5-8_age<120         19213        50.6%   51.2%   50.7%
X_t5-8_age>120         11233        51.1%   51.7%   50.6%

══════════════════════════════════════════════════════════════════
B3b GBM 1h 参数(min_touch=3, tol=0.5)
══════════════════════════════════════════════════════════════════
无条件方向基线: P(up) 51.3% | P(dn) 48.7%
组                          n       触反方向概率      M1      拒绝
all                   205061        49.9%   50.0%   46.8%
str_区间内                  865        51.4%   57.2%   57.6%
str_宽成对                62213        49.9%   49.7%   46.4%
str_孤立                114620        50.0%   50.0%   46.8%
range_age<30             219        54.8%   63.5%   61.6%
range_age30-120          259        51.0%   54.1%   54.4%
range_age>120            387        49.9%   55.8%   57.4%
range_vol低               286        46.9%   51.4%   52.4%
range_vol中               307        54.4%   59.0%   58.3%
range_vol高               267        53.6%   62.2%   62.9%
range_new_lowvol          74   样本不足(<200)
X_age30-120_t5-8        5242        49.2%   49.5%   45.8%
X_age30-120_t9+         5053        50.9%   50.5%   48.1%
X_t5-8_age<120          9662        49.2%   49.8%   46.4%
X_t5-8_age>120          5890        48.9%   48.8%   46.0%

── 净差矩阵 (真实−GBM) 1h 参数(3,0.5) ──
组                       n_真实   n_GBM     Δ方向概率     ΔM1     Δ拒绝
all                   416467  205061      0.3%    0.3%    3.0%
str_区间内                 4396     865     -0.3%    1.5%    4.0%
str_宽成对               123233   62213      0.6%    0.5%    3.6%
str_孤立                228690  114620      0.1%   -0.0%    2.3%
range_age<30             959     219     -7.6%   -9.7%   -6.6%
range_age30-120         1271     259      3.4%    7.9%   10.5%
range_age>120           2166     387      1.2%    3.1%    5.1%
range_vol低              1872     286      4.0%    6.5%    8.4%
range_vol中              1357     307     -4.8%   -3.1%    0.4%
range_vol高              1155     267      0.0%    1.1%    2.9%
range_new_lowvol         512      74   n 不足
X_age30-120_t5-8       10916    5242      1.1%    1.2%    4.7%
X_age30-120_t9+         9533    5053      0.4%    0.4%    2.3%
X_t5-8_age<120         19213    9662      1.4%    1.4%    4.3%
X_t5-8_age>120         11233    5890      2.2%    2.9%    4.6%

########## 真实 4h (min_touch=3, tol=0.5) ##########

══════════════════════════════════════════════════════════════════
B3b 真实 4h 参数(min_touch=3, tol=0.5)
══════════════════════════════════════════════════════════════════
无条件方向基线: P(up) 47.7% | P(dn) 52.2%
组                          n       触反方向概率      M1      拒绝
all                    72099        50.2%   50.3%   49.9%
str_区间内                 1237        50.3%   58.1%   60.1%
str_宽成对                27456        50.0%   49.2%   48.6%
str_孤立                 23908        50.6%   50.8%   50.0%
range_age<30             333        48.6%   54.1%   57.1%
range_age30-120          363        50.7%   59.8%   60.1%
range_age>120            541        51.0%   59.5%   61.9%
range_vol低               699        49.6%   57.7%   58.9%
range_vol中               275        48.7%   54.9%   56.4%
range_vol高               260        54.2%   63.5%   67.7%
range_new_lowvol         203        46.8%   54.2%   57.1%
X_age30-120_t5-8        3858        50.6%   50.9%   50.8%
X_age30-120_t9+         3228        49.9%   50.0%   50.2%
X_t5-8_age<120          6809        50.7%   51.1%   50.9%
X_t5-8_age>120          3514        50.7%   51.8%   50.6%

══════════════════════════════════════════════════════════════════
B3b GBM 4h 参数(min_touch=3, tol=0.5)
══════════════════════════════════════════════════════════════════
无条件方向基线: P(up) 49.7% | P(dn) 50.3%
组                          n       触反方向概率      M1      拒绝
all                    37909        49.7%   49.7%   46.6%
str_区间内                  318        56.6%   62.9%   64.5%
str_宽成对                14603        49.5%   49.2%   46.1%
str_孤立                 14747        50.2%   49.9%   46.7%
range_age<30              60   样本不足(<200)
range_age30-120           93   样本不足(<200)
range_age>120            165   样本不足(<200)
range_vol低                98   样本不足(<200)
range_vol中               115   样本不足(<200)
range_vol高               105   样本不足(<200)
range_new_lowvol          19   样本不足(<200)
X_age30-120_t5-8        1701        49.1%   49.4%   44.4%
X_age30-120_t9+         1452        50.4%   49.2%   47.3%
X_t5-8_age<120          2995        50.5%   50.7%   46.6%
X_t5-8_age>120          1831        48.0%   47.9%   44.7%

── 净差矩阵 (真实−GBM) 4h 参数(3,0.5) ──
组                       n_真实   n_GBM     Δ方向概率     ΔM1     Δ拒绝
all                    72099   37909      0.5%    0.6%    3.2%
str_区间内                 1237     318     -6.3%   -4.8%   -4.4%
str_宽成对                27456   14603      0.6%   -0.0%    2.5%
str_孤立                 23908   14747      0.4%    0.9%    3.3%
range_age<30             333      60   n 不足
range_age30-120          363      93   n 不足
range_age>120            541     165   n 不足
range_vol低               699      98   n 不足
range_vol中               275     115   n 不足
range_vol高               260     105   n 不足
range_new_lowvol         203      19   n 不足
X_age30-120_t5-8        3858    1701      1.5%    1.4%    6.3%
X_age30-120_t9+         3228    1452     -0.5%    0.7%    2.8%
X_t5-8_age<120          6809    2995      0.2%    0.4%    4.3%
X_t5-8_age>120          3514    1831      2.7%    3.9%    6.0%
