
########## 真实 1h (min_touch=2, tol=0.3) ##########

══════════════════════════════════════════════════════════════════════
B3c 真实 1h 参数(min_touch=2, tol=0.3)
══════════════════════════════════════════════════════════════════════
组                    n    E1端点    E2占优     E3积分    E4摆幅    E5偏度
all             683005   49.3%   50.1%   -0.773   49.2%  -0.024
区间内               6817   48.1%   48.2%   -1.221   49.0%  -0.055
区间内×vol低          3032   48.0%   50.1%   -2.049   49.6%  -0.064
区间内×vol高          1767   48.1%   44.0%   -2.668   47.7%  -0.109
区间内×触≤2           1036   48.0%   47.9%   -4.264   48.7%  -0.062
区间内×触≥3           5781   48.2%   48.3%   -0.676   49.1%  -0.053

══════════════════════════════════════════════════════════════════════
B3c GBM 1h 参数(min_touch=2, tol=0.3)
══════════════════════════════════════════════════════════════════════
组                    n    E1端点    E2占优     E3积分    E4摆幅    E5偏度  无偏性门禁
all            1023494   49.9%   49.9%    0.100   50.0%  -0.003  ⚠偏置
区间内               3427   52.1%   50.9%    0.567   51.4%  -0.006  ⚠偏置
区间内×vol低           991   52.0%   53.3%    1.943   53.8%  -0.023  †稀疏(仅净差)
区间内×vol高          1364   49.9%   48.1%   -2.896   48.8%   0.021  †稀疏(仅净差)
区间内×触≤2            426   58.9%   57.3%    3.840   58.5%   0.015  †稀疏(仅净差)
区间内×触≥3           3001   51.1%   50.0%    0.103   50.4%  -0.009  ⚠偏置

── 净差矩阵 (真实−GBM, 30 种子) 1h 参数(2,0.3) ──
组                  n_真   n_GBM     ΔE1     ΔE2      ΔE3     ΔE4     ΔE5
all             683005 1023494   -0.6%    0.2%   -0.873   -0.8%  -0.020
区间内               6817    3427   -3.9%   -2.6%   -1.788   -2.4%  -0.049
区间内×vol低          3032     991   -3.9%   -3.1%   -3.992   -4.2%  -0.041
区间内×vol高          1767    1364   -1.7%   -4.1%    0.228   -1.1%  -0.130
区间内×触≤2           1036     426  -10.9%   -9.4%   -8.103   -9.7%  -0.077
区间内×触≥3           5781    3001   -2.9%   -1.7%   -0.779   -1.3%  -0.045

── E6 区间内触碰后逐根均值曲线 (ATR 归一) 1h 参数(2,0.3) ──
   k       真实      GBM        Δ       真实      GBM        Δ       真实      GBM        Δ       真实      GBM        Δ       真实      GBM        Δ       真实      GBM        Δ       真实      GBM        Δ
   1   -0.010   -0.003   -0.008
   2   -0.028   -0.013   -0.015
   4   -0.046   -0.013   -0.034
   8   -0.014   -0.026    0.011
  12   -0.055    0.035   -0.091
  18   -0.059    0.057   -0.117
  24   -0.073    0.098   -0.171

########## 真实 4h (min_touch=2, tol=0.3) ##########

══════════════════════════════════════════════════════════════════════
B3c 真实 4h 参数(min_touch=2, tol=0.3)
══════════════════════════════════════════════════════════════════════
组                    n    E1端点    E2占优     E3积分    E4摆幅    E5偏度
all             117500   47.8%   49.5%   -1.210   48.6%  -0.042
区间内               1674   48.0%   50.1%   -1.351   48.3%  -0.125
区间内×vol低           921   51.6%   53.6%    2.024   53.1%  -0.065
区间内×vol高           350   45.4%   44.0%   -4.033   41.7%  -0.153
区间内×触≤2            308   51.0%   55.8%    5.385   50.6%  -0.073
区间内×触≥3           1366   47.3%   48.8%   -2.869   47.7%  -0.136

══════════════════════════════════════════════════════════════════════
B3c GBM 4h 参数(min_touch=2, tol=0.3)
══════════════════════════════════════════════════════════════════════
组                    n    E1端点    E2占优     E3积分    E4摆幅    E5偏度  无偏性门禁
all             178271   50.1%   50.0%   -0.049   50.1%  -0.004  ✓无偏
区间内               1239   50.6%   49.7%    1.636   49.1%   0.012  †稀疏(仅净差)
区间内×vol低           393   52.9%   54.2%    7.220   53.2%   0.017  †稀疏(仅净差)
区间内×vol高           433   48.5%   48.3%   -1.651   45.5%   0.009  †稀疏(仅净差)
区间内×触≤2            166   n 不足
区间内×触≥3           1073   50.0%   49.5%    1.027   48.6%   0.008  †稀疏(仅净差)

── 净差矩阵 (真实−GBM, 30 种子) 4h 参数(2,0.3) ──
组                  n_真   n_GBM     ΔE1     ΔE2      ΔE3     ΔE4     ΔE5
all             117500  178271   -2.2%   -0.5%   -1.160   -1.5%  -0.037
区间内               1674    1239   -2.6%    0.3%   -2.986   -0.8%  -0.137
区间内×vol低           921     393   -1.4%   -0.6%   -5.196   -0.1%  -0.082
区间内×vol高           350     433   -3.1%   -4.3%   -2.382   -3.8%  -0.161
区间内×触≤2            308     166   n 不足
区间内×触≥3           1366    1073   -2.7%   -0.7%   -3.896   -0.8%  -0.144

── E6 区间内触碰后逐根均值曲线 (ATR 归一) 4h 参数(2,0.3) ──
   k       真实      GBM        Δ       真实      GBM        Δ       真实      GBM        Δ       真实      GBM        Δ       真实      GBM        Δ       真实      GBM        Δ       真实      GBM        Δ
   1    0.008   -0.001    0.008
   2   -0.010   -0.011    0.001
   4   -0.022    0.025   -0.047
   8   -0.058    0.069   -0.127
  12   -0.123    0.103   -0.226
  18   -0.028    0.094   -0.122
  24   -0.071    0.102   -0.173

########## 真实 1h (min_touch=3, tol=0.5) ##########

══════════════════════════════════════════════════════════════════════
B3c 真实 1h 参数(min_touch=3, tol=0.5)
══════════════════════════════════════════════════════════════════════
组                    n    E1端点    E2占优     E3积分    E4摆幅    E5偏度
all             416467   49.3%   50.1%   -0.758   49.2%  -0.022
区间内               4396   46.7%   48.2%   -3.017   48.0%  -0.085
区间内×vol低          1872   46.1%   48.3%   -5.617   47.0%  -0.134
区间内×vol高          1155   50.9%   49.7%   -0.929   49.4%  -0.071
区间内×触≤2            711   48.8%   52.7%   -1.059   51.6%  -0.102
区间内×触≥3           3685   46.2%   47.4%   -3.394   47.4%  -0.081

══════════════════════════════════════════════════════════════════════
B3c GBM 1h 参数(min_touch=3, tol=0.5)
══════════════════════════════════════════════════════════════════════
组                    n    E1端点    E2占优     E3积分    E4摆幅    E5偏度  无偏性门禁
all             632525   49.9%   50.0%    0.074   50.0%  -0.002  ✓无偏
区间内               2272   50.9%   49.7%   -0.787   48.3%  -0.025  ⚠偏置
区间内×vol低           694   46.1%   49.0%   -4.092   47.0%  -0.055  †稀疏(仅净差)
区间内×vol高           855   50.8%   48.3%   -2.875   46.9%  -0.013  †稀疏(仅净差)
区间内×触≤2            355   52.4%   48.7%   -3.775   49.0%  -0.010  †稀疏(仅净差)
区间内×触≥3           1917   50.6%   49.9%   -0.233   48.2%  -0.028  †稀疏(仅净差)

── 净差矩阵 (真实−GBM, 30 种子) 1h 参数(3,0.5) ──
组                  n_真   n_GBM     ΔE1     ΔE2      ΔE3     ΔE4     ΔE5
all             416467  632525   -0.6%    0.1%   -0.832   -0.8%  -0.020
区间内               4396    2272   -4.2%   -1.5%   -2.230   -0.3%  -0.060
区间内×vol低          1872     694   -0.0%   -0.7%   -1.526    0.0%  -0.079
区间内×vol高          1155     855    0.1%    1.4%    1.946    2.5%  -0.058
区间内×触≤2            711     355   -3.6%    4.0%    2.716    2.6%  -0.092
区间内×触≥3           3685    1917   -4.4%   -2.6%   -3.161   -0.8%  -0.054

── E6 区间内触碰后逐根均值曲线 (ATR 归一) 1h 参数(3,0.5) ──
   k       真实      GBM        Δ       真实      GBM        Δ       真实      GBM        Δ       真实      GBM        Δ       真实      GBM        Δ       真实      GBM        Δ       真实      GBM        Δ
   1    0.004   -0.008    0.012
   2   -0.003   -0.019    0.016
   4   -0.014   -0.004   -0.009
   8   -0.048   -0.109    0.061
  12   -0.111   -0.100   -0.011
  18   -0.189   -0.015   -0.175
  24   -0.310    0.090   -0.401

########## 真实 4h (min_touch=3, tol=0.5) ##########

══════════════════════════════════════════════════════════════════════
B3c 真实 4h 参数(min_touch=3, tol=0.5)
══════════════════════════════════════════════════════════════════════
组                    n    E1端点    E2占优     E3积分    E4摆幅    E5偏度
all              72099   47.9%   49.4%   -1.263   48.5%  -0.042
区间内               1237   50.9%   51.9%    0.808   51.7%  -0.100
区间内×vol低           699   50.5%   52.6%    0.155   52.8%  -0.164
区间内×vol高           260   52.7%   48.5%    2.983   50.4%   0.019
区间内×触≤2            237   52.3%   54.0%    6.321   55.3%  -0.025
区间内×触≥3           1000   50.6%   51.4%   -0.499   50.9%  -0.118

══════════════════════════════════════════════════════════════════════
B3c GBM 4h 参数(min_touch=3, tol=0.5)
══════════════════════════════════════════════════════════════════════
组                    n    E1端点    E2占优     E3积分    E4摆幅    E5偏度  无偏性门禁
all             109514   50.2%   50.0%   -0.137   50.0%  -0.006  ⚠偏置
区间内                767   50.5%   50.3%    1.725   48.6%  -0.013  †稀疏(仅净差)
区间内×vol低           219   54.3%   56.6%    9.957   56.2%   0.007  †稀疏(仅净差)
区间内×vol高           278   48.9%   50.7%   -0.900   46.0%  -0.011  †稀疏(仅净差)
区间内×触≤2            119   n 不足
区间内×触≥3            648   50.6%   49.7%    1.993   48.3%  -0.016  †稀疏(仅净差)

── 净差矩阵 (真实−GBM, 30 种子) 4h 参数(3,0.5) ──
组                  n_真   n_GBM     ΔE1     ΔE2      ΔE3     ΔE4     ΔE5
all              72099  109514   -2.3%   -0.6%   -1.126   -1.5%  -0.036
区间内               1237     767    0.5%    1.6%   -0.917    3.1%  -0.087
区间内×vol低           699     219   -3.8%   -4.0%   -9.802   -3.4%  -0.172
区间内×vol高           260     278    3.8%   -2.3%    3.884    4.3%   0.030
区间内×触≤2            237     119   n 不足
区间内×触≥3           1000     648   -0.0%    1.7%   -2.492    2.6%  -0.102

── E6 区间内触碰后逐根均值曲线 (ATR 归一) 4h 参数(3,0.5) ──
   k       真实      GBM        Δ       真实      GBM        Δ       真实      GBM        Δ       真实      GBM        Δ       真实      GBM        Δ       真实      GBM        Δ       真实      GBM        Δ
   1    0.017   -0.011    0.028
   2   -0.008   -0.018    0.010
   4    0.001   -0.012    0.012
   8    0.068    0.053    0.015
  12    0.037    0.075   -0.038
  18    0.051    0.111   -0.059
  24   -0.007    0.203   -0.210
