
########## 真实 1h (min_touch=2, tol=0.3) ##########

══════════════════════════════════════════════════════════════════════
B3d 真实 1h 参数(min_touch=2, tol=0.3)
══════════════════════════════════════════════════════════════════════
  w= 6: 触碰留存 54.8% (n=6792) | 全体区间bar 48.7% (n=28915)
  w=12: 触碰留存 46.6% (n=6792) | 全体区间bar 40.2% (n=28915)
  w=24: 触碰留存 37.5% (n=6792) | 全体区间bar 31.7% (n=28915)

══════════════════════════════════════════════════════════════════════
B3d GBM 1h 参数(min_touch=2, tol=0.3)
══════════════════════════════════════════════════════════════════════
  w= 6: 触碰留存 49.5% (n=3291) | 全体区间bar 37.4% (n=31290)
  w=12: 触碰留存 42.2% (n=3291) | 全体区间bar 30.2% (n=31290)
  w=24: 触碰留存 33.2% (n=3291) | 全体区间bar 23.4% (n=31290)

── 净差 (真实−GBM) 1h 参数(2,0.3) ──
  w     触碰n真    触碰nG      Δ触碰     全体n真    全体nG      Δ全体
  6     6792     3291     5.3%    28915    31290    11.3%
 12     6792     3291     4.4%    28915    31290    10.1%
 24     6792     3291     4.4%    28915    31290     8.2%
P2 触碰后剩余存续 (根): 真实 中位 6 均值 12.2 | GBM 中位 4 均值 7.2 | Δ均值 +5.0 (n 真 6792, GBM 3291)
P4 趋势 × 区间内触碰反向概率 (真实 | GBM | Δ):
  涨: 52.3% | 53.9% | Δ -1.6%
  跌: 53.1% | 55.3% | Δ -2.2%
  中性: n 真 4 / GBM 0 不足

########## 真实 4h (min_touch=2, tol=0.3) ##########

══════════════════════════════════════════════════════════════════════
B3d 真实 4h 参数(min_touch=2, tol=0.3)
══════════════════════════════════════════════════════════════════════
  w= 6: 触碰留存 57.1% (n=1658) | 全体区间bar 47.8% (n=10202)
  w=12: 触碰留存 48.1% (n=1658) | 全体区间bar 39.2% (n=10202)
  w=24: 触碰留存 37.6% (n=1658) | 全体区间bar 30.9% (n=10202)

══════════════════════════════════════════════════════════════════════
B3d GBM 4h 参数(min_touch=2, tol=0.3)
══════════════════════════════════════════════════════════════════════
  w= 6: 触碰留存 48.5% (n=1054) | 全体区间bar 38.0% (n=11314)
  w=12: 触碰留存 40.4% (n=1054) | 全体区间bar 30.2% (n=11314)
  w=24: 触碰留存 31.6% (n=1054) | 全体区间bar 23.4% (n=11314)

── 净差 (真实−GBM) 4h 参数(2,0.3) ──
  w     触碰n真    触碰nG      Δ触碰     全体n真    全体nG      Δ全体
  6     1658     1054     8.5%    10202    11314     9.8%
 12     1658     1054     7.7%    10202    11314     8.9%
 24     1658     1054     6.0%    10202    11314     7.4%
P2 触碰后剩余存续 (根): 真实 中位 6 均值 12.9 | GBM 中位 4 均值 8.1 | Δ均值 +4.8 (n 真 1658, GBM 1054)
P4 趋势 × 区间内触碰反向概率 (真实 | GBM | Δ):
  涨: 47.4% | 57.6% | Δ -10.2%
  跌: 48.9% | 51.1% | Δ -2.2%
  中性: n 真 0 / GBM 0 不足

########## 真实 1h (min_touch=3, tol=0.5) ##########

══════════════════════════════════════════════════════════════════════
B3d 真实 1h 参数(min_touch=3, tol=0.5)
══════════════════════════════════════════════════════════════════════
  w= 6: 触碰留存 57.1% (n=4384) | 全体区间bar 52.0% (n=18787)
  w=12: 触碰留存 49.0% (n=4384) | 全体区间bar 43.3% (n=18787)
  w=24: 触碰留存 39.6% (n=4384) | 全体区间bar 34.3% (n=18787)

══════════════════════════════════════════════════════════════════════
B3d GBM 1h 参数(min_touch=3, tol=0.5)
══════════════════════════════════════════════════════════════════════
  w= 6: 触碰留存 49.0% (n=1964) | 全体区间bar 40.0% (n=19307)
  w=12: 触碰留存 41.2% (n=1964) | 全体区间bar 32.2% (n=19307)
  w=24: 触碰留存 32.3% (n=1964) | 全体区间bar 25.1% (n=19307)

── 净差 (真实−GBM) 1h 参数(3,0.5) ──
  w     触碰n真    触碰nG      Δ触碰     全体n真    全体nG      Δ全体
  6     4384     1964     8.2%    18787    19307    12.0%
 12     4384     1964     7.8%    18787    19307    11.1%
 24     4384     1964     7.2%    18787    19307     9.2%
P2 触碰后剩余存续 (根): 真实 中位 4 均值 8.4 | GBM 中位 3 均值 6.5 | Δ均值 +1.9 (n 真 4384, GBM 1964)
P4 趋势 × 区间内触碰反向概率 (真实 | GBM | Δ):
  涨: 50.2% | 54.6% | Δ -4.4%
  跌: 51.9% | 54.5% | Δ -2.6%
  中性: n 真 4 / GBM 0 不足

########## 真实 4h (min_touch=3, tol=0.5) ##########

══════════════════════════════════════════════════════════════════════
B3d 真实 4h 参数(min_touch=3, tol=0.5)
══════════════════════════════════════════════════════════════════════
  w= 6: 触碰留存 56.2% (n=1234) | 全体区间bar 51.1% (n=6669)
  w=12: 触碰留存 46.4% (n=1234) | 全体区间bar 42.4% (n=6669)
  w=24: 触碰留存 36.8% (n=1234) | 全体区间bar 33.4% (n=6669)

══════════════════════════════════════════════════════════════════════
B3d GBM 4h 参数(min_touch=3, tol=0.5)
══════════════════════════════════════════════════════════════════════
  w= 6: 触碰留存 47.1% (n=764) | 全体区间bar 40.6% (n=7310)
  w=12: 触碰留存 39.4% (n=764) | 全体区间bar 32.7% (n=7310)
  w=24: 触碰留存 30.6% (n=764) | 全体区间bar 25.5% (n=7310)

── 净差 (真实−GBM) 4h 参数(3,0.5) ──
  w     触碰n真    触碰nG      Δ触碰     全体n真    全体nG      Δ全体
  6     1234      764     9.1%     6669     7310    10.5%
 12     1234      764     6.9%     6669     7310     9.7%
 24     1234      764     6.2%     6669     7310     8.0%
P2 触碰后剩余存续 (根): 真实 中位 5 均值 9.5 | GBM 中位 3 均值 5.7 | Δ均值 +3.7 (n 真 1234, GBM 764)
P4 趋势 × 区间内触碰反向概率 (真实 | GBM | Δ):
  涨: 50.9% | 55.5% | Δ -4.6%
  跌: 49.9% | 51.4% | Δ -1.5%
  中性: n 真 0 / GBM 0 不足
