
########## 真实 1h (min_touch=2, tol=0.3) ##########

══════════════════════════════════════════════════════════════════════════════
B4 真实 1h 参数(min_touch=2, tol=0.3)
══════════════════════════════════════════════════════════════════════════════
   T   W           多(触下沿)           空(触上沿)           合并(向内)
 0.3   6 n=3648 胜率51.5% 期望+0.030 n=3169 胜率32.8% 期望-0.101 n=6817 胜率42.8% 期望-0.031
 0.3  12 n=3648 胜率51.5% 期望+0.030 n=3169 胜率41.7% 期望-0.117 n=6817 胜率46.9% 期望-0.039
 0.3  24 n=3648 胜率51.5% 期望+0.030 n=3169 胜率44.4% 期望-0.107 n=6817 胜率48.2% 期望-0.034
 0.5   6 n=3648 胜率49.9% 期望+0.001 n=3169 胜率27.0% 期望-0.082 n=6817 胜率39.3% 期望-0.038
 0.5  12 n=3648 胜率50.1% 期望+0.002 n=3169 胜率38.8% 期望-0.111 n=6817 胜率44.8% 期望-0.051
 0.5  24 n=3648 胜率50.1% 期望+0.002 n=3169 胜率44.0% 期望-0.107 n=6817 胜率47.2% 期望-0.049
 0.7   6 n=3648 胜率48.6% 期望+0.004 n=3169 胜率22.0% 期望-0.068 n=6817 胜率36.2% 期望-0.029
 0.7  12 n=3648 胜率50.4% 期望+0.011 n=3169 胜率35.0% 期望-0.115 n=6817 胜率43.2% 期望-0.048
 0.7  24 n=3648 胜率50.6% 期望+0.012 n=3169 胜率42.8% 期望-0.114 n=6817 胜率47.0% 期望-0.046
 1.0   6 n=3648 胜率42.5% 期望-0.006 n=3169 胜率16.7% 期望-0.037 n=6817 胜率30.5% 期望-0.021
 1.0  12 n=3648 胜率47.8% 期望-0.010 n=3169 胜率29.6% 期望-0.077 n=6817 胜率39.3% 期望-0.041
 1.0  24 n=3648 胜率49.8% 期望-0.001 n=3169 胜率40.4% 期望-0.088 n=6817 胜率45.4% 期望-0.041

══════════════════════════════════════════════════════════════════════════════
B4 GBM 1h 参数(min_touch=2, tol=0.3)
══════════════════════════════════════════════════════════════════════════════
   T   W           多(触下沿)           空(触上沿)           合并(向内)
 0.3   6 n=1456 胜率51.1% 期望+0.022 n=1574 胜率36.1% 期望-0.170 n=3030 胜率43.3% 期望-0.078
 0.3  12 n=1456 胜率51.1% 期望+0.022 n=1574 胜率40.4% 期望-0.181 n=3030 胜率45.5% 期望-0.083
 0.3  24 n=1456 胜率51.1% 期望+0.022 n=1574 胜率40.9% 期望-0.182 n=3030 胜率45.8% 期望-0.084
 0.5   6 n=1456 胜率51.2% 期望+0.025 n=1574 胜率30.4% 期望-0.184 n=3030 胜率40.4% 期望-0.083
 0.5  12 n=1456 胜率51.2% 期望+0.025 n=1574 胜率37.7% 期望-0.213 n=3030 胜率44.2% 期望-0.099
 0.5  24 n=1456 胜率51.2% 期望+0.025 n=1574 胜率38.9% 期望-0.220 n=3030 胜率44.9% 期望-0.103
 0.7   6 n=1456 胜率52.6% 期望+0.058 n=1574 胜率25.8% 期望-0.163 n=3030 胜率38.7% 期望-0.057
 0.7  12 n=1456 胜率52.9% 期望+0.058 n=1574 胜率36.3% 期望-0.205 n=3030 胜率44.3% 期望-0.079
 0.7  24 n=1456 胜率52.9% 期望+0.058 n=1574 胜率39.2% 期望-0.214 n=3030 胜率45.8% 期望-0.083
 1.0   6 n=1456 胜率52.3% 期望+0.091 n=1574 胜率18.8% 期望-0.162 n=3030 胜率34.9% 期望-0.041
 1.0  12 n=1456 胜率54.6% 期望+0.092 n=1574 胜率30.9% 期望-0.218 n=3030 胜率42.3% 期望-0.069
 1.0  24 n=1456 胜率54.6% 期望+0.092 n=1574 胜率37.5% 期望-0.234 n=3030 胜率45.7% 期望-0.077

── 净差 (真实−GBM) 1h 参数(2,0.3) ──
   T   W      Δ多胜率      Δ空胜率      Δ合并胜率      Δ合并期望
 0.3   6      0.4%     -3.3%      -0.5%      0.047
 0.3  12      0.4%      1.3%       1.4%      0.045
 0.3  24      0.4%      3.5%       2.4%      0.050
 0.5   6     -1.4%     -3.4%      -1.2%      0.046
 0.5  12     -1.2%      1.1%       0.6%      0.048
 0.5  24     -1.2%      5.0%       2.4%      0.054
 0.7   6     -4.0%     -3.8%      -2.5%      0.028
 0.7  12     -2.5%     -1.3%      -1.0%      0.031
 0.7  24     -2.3%      3.6%       1.2%      0.037
 1.0   6     -9.8%     -2.1%      -4.4%      0.020
 1.0  12     -6.8%     -1.4%      -3.0%      0.028
 1.0  24     -4.8%      2.9%      -0.3%      0.036
