
══════════════════════════════════════════════════════════════════════════
B5 真实 (1h, mt=2, tol=0.3)
══════════════════════════════════════════════════════════════════════════
组合                           n     D1沿趋势     顺势P50     逆势P50
中性                      354889     48.8%      3.07      0.51 (无条件基线)
涨_resistance             78364     46.2%      1.41      1.58
涨_support                74235     46.5%      1.41      1.58
跌_resistance             85528     47.2%      1.41      1.46
跌_support                89989     46.9%      1.39      1.48

── 突破延续 (确认突破后 24 根顺突破方向位移, ATR 归一) ──
  中性_resistance: n=47419258 均值 -0.057 ATR
  中性_support: n=42463858 均值 -0.019 ATR
  涨_resistance: n=19931199 均值 -0.017 ATR
  涨_support: n=17001712 均值 -0.054 ATR
  跌_resistance: n=19853004 均值 -0.106 ATR
  跌_support: n=18461704 均值 +0.014 ATR

══════════════════════════════════════════════════════════════════════════
B5 GBM (1h, mt=2, tol=0.3)
══════════════════════════════════════════════════════════════════════════
组合                           n     D1沿趋势     顺势P50     逆势P50
中性                      670792     50.2%      4.07      0.79 (无条件基线)
涨_resistance             98009     49.7%      2.27      2.22
涨_support                91339     49.6%      2.26      2.23
跌_resistance             91570     49.2%      2.07      2.19
跌_support                93135     49.3%      2.08      2.18

── 突破延续 (确认突破后 24 根顺突破方向位移, ATR 归一) ──
  中性_resistance: n=76410703 均值 +0.079 ATR
  中性_support: n=73613200 均值 -0.196 ATR
  涨_resistance: n=24451121 均值 +0.037 ATR
  涨_support: n=22460482 均值 -0.143 ATR
  跌_resistance: n=22564538 均值 +0.094 ATR
  跌_support: n=22480806 均值 -0.178 ATR

── 净差 (真实−GBM) ──
组合                         n_真     n_G      ΔD1    Δ顺势P50    Δ逆势P50
涨_resistance             78364   98009    -3.5%    -0.853    -0.641
涨_support                74235   91339    -3.1%    -0.846    -0.651
跌_resistance             85528   91570    -2.0%    -0.665    -0.730
跌_support                89989   93135    -2.4%    -0.689    -0.700

── 突破延续净差 (真实−GBM, 均值) ──
  中性_resistance: Δ均值 -0.136 ATR (n 47419258/76410703)
  中性_support: Δ均值 +0.177 ATR (n 42463858/73613200)
  涨_resistance: Δ均值 -0.055 ATR (n 19931199/24451121)
  涨_support: Δ均值 +0.089 ATR (n 17001712/22460482)
  跌_resistance: Δ均值 -0.200 ATR (n 19853004/22564538)
  跌_support: Δ均值 +0.193 ATR (n 18461704/22480806)
