/usr/local/lib/python3.10/dist-packages/statsmodels/tsa/stattools.py:1556: FutureWarning: verbose is deprecated since functions should not print results
  warnings.warn(
═══ A1.5 市场记忆结构 (描述性, 无未来函数) ═══

① 影响窗口 (两个口径):
   显著窗口 = 自相关仍显著 (|ACF|>1.96/√n) 的最远 lag — 弱相关长尾也计入
   半衰期 = ACF 首次 <0.5 的 lag (仅 ACF@1>0.5 的序列有意义)

        序列 |      1h 显著窗口 |      4h 显著窗口 |           1h 半衰期 |             4h 半衰期
--------------------------------------------------------------------------------
       |r| |          168 |          168 |          —(<0.5) |            —(<0.5)
        r2 |          168 |          168 |          —(<0.5) |            —(<0.5)
  log(ATR) |          168 |          168 |     >168根(>168h) |       >168根(>672h)
     range |          168 |          168 |           2根(2h) |            —(<0.5)
      body |          168 |          168 |          —(<0.5) |            —(<0.5)
    volume |          168 |          168 |           2根(2h) |             2根(8h)
   log vol |          168 |          168 |           6根(6h) |            4根(16h)

   时间对齐检查 (log(ATR) 半衰期): —(168根内均未跌破0.5, 无法比较) — 若按时间对齐应接近, 差异大=多尺度

   ACF 采样 (lag: 1/4/16/64/128):
          |r|: 1h[0.262 0.162 0.119 0.076 0.052]  4h[0.205 0.118 0.080 0.055 0.031]
     log(ATR): 1h[0.998 0.989 0.950 0.855 0.817]  4h[0.998 0.987 0.937 0.819 0.744]
        range: 1h[0.516 0.308 0.224 0.148 0.102]  4h[0.405 0.252 0.158 0.094 0.060]

② PACF 直接影响窗口 (Levinson-Durbin; 显著阈值 ±1.96/√n)
   '直接影响' = 排除中间 lag 传导后仍有自相关; 看显著 lag 的最远范围

          |r|: 1h: 显著最远lag中位 48 (标的区间 43-48) | 4h: 显著最远lag中位 43 (标的区间 42-48)
     log(ATR): 1h: 显著最远lag中位 48 (标的区间 48-48) | 4h: 显著最远lag中位 43 (标的区间 43-47)

③ DFA-Hurst (H>0.5 趋势记忆 / <0.5 均值回归 / ≈0.5 无记忆)
   收益 DFA = log价格累计 (随机游走应≈0.5)
   波动 DFA = |r| 累计 (波动能量长记忆应 >0.5; 不用 log(ATR) 避免 ewm 平滑伪影)

   1h 收益: H = 0.487 (标的 0.464-0.505)
   1h 波动(|r|累计): H = 0.798 (标的 0.769-0.846)
   4h 收益: H = 0.484 (标的 0.442-0.518)
   4h 波动(|r|累计): H = 0.744 (标的 0.699-0.817)

④ 小波 DWT 能量谱 (db4, level=5) — 波动由哪些时间尺度驱动
   1h: 细节层 2/4/8/16/32h + 近似层>32h; 4h: ×4 换算

   1h: 近似>32h:99.6%  细节32h:0.2%  细节16h:0.1%  细节8h:0.0%  细节4h:0.0%  细节2h:0.0%
   4h: 近似>128h:99.6%  细节128h:0.2%  细节64h:0.1%  细节32h:0.0%  细节16h:0.0%  细节8h:0.0%

⑤ Granger 因果 (过去→现在, 单向; maxlag=12, p<0.01 视为显著)
   量能→波动 |r|, 范围→波动 |r|; 报告显著标的占比 (20 标的)

   1h volume→波动: 20/20 标的显著 (最佳lag中位 1)
   1h range→波动: 20/20 标的显著 (最佳lag中位 1)
   4h volume→波动: 20/20 标的显著 (最佳lag中位 1)
   4h range→波动: 20/20 标的显著 (最佳lag中位 2)

⑥ 波动状态持续性 (ATR 三分位: 低/中/高)
   转移矩阵 = 状态在下一根保持的概率; 平均持续时长 (根 / 时间)

   1h 转移矩阵 (行=当前, 列=下一根, 均值):
     低波动: [0.98 0.02 0.00] 自保持 0.98 | 平均持续 58根(58.41964507231719h) | 占比 33%
     中波动: [0.02 0.96 0.02] 自保持 0.96 | 平均持续 26根(26.435857416464017h) | 占比 33%
     高波动: [0.00 0.02 0.98] 自保持 0.98 | 平均持续 50根(49.66221267332486h) | 占比 33%

   4h 转移矩阵 (行=当前, 列=下一根, 均值):
     低波动: [0.98 0.02 0.00] 自保持 0.98 | 平均持续 56根(222.87016719493718h) | 占比 33%
     中波动: [0.02 0.95 0.02] 自保持 0.95 | 平均持续 25根(99.77397941210063h) | 占比 33%
     高波动: [0.00 0.02 0.98] 自保持 0.98 | 平均持续 47根(188.7798198191773h) | 占比 33%

═══ 完成 ═══
