═══ A1a 方向记忆: 过去 W 根动量 → 未来 W 根方向 条件命中率 ═══
(基线 = 无条件上涨概率; Δpp = 条件-基线; 正 Δpp 才有预测力)

── 1h ──
   W        n    条件WR     基线    Δpp            95%CI  分年
   2   512280   47.9%  49.9%  -2.0% [47.8%-48.1%] 2023:47.0% 2024:47.7% 2025:48.2% 2026:48.4%
   5   515292   48.8%  49.6%  -0.8% [48.7%-49.0%] 2023:46.9% 2024:48.3% 2025:50.0% 2026:49.0%
  10   516628   49.3%  49.5%  -0.2% [49.2%-49.5%] 2023:48.3% 2024:49.4% 2025:49.8% 2026:49.1%
  20   517428   48.4%  49.0%  -0.6% [48.3%-48.5%] 2023:48.6% 2024:48.5% 2025:48.1% 2026:48.5%
  40   517253   49.1%  49.2%  -0.0% [49.0%-49.3%] 2023:48.5% 2024:51.1% 2025:47.9% 2026:48.2%
  80   516308   48.9%  48.3%  +0.6% [48.7%-49.0%] 2023:50.5% 2024:50.2% 2025:46.6% 2026:49.3%
 160   513415   47.9%  47.1%  +0.9% [47.8%-48.1%] 2023:49.7% 2024:46.6% 2025:46.7% 2026:51.3%

── 4h ──
   W        n    条件WR     基线    Δpp            95%CI  分年
   2   129118   48.9%  49.5%  -0.6% [48.7%-49.2%] 2023:48.0% 2024:48.6% 2025:49.7% 2026:48.7%
   5   129384   48.5%  49.0%  -0.5% [48.2%-48.7%] 2023:48.7% 2024:48.4% 2025:48.2% 2026:48.9%
  10   129326   49.3%  49.1%  +0.2% [49.0%-49.6%] 2023:48.9% 2024:51.2% 2025:48.3% 2026:47.9%
  20   129088   49.0%  48.2%  +0.8% [48.7%-49.3%] 2023:50.9% 2024:50.3% 2025:46.8% 2026:49.3%
  40   128368   47.9%  47.0%  +0.9% [47.6%-48.2%] 2023:49.7% 2024:46.6% 2025:46.8% 2026:51.2%
  80   126810   49.8%  46.6%  +3.2% [49.5%-50.1%] 2023:57.0% 2024:47.6% 2025:50.5% 2026:48.1%
 160   123662   50.6%  46.3%  +4.3% [50.3%-50.9%] 2023:61.7% 2024:46.7% 2025:55.0% 2026:43.0%

═══ A1b 波动记忆: log(ATR) 自相关 → 半衰期 ═══
(半衰期 = 自相关首次 < 0.5 的 lag; 若按时间对齐则 1h 半衰期 ≈ 4×4h 半衰期)

── 1h: 半衰期 ≈ nan 根 (nan 天) ; 20/20 标的 168 根内未跌破 0.5
  ACF @ lag: 1根=0.998  2根=0.996  4根=0.990  8根=0.976  12根=0.963  24根=0.930  48根=0.879  96根=0.838  168根=0.841

── 4h: 半衰期 ≈ 159 根 (39.8 天) [标的区间 159-159 根]; 19/20 标的 168 根内未跌破 0.5
  ACF @ lag: 1根=0.998  2根=0.995  4根=0.988  8根=0.973  12根=0.957  24根=0.919  48根=0.868  96根=0.795  168根=0.740

═══ A1c 指标收敛: ewm 指标截断历史 vs 全量收敛值的相对误差 ═══
(重验 live 假设'指标历史 120 根即信息上限'; 误差 <1% 视为收敛)

── 1h ──
   窗口(根)       ATR 相对误差       ADX 相对误差
      30        14.13%        36.39%
      60         1.70%         9.34%
      90         0.16%         1.22%
     120         0.01%         0.16%
     240         0.00%         0.00%

── 4h ──
   窗口(根)       ATR 相对误差       ADX 相对误差
      30        11.64%        29.00%
      60         1.18%         6.89%
      90         0.16%         0.97%
     120         0.02%         0.16%
     240         0.00%         0.00%

