═══ A2b 多周期状态对比 (1h / 4h / 日线) ═══

── 1h (20 标的 × 516557 根) ──
                   range: 占 2.4% 持续  3.0根(     3h) ADX  14.8 偏离 +0.01 动能 +0.01 量能 1.16 波动率  0.012
              transition: 占52.0% 持续 15.6根(    16h) ADX  19.0 偏离 +0.00 动能 -0.00 量能 1.03 波动率  0.012
   trend_down:accelerate: 占 5.6% 持续  2.0根(     2h) ADX  39.0 偏离 -1.07 动能 -1.32 量能 0.98 波动率  0.014
        trend_down:early: 占 5.0% 持续  1.9根(     2h) ADX  34.1 偏离 -0.46 动能 -0.92 量能 0.87 波动率  0.013
         trend_down:late: 占12.6% 持续  3.4根(     3h) ADX  36.6 偏离 -1.71 动能 -2.19 量能 1.13 波动率  0.015
     trend_up:accelerate: 占 4.4% 持续  1.9根(     2h) ADX  37.4 偏离 +0.99 动能 +1.29 量能 0.98 波动率  0.013
          trend_up:early: 占 5.0% 持续  1.9根(     2h) ADX  34.3 偏离 +0.38 动能 +0.89 量能 0.88 波动率  0.013
           trend_up:late: 占12.9% 持续  3.7根(     4h) ADX  36.0 偏离 +1.75 动能 +2.25 量能 1.06 波动率  0.014

── 4h (20 标的 × 126142 根) ──
                   range: 占 2.2% 持续  2.8根(    11h) ADX  14.6 偏离 -0.04 动能 -0.07 量能 1.09 波动率  0.024
              transition: 占51.0% 持续 15.2根(    61h) ADX  19.0 偏离 -0.00 动能 -0.01 量能 1.01 波动率  0.025
   trend_down:accelerate: 占 5.6% 持续  2.1根(     8h) ADX  39.1 偏离 -1.06 动能 -1.29 量能 0.98 波动率  0.029
        trend_down:early: 占 5.2% 持续  1.9根(     7h) ADX  34.9 偏离 -0.45 动能 -0.89 量能 0.87 波动率  0.028
         trend_down:late: 占13.1% 持续  3.5根(    14h) ADX  36.3 偏离 -1.63 动能 -2.09 量能 1.11 波动率  0.031
     trend_up:accelerate: 占 4.5% 持续  1.9根(     7h) ADX  38.5 偏离 +0.99 动能 +1.33 量能 0.99 波动率  0.028
          trend_up:early: 占 5.0% 持续  1.9根(     8h) ADX  35.2 偏离 +0.35 动能 +0.90 量能 0.87 波动率  0.027
           trend_up:late: 占13.4% 持续  3.7根(    15h) ADX  36.3 偏离 +1.73 动能 +2.21 量能 1.09 波动率  0.028

── 1d (20 标的 × 17710 根) ──
                   range: 占 2.1% 持续  2.8根(    67h) ADX  14.7 偏离 -0.15 动能 -0.23 量能 1.10 波动率  0.061
              transition: 占50.2% 持续 15.7根(   377h) ADX  19.4 偏离 -0.03 动能 -0.06 量能 1.00 波动率  0.065
   trend_down:accelerate: 占 7.1% 持续  2.3根(    54h) ADX  38.5 偏离 -1.12 动能 -1.36 量能 0.97 波动率  0.085
        trend_down:early: 占 5.3% 持续  1.8根(    44h) ADX  33.7 偏离 -0.57 动能 -0.96 量能 0.92 波动率  0.077
         trend_down:late: 占14.8% 持续  3.6根(    86h) ADX  36.1 偏离 -1.57 动能 -1.95 量能 1.07 波动率  0.089
     trend_up:accelerate: 占 3.7% 持续  1.7根(    41h) ADX  37.5 偏离 +0.82 动能 +1.24 量能 0.99 波动率  0.072
          trend_up:early: 占 5.0% 持续  1.9根(    45h) ADX  34.5 偏离 +0.26 动能 +0.92 量能 0.90 波动率  0.071
           trend_up:late: 占11.9% 持续  3.3根(    80h) ADX  36.1 偏离 +1.63 动能 +2.16 量能 1.13 波动率  0.068

── 阶段特征 (early/accelerate/late) 跨周期对比 ──

  周期 |                   阶段 |      偏离 |      动能 |     量能
  1h |                early |   -0.04 |   -0.02 |   0.88
  1h |           accelerate |   -0.16 |   -0.16 |   0.98
  1h |                 late |   +0.04 |   +0.06 |   1.10

  4h |                early |   -0.06 |   -0.01 |   0.87
  4h |           accelerate |   -0.15 |   -0.13 |   0.98
  4h |                 late |   +0.07 |   +0.09 |   1.10

  1d |                early |   -0.17 |   -0.05 |   0.91
  1d |           accelerate |   -0.45 |   -0.46 |   0.98
  1d |                 late |   -0.14 |   -0.12 |   1.10

