
══════════════════════════════════════════════════════════════════════
A6a 真实 (4h)
══════════════════════════════════════════════════════════════════════
S1 段生命周期:
  时间占比: up:44.4% | down:49.1% | range:6.6% | warmup:0.0%
  up: 段数 2018 | 时长 中位 23 均值 28.6 P90 55 根 | 幅度 中位 3.20 ATR | HH+HL 中位 3
  down: 段数 2010 | 时长 中位 25 均值 31.8 P90 63 根 | 幅度 中位 -3.04 ATR | HH+HL 中位 4
S2 回撤事件:
  up: n=1957 | 深度 中位 2.51 均值 2.64 P90 3.94 ATR | 时长 中位 6 均值 9.2 根
  down: n=2369 | 深度 中位 2.61 均值 3.04 P90 4.87 ATR | 时长 中位 8 均值 11.6 根
S3 恢复率 (48 根内越过段内峰值/谷值):
  真实 70.7% (n=4302)

══════════════════════════════════════════════════════════════════════
A6a GBM (4h)
══════════════════════════════════════════════════════════════════════
S1 段生命周期:
  时间占比: up:48.4% | down:46.3% | range:5.3% | warmup:0.0%
  up: 段数 3364 | 时长 中位 22 均值 28.3 P90 58 根 | 幅度 中位 3.35 ATR | HH+HL 中位 3
  down: 段数 3225 | 时长 中位 22 均值 28.3 P90 57 根 | 幅度 中位 -3.02 ATR | HH+HL 中位 3
S2 回撤事件:
  up: n=2757 | 深度 中位 2.57 均值 2.50 P90 4.32 ATR | 时长 中位 6 均值 9.3 根
  down: n=2613 | 深度 中位 2.39 均值 2.39 P90 4.22 ATR | 时长 中位 6 均值 9.1 根
S3 恢复率 (48 根内越过段内峰值/谷值):
  真实 83.3% (n=5327)

── 净差 (真实−GBM) ──
  up 段: 时长中位 Δ +1.0 根 | 幅度中位 Δ -0.15 ATR (n 2018/3364)
    回撤深度 中位 Δ -0.06 ATR | 时长 Δ +0.0 根
  down 段: 时长中位 Δ +3.0 根 | 幅度中位 Δ -0.02 ATR (n 2010/3225)
    回撤深度 中位 Δ +0.22 ATR | 时长 Δ +2.0 根
  S3 恢复率: 真实 70.7% vs GBM 83.3% → Δ -12.6% (n 4302/5327)
