
═══ 真实 ═══
S1 段内气候构成 (n=4028):
  trend 占比: 中位 38% 均值 41% P25 0% P75 75%
  transition 占比: 中位 59% 均值 56%
  段长 1-15: n=1011 trend占比中位 0%
  段长 15-40: n=1977 trend占比中位 35%
  段长 40-+: n=1040 trend占比中位 60%
S2 气候 × 段命运:
  冷(<20%)      n= 1545 段长中位   17 根 幅度中位  0.00 ATR
  中(20-60%)    n= 1005 段长中位   32 根 幅度中位  0.00 ATR
  热(>60%)      n= 1478 段长中位   30 根 幅度中位  0.00 ATR
  初始气候冷(<20%)    n= 2164 段长中位   24 根 幅度中位  0.00 ATR
  初始气候中(20-60%)  n=  511 段长中位   25 根 幅度中位  0.00 ATR
  初始气候热(>60%)    n= 1353 段长中位   25 根 幅度中位  0.00 ATR
S3 恢复率 × 段气候:
  冷(<20%)      回撤 n=788 恢复率 71.6%
  中(20-60%)    回撤 n=1478 恢复率 71.3%
  热(>60%)      回撤 n=2060 恢复率 70.0%

═══ GBM ═══
S1 段内气候构成 (n=6648):
  trend 占比: 中位 19% 均值 32% P25 0% P75 62%
  transition 占比: 中位 78% 均值 67%
  段长 1-15: n=2039 trend占比中位 0%
  段长 15-40: n=3126 trend占比中位 21%
  段长 40-+: n=1483 trend占比中位 53%
S2 气候 × 段命运:
  冷(<20%)      n= 3353 段长中位   16 根 幅度中位  0.00 ATR
  中(20-60%)    n= 1508 段长中位   30 根 幅度中位  0.00 ATR
  热(>60%)      n= 1787 段长中位   30 根 幅度中位  0.00 ATR
  初始气候冷(<20%)    n= 4564 段长中位   21 根 幅度中位  0.00 ATR
  初始气候中(20-60%)  n=  620 段长中位   25 根 幅度中位  0.00 ATR
  初始气候热(>60%)    n= 1464 段长中位   22 根 幅度中位  0.00 ATR
S3 恢复率 × 段气候:
  冷(<20%)      回撤 n=1385 恢复率 79.0%
  中(20-60%)    回撤 n=1854 恢复率 82.1%
  热(>60%)      回撤 n=2091 恢复率 86.8%

── 净差 (真实−GBM) ──
  冷(<20%): 段长中位 17 vs 16 根 (Δ +1) | trend占比中位 0% vs 0%
  中(20-60%): 段长中位 32 vs 30 根 (Δ +2) | trend占比中位 40% vs 39%
  热(>60%): 段长中位 30 vs 30 根 (Δ +0) | trend占比中位 83% vs 81%
  S3 冷(<20%): 恢复率 真实 71.6% vs GBM 79.0% → Δ -7.4% (n 778/1374)
  S3 中(20-60%): 恢复率 真实 71.3% vs GBM 82.1% → Δ -10.8% (n 1469/1841)
  S3 热(>60%): 恢复率 真实 70.0% vs GBM 86.8% → Δ -16.8% (n 2055/2073)
