═══ 1h ═══

  无条件基线 做多: : n=514511 (win 249601 / loss 264910 / 过期 95 / 跳过 185) — WR 48.5% [CI 48.4%–48.6%] 命中率 99.9%
  无条件基线 做空: : n=514511 (win 264910 / loss 249601 / 过期 95 / 跳过 185) — WR 51.5% [CI 51.4%–51.6%] 命中率 99.9%

── S/R 回看 120 根 ──
Q1 触碰后反弹方向 (支撑→做多 / 阻力→做空)
                      支撑触碰→做多×long: n=  4832 WR  36.4% vs 基线 48.5% Δ-12.1%pp [CI 35.1%-37.8%] 2024:41% 2025:33% 2026:22%
                     阻力触碰→做空×short: n=  4271 WR  48.7% vs 基线 51.5% Δ -2.7%pp [CI 47.3%-50.2%] 2023:30% 2024:49% 2025:50% 2026:49%
Q2 破位后延续方向 (支撑破位→做空 / 阻力破位→做多)
                     支撑破位→做空×short: n=  3502 WR  62.6% vs 基线 51.5% Δ+11.1%pp [CI 61.0%-64.2%] 2024:58% 2025:66% 2026:75%
                      阻力破位→做多×long: n=  2785 WR  50.9% vs 基线 48.5% Δ +2.4%pp [CI 49.0%-52.7%] 2024:49% 2025:53% 2026:51%

── S/R 回看 300 根 ──
Q1 触碰后反弹方向 (支撑→做多 / 阻力→做空)
                      支撑触碰→做多×long: n=  6766 WR  37.6% vs 基线 48.5% Δ-10.9%pp [CI 36.5%-38.8%] 2024:41% 2025:36% 2026:24%
                     阻力触碰→做空×short: n=  6181 WR  48.5% vs 基线 51.5% Δ -3.0%pp [CI 47.2%-49.7%] 2023:31% 2024:49% 2025:49% 2026:50%
Q2 破位后延续方向 (支撑破位→做空 / 阻力破位→做多)
                     支撑破位→做空×short: n=  4707 WR  61.2% vs 基线 51.5% Δ +9.8%pp [CI 59.8%-62.6%] 2024:57% 2025:64% 2026:74%
                      阻力破位→做多×long: n=  3906 WR  51.2% vs 基线 48.5% Δ +2.7%pp [CI 49.6%-52.8%] 2023:59% 2024:49% 2025:53% 2026:51%

── S/R 回看 600 根 ──
Q1 触碰后反弹方向 (支撑→做多 / 阻力→做空)
                      支撑触碰→做多×long: n=  8808 WR  38.0% vs 基线 48.5% Δ-10.5%pp [CI 37.0%-39.0%] 2024:41% 2025:36% 2026:25%
                     阻力触碰→做空×short: n=  7945 WR  48.8% vs 基线 51.5% Δ -2.7%pp [CI 47.7%-49.9%] 2023:30% 2024:49% 2025:50% 2026:47%
Q2 破位后延续方向 (支撑破位→做空 / 阻力破位→做多)
                     支撑破位→做空×short: n=  5937 WR  61.5% vs 基线 51.5% Δ+10.0%pp [CI 60.3%-62.8%] 2024:58% 2025:65% 2026:73%
                      阻力破位→做多×long: n=  4894 WR  50.5% vs 基线 48.5% Δ +2.0%pp [CI 49.1%-51.9%] 2023:59% 2024:49% 2025:52% 2026:53%

════════ 随机游走对照 (20 GBM) — 触碰/破位在无信息市场的行为基线 ════════

═══ 1h (随机游走)═══

  无条件基线 做多: : n=516823 (win 264966 / loss 251857 / 过期 458 / 跳过 4) — WR 51.3% [CI 51.1%–51.4%] 命中率 99.9%
  无条件基线 做空: : n=516823 (win 251857 / loss 264966 / 过期 458 / 跳过 4) — WR 48.7% [CI 48.6%–48.9%] 命中率 99.9%

── S/R 回看 120 根 ──
Q1 触碰后反弹方向 (支撑→做多 / 阻力→做空)
                      支撑触碰→做多×long: n=  1668 WR  36.5% vs 基线 51.3% Δ-14.8%pp [CI 34.2%-38.8%] 2023:37% 2024:19% 2025:37% 2026:40%
                     阻力触碰→做空×short: n=  1573 WR  40.7% vs 基线 48.7% Δ -8.0%pp [CI 38.3%-43.1%] 2025:41% 2026:40%
Q2 破位后延续方向 (支撑破位→做空 / 阻力破位→做多)
                     支撑破位→做空×short: n=  1032 WR  61.6% vs 基线 48.7% Δ+12.9%pp [CI 58.6%-64.5%] 2024:78% 2025:63% 2026:57%
                      阻力破位→做多×long: n=   980 WR  60.9% vs 基线 51.3% Δ +9.7%pp [CI 57.8%-63.9%] 2025:64% 2026:62%

── S/R 回看 300 根 ──
Q1 触碰后反弹方向 (支撑→做多 / 阻力→做空)
                      支撑触碰→做多×long: n=  2349 WR  36.2% vs 基线 51.3% Δ-15.1%pp [CI 34.3%-38.2%] 2023:37% 2024:21% 2025:35% 2026:39%
                     阻力触碰→做空×short: n=  2491 WR  41.2% vs 基线 48.7% Δ -7.5%pp [CI 39.3%-43.2%] 2023:52% 2024:42% 2025:41% 2026:40%
Q2 破位后延续方向 (支撑破位→做空 / 阻力破位→做多)
                     支撑破位→做空×short: n=  1402 WR  61.0% vs 基线 48.7% Δ+12.3%pp [CI 58.4%-63.5%] 2024:76% 2025:63% 2026:57%
                      阻力破位→做多×long: n=  1495 WR  61.5% vs 基线 51.3% Δ+10.2%pp [CI 59.0%-63.9%] 2025:64% 2026:62%

── S/R 回看 600 根 ──
Q1 触碰后反弹方向 (支撑→做多 / 阻力→做空)
                      支撑触碰→做多×long: n=  2875 WR  37.5% vs 基线 51.3% Δ-13.8%pp [CI 35.7%-39.3%] 2023:36% 2024:22% 2025:37% 2026:40%
                     阻力触碰→做空×short: n=  3126 WR  40.6% vs 基线 48.7% Δ -8.1%pp [CI 38.9%-42.4%] 2023:53% 2024:41% 2025:41% 2026:39%
Q2 破位后延续方向 (支撑破位→做空 / 阻力破位→做多)
                     支撑破位→做空×short: n=  1686 WR  60.3% vs 基线 48.7% Δ+11.5%pp [CI 57.9%-62.6%] 2023:61% 2024:74% 2025:63% 2026:56%
                      阻力破位→做多×long: n=  1843 WR  60.6% vs 基线 51.3% Δ +9.3%pp [CI 58.3%-62.8%] 2023:47% 2025:63% 2026:61%

