═══ B2d 震荡行情特征与区间回归 ═══

D1 区间活跃:
  活跃占比: 18.0%
  区间段存续时长: 中位 15 根, P90 33 根 (段数 2622)

D2 区间宽度 (ATR 归一化): 中位 1.59 ATR, P25 1.10, P75 2.03

D3 区间内 ATR / 无条件 ATR: 0.947 (同标的比率)

R 区间内触碰后的回归倾向 (触碰时刻区间条件 = B2c):
  R1 触碰后 24 根内回到区间中位线: 86.5% (平均用时 3.3 根, n=21692)
  R2 触碰后 24 根内反弹覆盖区间宽度: 200.9%
  R3 触碰后 24 根收盘仍在区间内侧: 60.6%

═══ B2d 震荡行情特征与区间回归 (随机游走对照)═══

D1 区间活跃:
  活跃占比: 12.3%
  区间段存续时长: 中位 13 根, P90 26 根 (段数 709)

D2 区间宽度 (ATR 归一化): 中位 1.70 ATR, P25 1.19, P75 2.13

D3 区间内 ATR / 无条件 ATR: 1.068 (同标的比率)

R 区间内触碰后的回归倾向 (触碰时刻区间条件 = B2c):
  R1 触碰后 24 根内回到区间中位线: 88.7% (平均用时 3.2 根, n=6627)
  R2 触碰后 24 根内反弹覆盖区间宽度: 269.8%
  R3 触碰后 24 根收盘仍在区间内侧: 57.6%

