
########## 真实 1h (min_touch=2, tol=0.3) ##########

══════════════════════════════════════════════════════════════
B3 真实 1h 参数(min_touch=2, tol=0.3)
══════════════════════════════════════════════════════════════
位数 13212 | 触碰 683005 | 拒绝率 47.9% | 突破率 52.2%
── structure ──
  区间内          n=   6817 | M1 60.4% | M2P50 1.68 P90 5.35 | E1 1.085 | 拒绝 62.1%
  宽成对          n= 218285 | M1 50.5% | M2P50 1.53 P90 4.97 | E1 1.100 | 拒绝 48.0%
  孤立           n= 310684 | M1 49.9% | M2P50 1.52 P90 4.88 | E1 1.107 | 拒绝 47.1%
  孤立(对侧已破)     n= 147219 | M1 50.5% | M2P50 1.47 P90 4.87 | E1 1.076 | 拒绝 48.4%
  2~4          n=0 样本不足(<200)
  5~8          n=0 样本不足(<200)
  9+           n=0 样本不足(<200)
  <30          n=0 样本不足(<200)
  30~120       n=0 样本不足(<200)
  >120         n=0 样本不足(<200)
  低            n=0 样本不足(<200)
  中            n=0 样本不足(<200)
  高            n=0 样本不足(<200)
  未知           n=0 样本不足(<200)
── touch ──
  区间内          n=0 样本不足(<200)
  宽成对          n=0 样本不足(<200)
  孤立           n=0 样本不足(<200)
  孤立(对侧已破)     n=0 样本不足(<200)
  2~4          n=  25754 | M1 53.2% | M2P50 1.55 P90 4.90 | E1 1.129 | 拒绝 50.9%
  5~8          n=  49119 | M1 50.5% | M2P50 1.52 P90 4.78 | E1 1.110 | 拒绝 47.7%
  9+           n= 608132 | M1 50.2% | M2P50 1.51 P90 4.92 | E1 1.096 | 拒绝 47.7%
  <30          n=0 样本不足(<200)
  30~120       n=0 样本不足(<200)
  >120         n=0 样本不足(<200)
  低            n=0 样本不足(<200)
  中            n=0 样本不足(<200)
  高            n=0 样本不足(<200)
  未知           n=0 样本不足(<200)
── age ──
  区间内          n=0 样本不足(<200)
  宽成对          n=0 样本不足(<200)
  孤立           n=0 样本不足(<200)
  孤立(对侧已破)     n=0 样本不足(<200)
  2~4          n=0 样本不足(<200)
  5~8          n=0 样本不足(<200)
  9+           n=0 样本不足(<200)
  <30          n=  23189 | M1 52.4% | M2P50 1.56 P90 5.03 | E1 1.051 | 拒绝 49.8%
  30~120       n=  34640 | M1 51.4% | M2P50 1.57 P90 5.00 | E1 1.071 | 拒绝 49.1%
  >120         n= 625176 | M1 50.2% | M2P50 1.51 P90 4.90 | E1 1.101 | 拒绝 47.7%
  低            n=0 样本不足(<200)
  中            n=0 样本不足(<200)
  高            n=0 样本不足(<200)
  未知           n=0 样本不足(<200)
── vol ──
  区间内          n=0 样本不足(<200)
  宽成对          n=0 样本不足(<200)
  孤立           n=0 样本不足(<200)
  孤立(对侧已破)     n=0 样本不足(<200)
  2~4          n=0 样本不足(<200)
  5~8          n=0 样本不足(<200)
  9+           n=0 样本不足(<200)
  <30          n=0 样本不足(<200)
  30~120       n=0 样本不足(<200)
  >120         n=0 样本不足(<200)
  低            n= 200285 | M1 50.4% | M2P50 1.68 P90 5.42 | E1 1.025 | 拒绝 48.2%
  中            n= 190548 | M1 50.3% | M2P50 1.53 P90 4.97 | E1 1.056 | 拒绝 48.0%
  高            n= 291881 | M1 50.2% | M2P50 1.40 P90 4.53 | E1 1.175 | 拒绝 47.5%
  未知           n=    291 | M1 49.5% | M2P50 1.47 P90 3.88 | E1 1.061 | 拒绝 50.5%
── vol (触碰时刻分布) ──
  高: 42.7% | 低: 29.3% | 中: 27.9% | 未知: 0.0%
  无条件: 低: 38.9% | 高: 32.2% | 中: 28.4% | 未知: 0.5%
── M4 约束场 ──
  贴近位带(±0.5ATR) ATR 31.323 vs 远离 30.698 | 比率 1.020 (near 335194 bars, far 7508503 bars)

══════════════════════════════════════════════════════════════
B3 GBM 1h 参数(min_touch=2, tol=0.3)
══════════════════════════════════════════════════════════════
位数 5242 | 触碰 392715 | 拒绝率 45.5% | 突破率 54.6%
── structure ──
  区间内          n=    805 | M1 63.0% | M2P50 2.36 P90 6.56 | E1 1.009 | 拒绝 63.5%
  宽成对          n= 110618 | M1 50.1% | M2P50 2.20 P90 6.06 | E1 1.012 | 拒绝 45.4%
  孤立           n= 230488 | M1 50.0% | M2P50 2.19 P90 6.07 | E1 1.012 | 拒绝 45.2%
  孤立(对侧已破)     n=  50804 | M1 50.6% | M2P50 2.18 P90 6.18 | E1 1.012 | 拒绝 45.8%
  2~4          n=0 样本不足(<200)
  5~8          n=0 样本不足(<200)
  9+           n=0 样本不足(<200)
  <30          n=0 样本不足(<200)
  30~120       n=0 样本不足(<200)
  >120         n=0 样本不足(<200)
  低            n=0 样本不足(<200)
  中            n=0 样本不足(<200)
  高            n=0 样本不足(<200)
  未知           n=0 样本不足(<200)
── touch ──
  区间内          n=0 样本不足(<200)
  宽成对          n=0 样本不足(<200)
  孤立           n=0 样本不足(<200)
  孤立(对侧已破)     n=0 样本不足(<200)
  2~4          n=  10229 | M1 50.4% | M2P50 2.20 P90 6.20 | E1 1.015 | 拒绝 45.7%
  5~8          n=  19693 | M1 49.7% | M2P50 2.16 P90 6.00 | E1 1.012 | 拒绝 44.9%
  9+           n= 362793 | M1 50.1% | M2P50 2.19 P90 6.08 | E1 1.012 | 拒绝 45.4%
  <30          n=0 样本不足(<200)
  30~120       n=0 样本不足(<200)
  >120         n=0 样本不足(<200)
  低            n=0 样本不足(<200)
  中            n=0 样本不足(<200)
  高            n=0 样本不足(<200)
  未知           n=0 样本不足(<200)
── age ──
  区间内          n=0 样本不足(<200)
  宽成对          n=0 样本不足(<200)
  孤立           n=0 样本不足(<200)
  孤立(对侧已破)     n=0 样本不足(<200)
  2~4          n=0 样本不足(<200)
  5~8          n=0 样本不足(<200)
  9+           n=0 样本不足(<200)
  <30          n=   9152 | M1 49.9% | M2P50 2.18 P90 6.25 | E1 1.013 | 拒绝 45.0%
  30~120       n=  13940 | M1 49.6% | M2P50 2.18 P90 6.06 | E1 1.012 | 拒绝 45.4%
  >120         n= 369623 | M1 50.2% | M2P50 2.19 P90 6.08 | E1 1.012 | 拒绝 45.4%
  低            n=0 样本不足(<200)
  中            n=0 样本不足(<200)
  高            n=0 样本不足(<200)
  未知           n=0 样本不足(<200)
── vol ──
  区间内          n=0 样本不足(<200)
  宽成对          n=0 样本不足(<200)
  孤立           n=0 样本不足(<200)
  孤立(对侧已破)     n=0 样本不足(<200)
  2~4          n=0 样本不足(<200)
  5~8          n=0 样本不足(<200)
  9+           n=0 样本不足(<200)
  <30          n=0 样本不足(<200)
  30~120       n=0 样本不足(<200)
  >120         n=0 样本不足(<200)
  低            n= 119171 | M1 50.2% | M2P50 2.35 P90 6.44 | E1 0.999 | 拒绝 45.5%
  中            n= 116798 | M1 50.1% | M2P50 2.20 P90 6.12 | E1 1.009 | 拒绝 45.4%
  高            n= 156678 | M1 50.1% | M2P50 2.08 P90 5.77 | E1 1.024 | 拒绝 45.3%
  未知           n=68 样本不足(<200)
── vol (触碰时刻分布) ──
  高: 39.9% | 低: 30.3% | 中: 29.7% | 未知: 0.0%
  无条件: 低: 35.5% | 高: 34.4% | 中: 29.6% | 未知: 0.5%
── M4 约束场 ──
  贴近位带(±0.5ATR) ATR 1.800 vs 远离 1.760 | 比率 1.023 (near 108411 bars, far 3002999 bars)

── 净差矩阵 (真实−GBM) 1h 参数(2,0.3) ──
层         桶               n_真实   n_GBM     M1Δ   M2P50Δ   M2P90Δ     E1Δ     拒绝Δ
structure 区间内             6817     805   -2.6%   -0.675   -1.212   0.077   -1.4%
structure 宽成对           218285  110618    0.4%   -0.675   -1.094   0.088    2.7%
structure 孤立            310684  230488   -0.1%   -0.663   -1.190   0.095    1.9%
structure 孤立(对侧已破)      147219   50804   -0.1%   -0.706   -1.316   0.064    2.7%
touch     2~4            25754   10229    2.8%   -0.653   -1.292   0.114    5.2%
touch     5~8            49119   19693    0.9%   -0.648   -1.214   0.098    2.8%
touch     9+            608132  362793    0.0%   -0.680   -1.160   0.084    2.3%
age       <30            23189    9152    2.5%   -0.621   -1.217   0.038    4.7%
age       30~120         34640   13940    1.7%   -0.608   -1.052   0.059    3.7%
age       >120          625176  369623    0.0%   -0.683   -1.179   0.089    2.3%

########## 真实 4h (min_touch=2, tol=0.3) ##########

══════════════════════════════════════════════════════════════
B3 真实 4h 参数(min_touch=2, tol=0.3)
══════════════════════════════════════════════════════════════
位数 4738 | 触碰 117500 | 拒绝率 48.3% | 突破率 52.0%
── structure ──
  区间内          n=   1674 | M1 55.0% | M2P50 1.41 P90 5.21 | E1 1.048 | 拒绝 57.0%
  宽成对          n=  40801 | M1 50.3% | M2P50 1.51 P90 4.88 | E1 1.090 | 拒绝 47.7%
  孤立           n=  29706 | M1 50.1% | M2P50 1.53 P90 4.87 | E1 1.103 | 拒绝 47.3%
  孤立(对侧已破)     n=  45319 | M1 50.4% | M2P50 1.43 P90 4.87 | E1 1.075 | 拒绝 48.4%
  2~4          n=0 样本不足(<200)
  5~8          n=0 样本不足(<200)
  9+           n=0 样本不足(<200)
  <30          n=0 样本不足(<200)
  30~120       n=0 样本不足(<200)
  >120         n=0 样本不足(<200)
  低            n=0 样本不足(<200)
  中            n=0 样本不足(<200)
  高            n=0 样本不足(<200)
  未知           n=0 样本不足(<200)
── touch ──
  区间内          n=0 样本不足(<200)
  宽成对          n=0 样本不足(<200)
  孤立           n=0 样本不足(<200)
  孤立(对侧已破)     n=0 样本不足(<200)
  2~4          n=   8927 | M1 52.5% | M2P50 1.52 P90 4.87 | E1 1.115 | 拒绝 50.8%
  5~8          n=  16222 | M1 50.0% | M2P50 1.45 P90 4.76 | E1 1.100 | 拒绝 47.6%
  9+           n=  92351 | M1 50.2% | M2P50 1.49 P90 4.90 | E1 1.082 | 拒绝 47.8%
  <30          n=0 样本不足(<200)
  30~120       n=0 样本不足(<200)
  >120         n=0 样本不足(<200)
  低            n=0 样本不足(<200)
  中            n=0 样本不足(<200)
  高            n=0 样本不足(<200)
  未知           n=0 样本不足(<200)
── age ──
  区间内          n=0 样本不足(<200)
  宽成对          n=0 样本不足(<200)
  孤立           n=0 样本不足(<200)
  孤立(对侧已破)     n=0 样本不足(<200)
  2~4          n=0 样本不足(<200)
  5~8          n=0 样本不足(<200)
  9+           n=0 样本不足(<200)
  <30          n=   7995 | M1 51.3% | M2P50 1.51 P90 5.11 | E1 1.039 | 拒绝 49.5%
  30~120       n=  12120 | M1 49.7% | M2P50 1.48 P90 4.95 | E1 1.063 | 拒绝 47.3%
  >120         n=  97385 | M1 50.4% | M2P50 1.49 P90 4.85 | E1 1.094 | 拒绝 48.0%
  低            n=0 样本不足(<200)
  中            n=0 样本不足(<200)
  高            n=0 样本不足(<200)
  未知           n=0 样本不足(<200)
── vol ──
  区间内          n=0 样本不足(<200)
  宽成对          n=0 样本不足(<200)
  孤立           n=0 样本不足(<200)
  孤立(对侧已破)     n=0 样本不足(<200)
  2~4          n=0 样本不足(<200)
  5~8          n=0 样本不足(<200)
  9+           n=0 样本不足(<200)
  <30          n=0 样本不足(<200)
  30~120       n=0 样本不足(<200)
  >120         n=0 样本不足(<200)
  低            n=  42283 | M1 50.5% | M2P50 1.67 P90 5.59 | E1 1.015 | 拒绝 48.0%
  中            n=  30653 | M1 50.4% | M2P50 1.48 P90 4.65 | E1 1.050 | 拒绝 47.8%
  高            n=  44425 | M1 50.2% | M2P50 1.35 P90 4.28 | E1 1.180 | 拒绝 48.2%
  未知           n=139 样本不足(<200)
── vol (触碰时刻分布) ──
  高: 37.8% | 低: 36.0% | 中: 26.1% | 未知: 0.1%
  无条件: 低: 43.8% | 高: 29.3% | 中: 25.1% | 未知: 1.8%
── M4 约束场 ──
  贴近位带(±0.5ATR) ATR 64.962 vs 远离 67.942 | 比率 0.956 (near 113004 bars, far 2602832 bars)

══════════════════════════════════════════════════════════════
B3 GBM 4h 参数(min_touch=2, tol=0.3)
══════════════════════════════════════════════════════════════
位数 2094 | 触碰 62775 | 拒绝率 45.7% | 突破率 54.6%
── structure ──
  区间内          n=    336 | M1 57.4% | M2P50 2.31 P90 5.43 | E1 1.013 | 拒绝 56.0%
  宽成对          n=  25606 | M1 50.3% | M2P50 2.21 P90 6.13 | E1 1.014 | 拒绝 45.7%
  孤立           n=  15613 | M1 49.9% | M2P50 2.18 P90 6.06 | E1 1.014 | 拒绝 45.2%
  孤立(对侧已破)     n=  21220 | M1 50.2% | M2P50 2.18 P90 6.01 | E1 1.011 | 拒绝 45.1%
  2~4          n=0 样本不足(<200)
  5~8          n=0 样本不足(<200)
  9+           n=0 样本不足(<200)
  <30          n=0 样本不足(<200)
  30~120       n=0 样本不足(<200)
  >120         n=0 样本不足(<200)
  低            n=0 样本不足(<200)
  中            n=0 样本不足(<200)
  高            n=0 样本不足(<200)
  未知           n=0 样本不足(<200)
── touch ──
  区间内          n=0 样本不足(<200)
  宽成对          n=0 样本不足(<200)
  孤立           n=0 样本不足(<200)
  孤立(对侧已破)     n=0 样本不足(<200)
  2~4          n=   3946 | M1 50.5% | M2P50 2.22 P90 6.04 | E1 1.016 | 拒绝 45.7%
  5~8          n=   7203 | M1 51.0% | M2P50 2.22 P90 6.00 | E1 1.013 | 拒绝 46.1%
  9+           n=  51626 | M1 50.1% | M2P50 2.19 P90 6.09 | E1 1.013 | 拒绝 45.3%
  <30          n=0 样本不足(<200)
  30~120       n=0 样本不足(<200)
  >120         n=0 样本不足(<200)
  低            n=0 样本不足(<200)
  中            n=0 样本不足(<200)
  高            n=0 样本不足(<200)
  未知           n=0 样本不足(<200)
── age ──
  区间内          n=0 样本不足(<200)
  宽成对          n=0 样本不足(<200)
  孤立           n=0 样本不足(<200)
  孤立(对侧已破)     n=0 样本不足(<200)
  2~4          n=0 样本不足(<200)
  5~8          n=0 样本不足(<200)
  9+           n=0 样本不足(<200)
  <30          n=   3719 | M1 48.4% | M2P50 2.12 P90 6.05 | E1 1.012 | 拒绝 43.9%
  30~120       n=   5515 | M1 51.0% | M2P50 2.16 P90 6.09 | E1 1.013 | 拒绝 45.4%
  >120         n=  53541 | M1 50.3% | M2P50 2.20 P90 6.08 | E1 1.013 | 拒绝 45.5%
  低            n=0 样本不足(<200)
  中            n=0 样本不足(<200)
  高            n=0 样本不足(<200)
  未知           n=0 样本不足(<200)
── vol ──
  区间内          n=0 样本不足(<200)
  宽成对          n=0 样本不足(<200)
  孤立           n=0 样本不足(<200)
  孤立(对侧已破)     n=0 样本不足(<200)
  2~4          n=0 样本不足(<200)
  5~8          n=0 样本不足(<200)
  9+           n=0 样本不足(<200)
  <30          n=0 样本不足(<200)
  30~120       n=0 样本不足(<200)
  >120         n=0 样本不足(<200)
  低            n=  20646 | M1 49.6% | M2P50 2.26 P90 6.18 | E1 0.993 | 拒绝 45.1%
  中            n=  16366 | M1 50.4% | M2P50 2.22 P90 6.20 | E1 1.012 | 拒绝 45.1%
  高            n=  25690 | M1 50.7% | M2P50 2.13 P90 5.93 | E1 1.030 | 拒绝 45.8%
  未知           n=73 样本不足(<200)
── vol (触碰时刻分布) ──
  高: 40.9% | 低: 32.9% | 中: 26.1% | 未知: 0.1%
  无条件: 低: 38.2% | 高: 35.9% | 中: 24.1% | 未知: 1.8%
── M4 约束场 ──
  贴近位带(±0.5ATR) ATR 6.183 vs 远离 6.727 | 比率 0.919 (near 43893 bars, far 1163812 bars)

── 净差矩阵 (真实−GBM) 4h 参数(2,0.3) ──
层         桶               n_真实   n_GBM     M1Δ   M2P50Δ   M2P90Δ     E1Δ     拒绝Δ
structure 区间内             1674     336   -2.4%   -0.900   -0.219   0.035    1.0%
structure 宽成对            40801   25606   -0.1%   -0.691   -1.253   0.076    2.0%
structure 孤立             29706   15613    0.2%   -0.652   -1.190   0.089    2.1%
structure 孤立(对侧已破)       45319   21220    0.2%   -0.751   -1.137   0.063    3.3%
touch     2~4             8927    3946    1.9%   -0.696   -1.179   0.099    5.0%
touch     5~8            16222    7203   -1.0%   -0.771   -1.240   0.087    1.6%
touch     9+             92351   51626    0.1%   -0.695   -1.198   0.069    2.5%
age       <30             7995    3719    2.9%   -0.609   -0.935   0.027    5.6%
age       30~120         12120    5515   -1.3%   -0.677   -1.140   0.050    1.9%
age       >120           97385   53541    0.1%   -0.710   -1.226   0.080    2.4%

########## 真实 1h (min_touch=3, tol=0.5) ##########

══════════════════════════════════════════════════════════════
B3 真实 1h 参数(min_touch=3, tol=0.5)
══════════════════════════════════════════════════════════════
位数 8068 | 触碰 416467 | 拒绝率 49.8% | 突破率 50.3%
── structure ──
  区间内          n=   4396 | M1 58.7% | M2P50 1.59 P90 5.01 | E1 1.073 | 拒绝 61.6%
  宽成对          n= 123233 | M1 50.2% | M2P50 1.52 P90 4.95 | E1 1.099 | 拒绝 50.0%
  孤立           n= 228690 | M1 50.0% | M2P50 1.53 P90 4.90 | E1 1.103 | 拒绝 49.1%
  孤立(对侧已破)     n=  60148 | M1 50.9% | M2P50 1.46 P90 4.83 | E1 1.073 | 拒绝 50.9%
  2~4          n=0 样本不足(<200)
  5~8          n=0 样本不足(<200)
  9+           n=0 样本不足(<200)
  <30          n=0 样本不足(<200)
  30~120       n=0 样本不足(<200)
  >120         n=0 样本不足(<200)
  低            n=0 样本不足(<200)
  中            n=0 样本不足(<200)
  高            n=0 样本不足(<200)
  未知           n=0 样本不足(<200)
── touch ──
  区间内          n=0 样本不足(<200)
  宽成对          n=0 样本不足(<200)
  孤立           n=0 样本不足(<200)
  孤立(对侧已破)     n=0 样本不足(<200)
  2~4          n=   7908 | M1 56.9% | M2P50 1.59 P90 4.93 | E1 1.109 | 拒绝 56.5%
  5~8          n=  30446 | M1 51.4% | M2P50 1.53 P90 4.83 | E1 1.114 | 拒绝 50.6%
  9+           n= 378113 | M1 50.1% | M2P50 1.51 P90 4.91 | E1 1.096 | 拒绝 49.5%
  <30          n=0 样本不足(<200)
  30~120       n=0 样本不足(<200)
  >120         n=0 样本不足(<200)
  低            n=0 样本不足(<200)
  中            n=0 样本不足(<200)
  高            n=0 样本不足(<200)
  未知           n=0 样本不足(<200)
── age ──
  区间内          n=0 样本不足(<200)
  宽成对          n=0 样本不足(<200)
  孤立           n=0 样本不足(<200)
  孤立(对侧已破)     n=0 样本不足(<200)
  2~4          n=0 样本不足(<200)
  5~8          n=0 样本不足(<200)
  9+           n=0 样本不足(<200)
  <30          n=  14450 | M1 53.5% | M2P50 1.56 P90 5.03 | E1 1.045 | 拒绝 52.9%
  30~120       n=  21476 | M1 51.1% | M2P50 1.56 P90 5.00 | E1 1.068 | 拒绝 50.7%
  >120         n= 380541 | M1 50.1% | M2P50 1.51 P90 4.89 | E1 1.101 | 拒绝 49.6%
  低            n=0 样本不足(<200)
  中            n=0 样本不足(<200)
  高            n=0 样本不足(<200)
  未知           n=0 样本不足(<200)
── vol ──
  区间内          n=0 样本不足(<200)
  宽成对          n=0 样本不足(<200)
  孤立           n=0 样本不足(<200)
  孤立(对侧已破)     n=0 样本不足(<200)
  2~4          n=0 样本不足(<200)
  5~8          n=0 样本不足(<200)
  9+           n=0 样本不足(<200)
  <30          n=0 样本不足(<200)
  30~120       n=0 样本不足(<200)
  >120         n=0 样本不足(<200)
  低            n= 122453 | M1 50.3% | M2P50 1.68 P90 5.40 | E1 1.024 | 拒绝 50.4%
  中            n= 116412 | M1 50.2% | M2P50 1.53 P90 4.95 | E1 1.056 | 拒绝 49.8%
  高            n= 177453 | M1 50.3% | M2P50 1.41 P90 4.55 | E1 1.175 | 拒绝 49.3%
  未知           n=149 样本不足(<200)
── vol (触碰时刻分布) ──
  高: 42.6% | 低: 29.4% | 中: 28.0% | 未知: 0.0%
  无条件: 低: 38.9% | 高: 32.2% | 中: 28.4% | 未知: 0.5%
── M4 约束场 ──
  贴近位带(±0.5ATR) ATR 30.614 vs 远离 29.839 | 比率 1.026 (near 207741 bars, far 4584218 bars)

══════════════════════════════════════════════════════════════
B3 GBM 1h 参数(min_touch=3, tol=0.5)
══════════════════════════════════════════════════════════════
位数 3235 | 触碰 242754 | 拒绝率 46.8% | 突破率 53.3%
── structure ──
  区间内          n=    556 | M1 60.1% | M2P50 2.20 P90 6.12 | E1 1.011 | 拒绝 59.2%
  宽成对          n=  56149 | M1 49.8% | M2P50 2.18 P90 6.08 | E1 1.012 | 拒绝 46.3%
  孤立           n= 165839 | M1 50.0% | M2P50 2.19 P90 6.06 | E1 1.012 | 拒绝 46.7%
  孤立(对侧已破)     n=  20210 | M1 50.8% | M2P50 2.18 P90 6.17 | E1 1.011 | 拒绝 47.8%
  2~4          n=0 样本不足(<200)
  5~8          n=0 样本不足(<200)
  9+           n=0 样本不足(<200)
  <30          n=0 样本不足(<200)
  30~120       n=0 样本不足(<200)
  >120         n=0 样本不足(<200)
  低            n=0 样本不足(<200)
  中            n=0 样本不足(<200)
  高            n=0 样本不足(<200)
  未知           n=0 样本不足(<200)
── touch ──
  区间内          n=0 样本不足(<200)
  宽成对          n=0 样本不足(<200)
  孤立           n=0 样本不足(<200)
  孤立(对侧已破)     n=0 样本不足(<200)
  2~4          n=   3176 | M1 52.3% | M2P50 2.26 P90 6.20 | E1 1.014 | 拒绝 49.4%
  5~8          n=  12344 | M1 49.3% | M2P50 2.16 P90 6.01 | E1 1.014 | 拒绝 46.4%
  9+           n= 227234 | M1 50.1% | M2P50 2.19 P90 6.07 | E1 1.012 | 拒绝 46.7%
  <30          n=0 样本不足(<200)
  30~120       n=0 样本不足(<200)
  >120         n=0 样本不足(<200)
  低            n=0 样本不足(<200)
  中            n=0 样本不足(<200)
  高            n=0 样本不足(<200)
  未知           n=0 样本不足(<200)
── age ──
  区间内          n=0 样本不足(<200)
  宽成对          n=0 样本不足(<200)
  孤立           n=0 样本不足(<200)
  孤立(对侧已破)     n=0 样本不足(<200)
  2~4          n=0 样本不足(<200)
  5~8          n=0 样本不足(<200)
  9+           n=0 样本不足(<200)
  <30          n=   5822 | M1 50.1% | M2P50 2.19 P90 6.17 | E1 1.013 | 拒绝 47.7%
  30~120       n=   8486 | M1 49.5% | M2P50 2.15 P90 6.15 | E1 1.012 | 拒绝 46.3%
  >120         n= 228446 | M1 50.1% | M2P50 2.19 P90 6.07 | E1 1.012 | 拒绝 46.7%
  低            n=0 样本不足(<200)
  中            n=0 样本不足(<200)
  高            n=0 样本不足(<200)
  未知           n=0 样本不足(<200)
── vol ──
  区间内          n=0 样本不足(<200)
  宽成对          n=0 样本不足(<200)
  孤立           n=0 样本不足(<200)
  孤立(对侧已破)     n=0 样本不足(<200)
  2~4          n=0 样本不足(<200)
  5~8          n=0 样本不足(<200)
  9+           n=0 样本不足(<200)
  <30          n=0 样本不足(<200)
  30~120       n=0 样本不足(<200)
  >120         n=0 样本不足(<200)
  低            n=  73629 | M1 50.2% | M2P50 2.34 P90 6.45 | E1 0.999 | 拒绝 46.7%
  中            n=  72399 | M1 50.0% | M2P50 2.20 P90 6.08 | E1 1.009 | 拒绝 46.7%
  高            n=  96685 | M1 50.0% | M2P50 2.08 P90 5.78 | E1 1.024 | 拒绝 46.7%
  未知           n=41 样本不足(<200)
── vol (触碰时刻分布) ──
  高: 39.8% | 低: 30.3% | 中: 29.8% | 未知: 0.0%
  无条件: 低: 35.5% | 高: 34.4% | 中: 29.6% | 未知: 0.5%
── M4 约束场 ──
  贴近位带(±0.5ATR) ATR 1.818 vs 远离 1.762 | 比率 1.032 (near 67205 bars, far 1856341 bars)

── 净差矩阵 (真实−GBM) 1h 参数(3,0.5) ──
层         桶               n_真实   n_GBM     M1Δ   M2P50Δ   M2P90Δ     E1Δ     拒绝Δ
structure 区间内             4396     556   -1.4%   -0.610   -1.115   0.062    2.4%
structure 宽成对           123233   56149    0.5%   -0.661   -1.126   0.087    3.7%
structure 孤立            228690  165839    0.0%   -0.663   -1.157   0.091    2.4%
structure 孤立(对侧已破)       60148   20210    0.0%   -0.720   -1.345   0.062    3.1%
touch     2~4             7908    3176    4.6%   -0.668   -1.274   0.095    7.1%
touch     5~8            30446   12344    2.0%   -0.629   -1.175   0.100    4.2%
touch     9+            378113  227234    0.0%   -0.675   -1.163   0.084    2.8%
age       <30            14450    5822    3.3%   -0.629   -1.142   0.032    5.1%
age       30~120         21476    8486    1.6%   -0.590   -1.150   0.056    4.4%
age       >120          380541  228446    0.1%   -0.677   -1.171   0.089    2.9%

########## 真实 4h (min_touch=3, tol=0.5) ##########

══════════════════════════════════════════════════════════════
B3 真实 4h 参数(min_touch=3, tol=0.5)
══════════════════════════════════════════════════════════════
位数 2914 | 触碰 72099 | 拒绝率 50.2% | 突破率 50.2%
── structure ──
  区间内          n=   1237 | M1 58.1% | M2P50 1.51 P90 5.48 | E1 1.035 | 拒绝 60.1%
  宽成对          n=  27456 | M1 49.2% | M2P50 1.48 P90 4.88 | E1 1.087 | 拒绝 48.6%
  孤立           n=  23908 | M1 50.8% | M2P50 1.55 P90 4.92 | E1 1.095 | 拒绝 50.0%
  孤立(对侧已破)     n=  19498 | M1 50.8% | M2P50 1.40 P90 4.80 | E1 1.075 | 拒绝 50.9%
  2~4          n=0 样本不足(<200)
  5~8          n=0 样本不足(<200)
  9+           n=0 样本不足(<200)
  <30          n=0 样本不足(<200)
  30~120       n=0 样本不足(<200)
  >120         n=0 样本不足(<200)
  低            n=0 样本不足(<200)
  中            n=0 样本不足(<200)
  高            n=0 样本不足(<200)
  未知           n=0 样本不足(<200)
── touch ──
  区间内          n=0 样本不足(<200)
  宽成对          n=0 样本不足(<200)
  孤立           n=0 样本不足(<200)
  孤立(对侧已破)     n=0 样本不足(<200)
  2~4          n=   2798 | M1 55.4% | M2P50 1.50 P90 4.98 | E1 1.101 | 拒绝 55.8%
  5~8          n=  10323 | M1 51.3% | M2P50 1.51 P90 4.84 | E1 1.104 | 拒绝 50.8%
  9+           n=  58978 | M1 49.9% | M2P50 1.48 P90 4.88 | E1 1.082 | 拒绝 49.4%
  <30          n=0 样本不足(<200)
  30~120       n=0 样本不足(<200)
  >120         n=0 样本不足(<200)
  低            n=0 样本不足(<200)
  中            n=0 样本不足(<200)
  高            n=0 样本不足(<200)
  未知           n=0 样本不足(<200)
── age ──
  区间内          n=0 样本不足(<200)
  宽成对          n=0 样本不足(<200)
  孤立           n=0 样本不足(<200)
  孤立(对侧已破)     n=0 样本不足(<200)
  2~4          n=0 样本不足(<200)
  5~8          n=0 样本不足(<200)
  9+           n=0 样本不足(<200)
  <30          n=   5153 | M1 52.3% | M2P50 1.48 P90 5.06 | E1 1.032 | 拒绝 52.4%
  30~120       n=   7466 | M1 50.8% | M2P50 1.52 P90 5.11 | E1 1.063 | 拒绝 50.8%
  >120         n=  59480 | M1 50.1% | M2P50 1.48 P90 4.84 | E1 1.093 | 拒绝 49.5%
  低            n=0 样本不足(<200)
  中            n=0 样本不足(<200)
  高            n=0 样本不足(<200)
  未知           n=0 样本不足(<200)
── vol ──
  区间内          n=0 样本不足(<200)
  宽成对          n=0 样本不足(<200)
  孤立           n=0 样本不足(<200)
  孤立(对侧已破)     n=0 样本不足(<200)
  2~4          n=0 样本不足(<200)
  5~8          n=0 样本不足(<200)
  9+           n=0 样本不足(<200)
  <30          n=0 样本不足(<200)
  30~120       n=0 样本不足(<200)
  >120         n=0 样本不足(<200)
  低            n=  26038 | M1 50.6% | M2P50 1.67 P90 5.63 | E1 1.015 | 拒绝 50.0%
  中            n=  18890 | M1 50.2% | M2P50 1.47 P90 4.64 | E1 1.051 | 拒绝 49.8%
  高            n=  27111 | M1 50.1% | M2P50 1.34 P90 4.26 | E1 1.178 | 拒绝 49.8%
  未知           n=60 样本不足(<200)
── vol (触碰时刻分布) ──
  高: 37.6% | 低: 36.1% | 中: 26.2% | 未知: 0.1%
  无条件: 低: 43.8% | 高: 29.3% | 中: 25.1% | 未知: 1.8%
── M4 约束场 ──
  贴近位带(±0.5ATR) ATR 64.544 vs 远离 63.638 | 比率 1.014 (near 69729 bars, far 1602664 bars)

══════════════════════════════════════════════════════════════
B3 GBM 4h 参数(min_touch=3, tol=0.5)
══════════════════════════════════════════════════════════════
位数 1265 | 触碰 38448 | 拒绝率 47.1% | 突破率 53.3%
── structure ──
  区间内          n=    240 | M1 58.8% | M2P50 2.32 P90 5.53 | E1 1.009 | 拒绝 59.2%
  宽成对          n=  14453 | M1 48.8% | M2P50 2.14 P90 6.02 | E1 1.014 | 拒绝 46.0%
  孤立           n=  15333 | M1 50.5% | M2P50 2.19 P90 6.16 | E1 1.014 | 拒绝 46.7%
  孤立(对侧已破)     n=   8422 | M1 51.1% | M2P50 2.22 P90 6.15 | E1 1.011 | 拒绝 47.6%
  2~4          n=0 样本不足(<200)
  5~8          n=0 样本不足(<200)
  9+           n=0 样本不足(<200)
  <30          n=0 样本不足(<200)
  30~120       n=0 样本不足(<200)
  >120         n=0 样本不足(<200)
  低            n=0 样本不足(<200)
  中            n=0 样本不足(<200)
  高            n=0 样本不足(<200)
  未知           n=0 样本不足(<200)
── touch ──
  区间内          n=0 样本不足(<200)
  宽成对          n=0 样本不足(<200)
  孤立           n=0 样本不足(<200)
  孤立(对侧已破)     n=0 样本不足(<200)
  2~4          n=   1213 | M1 52.3% | M2P50 2.23 P90 5.91 | E1 1.014 | 拒绝 50.6%
  5~8          n=   4501 | M1 50.7% | M2P50 2.25 P90 6.00 | E1 1.013 | 拒绝 47.6%
  9+           n=  32734 | M1 49.9% | M2P50 2.17 P90 6.12 | E1 1.013 | 拒绝 46.5%
  <30          n=0 样本不足(<200)
  30~120       n=0 样本不足(<200)
  >120         n=0 样本不足(<200)
  低            n=0 样本不足(<200)
  中            n=0 样本不足(<200)
  高            n=0 样本不足(<200)
  未知           n=0 样本不足(<200)
── age ──
  区间内          n=0 样本不足(<200)
  宽成对          n=0 样本不足(<200)
  孤立           n=0 样本不足(<200)
  孤立(对侧已破)     n=0 样本不足(<200)
  2~4          n=0 样本不足(<200)
  5~8          n=0 样本不足(<200)
  9+           n=0 样本不足(<200)
  <30          n=   2210 | M1 50.4% | M2P50 2.17 P90 6.04 | E1 1.011 | 拒绝 48.4%
  30~120       n=   3332 | M1 50.7% | M2P50 2.20 P90 6.03 | E1 1.013 | 拒绝 46.8%
  >120         n=  32906 | M1 50.0% | M2P50 2.18 P90 6.11 | E1 1.014 | 拒绝 46.6%
  低            n=0 样本不足(<200)
  中            n=0 样本不足(<200)
  高            n=0 样本不足(<200)
  未知           n=0 样本不足(<200)
── vol ──
  区间内          n=0 样本不足(<200)
  宽成对          n=0 样本不足(<200)
  孤立           n=0 样本不足(<200)
  孤立(对侧已破)     n=0 样本不足(<200)
  2~4          n=0 样本不足(<200)
  5~8          n=0 样本不足(<200)
  9+           n=0 样本不足(<200)
  <30          n=0 样本不足(<200)
  30~120       n=0 样本不足(<200)
  >120         n=0 样本不足(<200)
  低            n=  12656 | M1 49.7% | M2P50 2.24 P90 6.21 | E1 0.994 | 拒绝 46.4%
  中            n=  10078 | M1 50.3% | M2P50 2.21 P90 6.18 | E1 1.012 | 拒绝 46.7%
  高            n=  15686 | M1 50.1% | M2P50 2.12 P90 5.94 | E1 1.030 | 拒绝 47.0%
  未知           n=28 样本不足(<200)
── vol (触碰时刻分布) ──
  高: 40.8% | 低: 32.9% | 中: 26.2% | 未知: 0.1%
  无条件: 低: 38.2% | 高: 35.9% | 中: 24.1% | 未知: 1.8%
── M4 约束场 ──
  贴近位带(±0.5ATR) ATR 5.847 vs 远离 6.380 | 比率 0.917 (near 26191 bars, far 704329 bars)

── 净差矩阵 (真实−GBM) 4h 参数(3,0.5) ──
层         桶               n_真实   n_GBM     M1Δ   M2P50Δ   M2P90Δ     E1Δ     拒绝Δ
structure 区间内             1237     240   -0.6%   -0.804   -0.046   0.025    0.9%
structure 宽成对            27456   14453    0.4%   -0.663   -1.136   0.073    2.6%
structure 孤立             23908   15333    0.3%   -0.631   -1.243   0.082    3.2%
structure 孤立(对侧已破)       19498    8422   -0.3%   -0.815   -1.350   0.064    3.3%
touch     2~4             2798    1213    3.0%   -0.731   -0.925   0.086    5.1%
touch     5~8            10323    4501    0.6%   -0.749   -1.158   0.090    3.2%
touch     9+             58978   32734    0.0%   -0.685   -1.234   0.069    3.0%
age       <30             5153    2210    1.9%   -0.691   -0.978   0.021    4.0%
age       30~120          7466    3332    0.1%   -0.675   -0.922   0.050    4.0%
age       >120           59480   32906    0.1%   -0.696   -1.273   0.080    2.9%
