
════════════════════════════════════════════════════════════════════════════
B4e 真实 (1h, mt=2, tol=0.3)
════════════════════════════════════════════════════════════════════════════
limit 成交率: 触下沿 61.3% | 触上沿 63.6%

── 分层: 全体 ──
side      S 层            n       胜率       期望
resistance  0.7 全体        2010    16.9%  -0.5179
resistance  1.0 全体        2010    13.1%  -0.5542
support  0.7 全体        2257    80.6%  +0.6110
support  1.0 全体        2257    86.3%  +0.7187

── 分层: pos ──
side      S 层            n       胜率       期望

── 分层: sq ──
side      S 层            n       胜率       期望

════════════════════════════════════════════════════════════════════════════
B4e GBM (1h, mt=2, tol=0.3)
════════════════════════════════════════════════════════════════════════════
limit 成交率: 触下沿 67.3% | 触上沿 68.1%

── 分层: 全体 ──
side      S 层            n       胜率       期望
resistance  0.7 全体        1113    20.9%  -0.5067
resistance  1.0 全体        1113    16.6%  -0.5553
support  0.7 全体        1087    80.8%  +0.6155
support  1.0 全体        1087    86.8%  +0.7351

── 分层: pos ──
side      S 层            n       胜率       期望

── 分层: sq ──
side      S 层            n       胜率       期望

── 净差 (真实−GBM) ──
side      S 层           Δ胜率       Δ期望
resistance  0.7 回收      269/171  n 不足
resistance  0.7 全体        -4.0%   -0.0112
resistance  1.0 回收      269/171  n 不足
resistance  1.0 全体        -3.6%   +0.0010
resistance  0.7 中间        -7.0%   -0.0800
resistance  1.0 中间        -5.8%   -0.0539
resistance  0.7 中间        -2.8%   -0.0156
resistance  1.0 中间        -3.0%   -0.0133
resistance  0.7 中间      185/54   n 不足
resistance  1.0 中间      185/54   n 不足
resistance  0.7 极值       82/31   n 不足
resistance  1.0 极值       82/31   n 不足
resistance  0.7 回收      216/138  n 不足
resistance  1.0 回收      216/138  n 不足
resistance  0.7 回收       60/53   n 不足
resistance  1.0 回收       60/53   n 不足
support  0.7 中间        +2.2%   +0.0423
support  0.7 全体        -0.1%   -0.0045
support  1.0 中间        +2.6%   +0.0442
support  1.0 全体        -0.4%   -0.0164
support  0.7 回收       87/51   n 不足
support  1.0 回收       87/51   n 不足
support  0.7 极值      133/38   n 不足
support  1.0 极值      133/38   n 不足
support  0.7 回收      314/181  n 不足
support  1.0 回收      314/181  n 不足
support  0.7 中间        +1.7%   +0.0322
support  1.0 中间        -1.0%   -0.0259
support  0.7 回收      220/130  n 不足
support  1.0 回收      220/130  n 不足
support  0.7 中间      174/55   n 不足
support  1.0 中间      174/55   n 不足
support  0.7 极值       50/4    n 不足
support  1.0 极值       50/4    n 不足
resistance  0.7 极值       40/5    n 不足
resistance  1.0 极值       40/5    n 不足

── 分年 (多空合并, S=0.7/1.0, 全体层) ──
  support S=0.7: 2023:Δ胜率+1.1% 2024:Δ胜率+1.1% 2025:Δ胜率-3.4% 2026:Δ胜率+nan%
  resistance S=0.7: 2023:Δ胜率-6.9% 2024:Δ胜率-4.1% 2025:Δ胜率+2.8% 2026:Δ胜率+nan%
  support S=1.0: 2023:Δ胜率+2.0% 2024:Δ胜率-0.6% 2025:Δ胜率-3.6% 2026:Δ胜率+nan%
  resistance S=1.0: 2023:Δ胜率-6.7% 2024:Δ胜率-4.6% 2025:Δ胜率+3.8% 2026:Δ胜率+nan%
