# meta: study_id=c14_displacement_constraint date=2026-08-13 script_sha256=d34ae573a0b9f08e6524e05408764ae68208481f6a98ad316ba629725b5de541 data_range=2023-08..2026-08 params=tf=1h,4h,mt_tol=2/0.3;3/0.5,W=24,depth=0.5,life=600,lag_lo=24,lag_hi=60,gbm_seeds=30 gate=MIN_GBM_SEEDS=30,MIN_N=200(描述层不适用)
# GATE: gbm_seeds=30 口径: 描述层无入场, 1:1 WR 不适用; 无条件基线(全部触碰 M2P50 ATR归一): 真实1h(2,0.3) 1.544 (n=460250) vs GBM30种子 mean 2.223 (n=772859) [PASS] (探测器=同管线GBM null); MIN_N 描述层不适用(事件n见RESULTS)
# RESULTS: 20 标的 × 1h/4h × 2023-08..2026-08; 4 组合; 描述层无入场, 无交易含义

[H1/H2] M2P50Δ/M2P90Δ = 真实分位 − GBM分位 (ATR 归一; 因果版结构层; ΔP50≤-0.4, ΔP90≤-0.5 为达标)
组合 1h (2,0.3):
  区间内        n=23559/18108   ΔP50=-1.035 ΔP90=-1.253
  宽成对        n=95704/149008  ΔP50=-0.659 ΔP90=-1.275
  孤立         n=297850/559170  ΔP50=-0.661 ΔP90=-1.161
  孤立(对侧已破)   n=43137/46573   ΔP50=-0.950 ΔP90=-1.161
  全部触碰       n=460250/772859  ΔP50=-0.679 ΔP90=-1.167
组合 1h (3,0.5):
  区间内        n=14810/10593   ΔP50=-0.870 ΔP90=-1.045
  宽成对        n=55336/81017   ΔP50=-0.661 ΔP90=-1.236
  孤立         n=219380/411217  ΔP50=-0.661 ΔP90=-1.150
  孤立(对侧已破)   n=24310/25640   ΔP50=-0.848 ΔP90=-1.063
  全部触碰       n=313836/528467  ΔP50=-0.668 ΔP90=-1.140
组合 4h (2,0.3):
  区间内        n=5509/4700    ΔP50=-1.063 ΔP90=-0.953
  宽成对        n=16146/26272   ΔP50=-0.686 ΔP90=-1.324
  孤立         n=24502/32664   ΔP50=-0.664 ΔP90=-1.394
  孤立(对侧已破)   n=9966/11464   ΔP50=-0.899 ΔP90=-1.196
  全部触碰       n=56123/75100   ΔP50=-0.728 ΔP90=-1.281
组合 4h (3,0.5):
  区间内        n=3630/3171    ΔP50=-0.939 ΔP90=-0.623
  宽成对        n=10859/17908   ΔP50=-0.656 ΔP90=-1.283
  孤立         n=20308/27834   ΔP50=-0.632 ΔP90=-1.307
  孤立(对侧已破)   n=6091/7274    ΔP50=-0.808 ΔP90=-1.150
  全部触碰       n=40888/56187   ΔP50=-0.684 ΔP90=-1.212

[H3] 泄漏敏感性: 因果版 vs B3 alive_at 版 (区间内 ΔP50 相对差异 = |Δ_causal−Δ_aliveat|/|Δ_causal|)
  1h (2,0.3): 因果 ΔP50=-1.035 vs aliveat ΔP50=-1.035 rel=0.0% (n_因果=23559/18108 n_aliveat=23559/18108)
  1h (3,0.5): 因果 ΔP50=-0.870 vs aliveat ΔP50=-0.870 rel=0.0% (n_因果=14810/10593 n_aliveat=14810/10593)
  4h (2,0.3): 因果 ΔP50=-1.063 vs aliveat ΔP50=-1.063 rel=0.0% (n_因果=5509/4700 n_aliveat=5509/4700)
  4h (3,0.5): 因果 ΔP50=-0.939 vs aliveat ΔP50=-0.939 rel=0.0% (n_因果=3630/3171 n_aliveat=3630/3171)
[对照-历史] B3(旧, 已作废, 泄漏条件化) 1h(2,0.3) 区间内 M2P50Δ=-0.675 M2P90Δ=-1.212 (仅形状参照, 不作证据)

# BY_YEAR: 1h (2,0.3) 2024 ΔP50=-0.686 (n=143886/227557) | 1h (2,0.3) 2025 ΔP50=-0.659 (n=206591/299771) | 1h (2,0.3) 2026 ΔP50=-0.686 (n=96203/222036) | 1h (3,0.5) 2024 ΔP50=-0.676 (n=101624/159987) | 1h (3,0.5) 2025 ΔP50=-0.646 (n=135820/204728) | 1h (3,0.5) 2026 ΔP50=-0.688 (n=65596/145423) | 4h (2,0.3) 2024 ΔP50=-0.775 (n=14596/16255) | 4h (2,0.3) 2025 ΔP50=-0.736 (n=28356/33702) | 4h (2,0.3) 2026 ΔP50=-0.690 (n=12456/24164) | 4h (3,0.5) 2024 ΔP50=-0.675 (n=10926/12872) | 4h (3,0.5) 2025 ΔP50=-0.715 (n=20740/25411) | 4h (3,0.5) 2026 ΔP50=-0.625 (n=8731/17351)
