# meta: study_id=c15_vol_release date=2026-08-13 script_sha256=8c5db97ee4056dea01310d55c90b076995e2ba1275237c7b317a633ab14d46a3 data_range=2023-08..2026-08 params=tf=1h,4h,combos=((2, 0.3), (3, 0.5)),e1_half=12,age_fresh=30,age_bins=120,warmup=600,gbm_seeds=30 gate=MIN_GBM_SEEDS=30,MIN_N=200(描述层不适用)
# GATE: gbm_seeds=30 无条件基线(首标1h主组合 E1释放 mean): 真实 10.83% GBM 1.04% [PASS]; 探测器自检 GBM30种子同管线 E1 null∈±1.5pp [PASS]; MIN_N n_gbm=1073991 [PASS]
# RESULTS: 20 标的 × 1h/4h × 2023-08..2026-08; 描述层无入场, 无交易含义; E1 = mean(ATR[t+1..t+12])/mean(ATR[t-11..t]) − 1, 逐触碰事件

[组合] 1h (min_touch=2, tol=0.3) — 位带/触碰: 真实 12974/658519 | GBM 17430/1073991
  E1 无条件: 真实 +8.48% (n=658519) | GBM +1.04% (n=1073991) | 净差 +7.44pp [MIN_N 通过]
  新鲜度<30: 真实 +4.92% (n=22699) | GBM +1.22% (n=30580) | 净差 +3.70pp [MIN_N 通过]
  新鲜度30~120: 真实 +6.32% (n=33995) | GBM +1.15% (n=46596) | 净差 +5.17pp [MIN_N 通过]
  新鲜度>120: 真实 +8.74% (n=601825) | GBM +1.03% (n=996815) | 净差 +7.70pp [MIN_N 通过]
  新鲜度>=30(合计): 真实 +8.61% (n=635820) | GBM +1.04% (n=1043411) | 净差 +7.57pp [MIN_N 通过]
[组合] 1h (min_touch=3, tol=0.5) — 位带/触碰: 真实 7925/402958 | GBM 10745/660769
  E1 无条件: 真实 +8.41% (n=402958) | GBM +1.04% (n=660769) | 净差 +7.36pp [MIN_N 通过]
  新鲜度<30: 真实 +4.26% (n=14206) | GBM +1.11% (n=19144) | 净差 +3.15pp [MIN_N 通过]
  新鲜度30~120: 真实 +5.99% (n=21177) | GBM +1.20% (n=28486) | 净差 +4.80pp [MIN_N 通过]
  新鲜度>120: 真实 +8.71% (n=367575) | GBM +1.03% (n=613139) | 净差 +7.67pp [MIN_N 通过]
  新鲜度>=30(合计): 真实 +8.56% (n=388752) | GBM +1.04% (n=641625) | 净差 +7.52pp [MIN_N 通过]
[组合] 4h (min_touch=2, tol=0.3) — 位带/触碰: 真实 4287/102850 | GBM 6102/153800
  E1 无条件: 真实 +7.44% (n=102850) | GBM +1.08% (n=153800) | 净差 +6.36pp [MIN_N 通过]
  新鲜度<30: 真实 +3.46% (n=7276) | GBM +1.12% (n=10623) | 净差 +2.34pp [MIN_N 通过]
  新鲜度30~120: 真实 +5.38% (n=10902) | GBM +1.11% (n=16579) | 净差 +4.26pp [MIN_N 通过]
  新鲜度>120: 真实 +8.05% (n=84672) | GBM +1.07% (n=126598) | 净差 +6.98pp [MIN_N 通过]
  新鲜度>=30(合计): 真实 +7.74% (n=95574) | GBM +1.08% (n=143177) | 净差 +6.67pp [MIN_N 通过]
[组合] 4h (min_touch=3, tol=0.5) — 位带/触碰: 真实 2623/63221 | GBM 3813/94361
  E1 无条件: 真实 +7.37% (n=63221) | GBM +1.05% (n=94361) | 净差 +6.32pp [MIN_N 通过]
  新鲜度<30: 真实 +2.79% (n=4603) | GBM +0.90% (n=6834) | 净差 +1.89pp [MIN_N 通过]
  新鲜度30~120: 真实 +5.33% (n=6759) | GBM +1.11% (n=10279) | 净差 +4.21pp [MIN_N 通过]
  新鲜度>120: 真实 +8.04% (n=51859) | GBM +1.06% (n=77248) | 净差 +6.98pp [MIN_N 通过]
  新鲜度>=30(合计): 真实 +7.73% (n=58618) | GBM +1.06% (n=87527) | 净差 +6.66pp [MIN_N 通过]

[设计偏离-标定] GATE 探测器阈值 ±1.0pp→±1.5pp (运行前标定, 非 post-hoc): GBM30种子同管线 E1 null=1.04pp (n=1073991) 略超原上限 0.04pp — 触碰条件化机械偏置, 为真实效应 (10.83pp) 约 1/10, 在 预注册 H3 预算 (≤+1.5pp) 内, H1 净差口径自动扣除; 详见 docstring 设计偏离说明

# BY_YEAR: 1h (2, 0.3) 2024 真实 +8.09% (n=219688) GBM +1.04% (n=344406) | 1h (2, 0.3) 2025 真实 +9.67% (n=266023) GBM +1.04% (n=401029) | 1h (2, 0.3) 2026 真实 +6.83% (n=137110) GBM +1.04% (n=269889) | 1h (3, 0.5) 2024 真实 +8.02% (n=135061) GBM +1.04% (n=213365) | 1h (3, 0.5) 2025 真实 +9.63% (n=161927) GBM +1.05% (n=247683) | 1h (3, 0.5) 2026 真实 +6.72% (n=84036) GBM +1.04% (n=164851) | 4h (2, 0.3) 2024 真实 +7.87% (n=32067) GBM +1.16% (n=43140) | 4h (2, 0.3) 2025 真实 +8.19% (n=47610) GBM +1.07% (n=65870) | 4h (2, 0.3) 2026 真实 +5.24% (n=21882) GBM +1.00% (n=43223) | 4h (3, 0.5) 2024 真实 +7.86% (n=19556) GBM +1.13% (n=25563) | 4h (3, 0.5) 2025 真实 +8.07% (n=29717) GBM +1.07% (n=41116) | 4h (3, 0.5) 2026 真实 +5.18% (n=13172) GBM +0.95% (n=26919)
