# meta: study_id=c16_range_persistence date=2026-08-13 script_sha256=dc10362a7eb940b624f807f6af7e3e9f5b25d1129420d93feda382b0d7a70e9c data_range=2023-08..2026-08 params=tf=1h,4h,combos=((2, 0.3), (3, 0.5)),w_list=(6, 12, 24),w_rev=24,warmup=600,gbm_seeds=30 gate=MIN_GBM_SEEDS=30,MIN_N=200(描述层不适用)
# GATE: gbm_seeds=30 无条件基线(首标1h主组合 allbar-w6 留存): 真实 62.8% GBM 64.2% [PASS]; 探测器: 状态对拍错位 0 [PASS], GBM 触碰留存 w6/w12/w24 50.3%/43.9%/36.2% 单调不升 [PASS], GBM 全体留存 w6/w12/w24 64.2%/57.1%/49.2% 单调不升 [PASS], per-seed 触碰w6 mean 50.1% [min 44.1%, max 56.5%] [PASS]; MIN_N n_gbm=7096 [PASS]
# RESULTS: 20 标的 × 1h/4h × 2023-08..2026-08; 描述层无入场, 无交易含义; 留存率 = 样本 bar 后 w 根 close ∈ [S,R] 占比 (双边界); GBM = 首标×30 种子同管线; 触碰样本 = 因果存活区间边界触碰 ([t-23,t] 内 confirmed 的样本剔除)

[组合] 1h (min_touch=2, tol=0.3) — 位带: 真实 12974 | GBM 17430 (n_sym=20, GBM 首标×30种子)
  [H1] 触碰留存 w=6: 真实 54.3% (n=9131) | GBM 50.3% (n=7096) | 净差 +4.0pp [MIN_N 通过]
  [H1] 触碰留存 w=12: 真实 46.6% (n=9131) | GBM 43.9% (n=7096) | 净差 +2.8pp [MIN_N 通过]
  [H1] 触碰留存 w=24: 真实 38.0% (n=9131) | GBM 36.2% (n=7096) | 净差 +1.8pp [MIN_N 通过]
  [H2] 全体区间bar留存 w=6: 真实 62.9% (n=13312) | GBM 64.2% (n=14166) | 净差 -1.2pp [MIN_N 通过]
  [H2] 全体区间bar留存 w=12: 真实 55.4% (n=13312) | GBM 57.1% (n=14166) | 净差 -1.8pp [MIN_N 通过]
  [H2] 全体区间bar留存 w=24: 真实 46.7% (n=13312) | GBM 49.2% (n=14166) | 净差 -2.6pp [MIN_N 通过]
  [H3] 剩余存续: 真实 mean 11.2 中位 4.0 (n=9131) | GBM mean 8.2 中位 3.0 (n=7096) | Δmean 2.9 根 [MIN_N 通过]
  [H4] 反向概率合计 w=24: 真实 51.6% (n=9131) | GBM 55.4% (n=7096) | 净差 -3.8pp
  [H4-up] 反向概率 w=24: 真实 54.6% (n=1076) | GBM 57.3% (n=618) | 净差 -2.7pp [MIN_N 通过]
  [H4-down] 反向概率 w=24: 真实 54.0% (n=1101) | GBM 56.6% (n=663) | 净差 -2.6pp [MIN_N 通过]
  [H4-range] 反向概率 w=24: 真实 48.0% (n=710) | GBM 53.2% (n=327) | 净差 -5.2pp [MIN_N 通过]
  [H4-transition] 反向概率 w=24: 真实 51.1% (n=6244) | GBM 55.2% (n=5488) | 净差 -4.1pp [MIN_N 通过]
  [H4-unknown] 反向概率 w=24: 真实 - (n=0) | GBM - (n=0) | 净差 - [MIN_N 不足]
  [诊断] 区间宽 (ATR): 真实 mean 3.1 中位 2.1 | GBM mean 5.1 中位 3.3
[组合] 1h (min_touch=3, tol=0.5) — 位带: 真实 7925 | GBM 10745 (n_sym=20, GBM 首标×30种子)
  [H1] 触碰留存 w=6: 真实 58.2% (n=11739) | GBM 51.2% (n=8343) | 净差 +7.0pp [MIN_N 通过]
  [H1] 触碰留存 w=12: 真实 49.6% (n=11739) | GBM 44.4% (n=8343) | 净差 +5.2pp [MIN_N 通过]
  [H1] 触碰留存 w=24: 真实 40.4% (n=11739) | GBM 36.6% (n=8343) | 净差 +3.8pp [MIN_N 通过]
  [H2] 全体区间bar留存 w=6: 真实 67.8% (n=17427) | GBM 67.6% (n=17014) | 净差 +0.2pp [MIN_N 通过]
  [H2] 全体区间bar留存 w=12: 真实 59.9% (n=17427) | GBM 60.9% (n=17014) | 净差 -1.0pp [MIN_N 通过]
  [H2] 全体区间bar留存 w=24: 真实 50.8% (n=17427) | GBM 53.4% (n=17014) | 净差 -2.5pp [MIN_N 通过]
  [H3] 剩余存续: 真实 mean 11.9 中位 5.0 (n=11739) | GBM mean 9.0 中位 3.0 (n=8343) | Δmean 2.9 根 [MIN_N 通过]
  [H4] 反向概率合计 w=24: 真实 51.0% (n=11739) | GBM 53.2% (n=8343) | 净差 -2.2pp
  [H4-up] 反向概率 w=24: 真实 53.0% (n=1056) | GBM 54.7% (n=559) | 净差 -1.7pp [MIN_N 通过]
  [H4-down] 反向概率 w=24: 真实 52.6% (n=1151) | GBM 53.4% (n=652) | 净差 -0.7pp [MIN_N 通过]
  [H4-range] 反向概率 w=24: 真实 49.7% (n=1046) | GBM 50.1% (n=507) | 净差 -0.4pp [MIN_N 通过]
  [H4-transition] 反向概率 w=24: 真实 50.6% (n=8486) | GBM 53.3% (n=6625) | 净差 -2.7pp [MIN_N 通过]
  [H4-unknown] 反向概率 w=24: 真实 - (n=0) | GBM - (n=0) | 净差 - [MIN_N 不足]
  [诊断] 区间宽 (ATR): 真实 mean 3.7 中位 2.4 | GBM mean 6.0 中位 3.7
[组合] 4h (min_touch=2, tol=0.3) — 位带: 真实 4287 | GBM 6102 (n_sym=20, GBM 首标×30种子)
  [H1] 触碰留存 w=6: 真实 56.9% (n=3100) | GBM 51.7% (n=2803) | 净差 +5.3pp [MIN_N 通过]
  [H1] 触碰留存 w=12: 真实 48.9% (n=3100) | GBM 45.4% (n=2803) | 净差 +3.5pp [MIN_N 通过]
  [H1] 触碰留存 w=24: 真实 39.9% (n=3100) | GBM 37.9% (n=2803) | 净差 +2.0pp [MIN_N 通过]
  [H2] 全体区间bar留存 w=6: 真实 66.2% (n=4764) | GBM 65.6% (n=5832) | 净差 +0.7pp [MIN_N 通过]
  [H2] 全体区间bar留存 w=12: 真实 58.2% (n=4764) | GBM 58.3% (n=5832) | 净差 -0.1pp [MIN_N 通过]
  [H2] 全体区间bar留存 w=24: 真实 49.2% (n=4764) | GBM 50.2% (n=5832) | 净差 -1.0pp [MIN_N 通过]
  [H3] 剩余存续: 真实 mean 11.5 中位 6.0 (n=3100) | GBM mean 8.9 中位 4.0 (n=2803) | Δmean 2.6 根 [MIN_N 通过]
  [H4] 反向概率合计 w=24: 真实 51.1% (n=3100) | GBM 55.9% (n=2803) | 净差 -4.8pp
  [H4-up] 反向概率 w=24: 真实 52.0% (n=358) | GBM 57.4% (n=251) | 净差 -5.4pp [MIN_N 通过]
  [H4-down] 反向概率 w=24: 真实 49.2% (n=484) | GBM 54.7% (n=278) | 净差 -5.5pp [MIN_N 通过]
  [H4-range] 反向概率 w=24: 真实 52.6% (n=175) | GBM 54.6% (n=108) | 净差 -2.1pp [MIN_N 不足]
  [H4-transition] 反向概率 w=24: 真实 51.2% (n=2083) | GBM 55.9% (n=2166) | 净差 -4.7pp [MIN_N 通过]
  [H4-unknown] 反向概率 w=24: 真实 - (n=0) | GBM - (n=0) | 净差 - [MIN_N 不足]
  [诊断] 区间宽 (ATR): 真实 mean 3.4 中位 2.5 | GBM mean 5.3 中位 3.6
[组合] 4h (min_touch=3, tol=0.5) — 位带: 真实 2623 | GBM 3813 (n_sym=20, GBM 首标×30种子)
  [H1] 触碰留存 w=6: 真实 59.7% (n=3400) | GBM 53.1% (n=2982) | 净差 +6.6pp [MIN_N 通过]
  [H1] 触碰留存 w=12: 真实 51.3% (n=3400) | GBM 46.9% (n=2982) | 净差 +4.4pp [MIN_N 通过]
  [H1] 触碰留存 w=24: 真实 42.4% (n=3400) | GBM 39.4% (n=2982) | 净差 +3.0pp [MIN_N 通过]
  [H2] 全体区间bar留存 w=6: 真实 71.7% (n=5660) | GBM 70.8% (n=6504) | 净差 +1.0pp [MIN_N 通过]
  [H2] 全体区间bar留存 w=12: 真实 63.8% (n=5660) | GBM 64.1% (n=6504) | 净差 -0.3pp [MIN_N 通过]
  [H2] 全体区间bar留存 w=24: 真实 54.6% (n=5660) | GBM 56.6% (n=6504) | 净差 -2.0pp [MIN_N 通过]
  [H3] 剩余存续: 真实 mean 14.8 中位 6.5 (n=3400) | GBM mean 10.4 中位 4.0 (n=2982) | Δmean 4.4 根 [MIN_N 通过]
  [H4] 反向概率合计 w=24: 真实 50.5% (n=3400) | GBM 53.1% (n=2982) | 净差 -2.6pp
  [H4-up] 反向概率 w=24: 真实 50.6% (n=332) | GBM 54.1% (n=196) | 净差 -3.5pp [MIN_N 通过]
  [H4-down] 反向概率 w=24: 真实 50.5% (n=434) | GBM 49.8% (n=271) | 净差 +0.6pp [MIN_N 通过]
  [H4-range] 反向概率 w=24: 真实 49.5% (n=210) | GBM 47.3% (n=148) | 净差 +2.2pp [MIN_N 通过]
  [H4-transition] 反向概率 w=24: 真实 50.6% (n=2424) | GBM 53.7% (n=2367) | 净差 -3.1pp [MIN_N 通过]
  [H4-unknown] 反向概率 w=24: 真实 - (n=0) | GBM - (n=0) | 净差 - [MIN_N 不足]
  [诊断] 区间宽 (ATR): 真实 mean 4.3 中位 3.0 | GBM mean 6.5 中位 4.4

# BY_YEAR: 1h (2 ,0.3) 2024 touch-w6 真实54.1% GBM50.7% | allbar-w6 真实62.6% GBM63.7% | remain 真实11.1 GBM7.9 | rev 真实52.1% GBM56.0% | 1h (2 ,0.3) 2025 touch-w6 真实49.1% GBM49.7% | allbar-w6 真实59.7% GBM64.3% | remain 真实9.6 GBM8.1 | rev 真实49.8% GBM55.9% | 1h (2 ,0.3) 2026 touch-w6 真实52.5% GBM48.2% | allbar-w6 真实59.1% GBM58.9% | remain 真实8.5 GBM7.2 | rev 真实50.9% GBM54.0% | 1h (3 ,0.5) 2024 touch-w6 真实58.3% GBM50.9% | allbar-w6 真实68.9% GBM66.6% | remain 真实12.7 GBM8.6 | rev 真实51.0% GBM52.5% | 1h (3 ,0.5) 2025 touch-w6 真实54.7% GBM50.4% | allbar-w6 真实63.3% GBM66.7% | remain 真实8.8 GBM8.9 | rev 真实48.8% GBM55.1% | 1h (3 ,0.5) 2026 touch-w6 真实56.9% GBM47.7% | allbar-w6 真实65.0% GBM62.2% | remain 真实10.5 GBM7.2 | rev 真实51.0% GBM52.9% | 4h (2 ,0.3) 2024 touch-w6 真实57.7% GBM51.0% | allbar-w6 真实67.9% GBM67.0% | remain 真实12.5 GBM9.5 | rev 真实50.2% GBM55.0% | 4h (2 ,0.3) 2025 touch-w6 真实55.3% GBM50.5% | allbar-w6 真实65.0% GBM62.8% | remain 真实9.9 GBM8.1 | rev 真实49.3% GBM55.6% | 4h (2 ,0.3) 2026 touch-w6 真实57.2% GBM53.5% | allbar-w6 真实62.9% GBM64.4% | remain 真实10.5 GBM8.2 | rev 真实54.5% GBM58.6% | 4h (3 ,0.5) 2024 touch-w6 真实61.1% GBM55.2% | allbar-w6 真实75.5% GBM73.6% | remain 真实17.3 GBM11.8 | rev 真实49.2% GBM50.8% | 4h (3 ,0.5) 2025 touch-w6 真实57.1% GBM51.0% | allbar-w6 真实68.2% GBM68.1% | remain 真实9.0 GBM9.5 | rev 真实48.2% GBM53.9% | 4h (3 ,0.5) 2026 touch-w6 真实60.8% GBM51.6% | allbar-w6 真实69.9% GBM67.9% | remain 真实18.9 GBM8.7 | rev 真实55.5% GBM53.3%
