# meta: study_id=c17_countertrend_touch date=2026-08-13 script_sha256=853cd92c4fae9c3a61cc0c28bc982ea7bd210e0f84b2689d58b40db2810d7e52 data_range=2023-08..2026-08 params=tf=1h,4h,combos=((2, 0.3), (3, 0.5)),W=24,warmup=600,head_drop=120,role_w=24,role_lag_hi=60,gbm_seeds=30 gate=MIN_GBM_SEEDS=30,MIN_N=200(描述层不适用)
# GATE: gbm_seeds=30 无条件基线(首标1h主组合 D1 逆势侧沿趋势概率): 真实 45.17% GBM 50.66% [PASS]; 探测器自检 GBM30种子同管线 D1 null∈[49%,51%] [PASS]; MIN_N n_gbm=200611 [PASS]
# RESULTS: 20 标的 × 1h/4h × 2023-08..2026-08; 描述层无入场, 无交易含义; D1 = 触碰后 W=24 根端点沿趋势方向概率, 对数度量 sign(log(c[t+W]/c[t])), 以 close[t] 为参照; 逆势侧 = 涨趋势触阻力 + 跌趋势触支撑

[组合] 1h (min_touch=2, tol=0.3) — 位带/触碰: 真实 12743/658075 | GBM 17124/1073212
  D1 逆势侧: 真实 46.58% (n=162241) | GBM 50.66% (n=200611) | 净差 -4.09pp [MIN_N 通过]
  D1 顺势侧: 真实 46.89% (n=153903) | GBM 50.68% (n=192735) | 净差 -3.78pp [MIN_N 通过]
  D1 中性(无条件基线): 真实 48.80% (n=341931) | GBM 49.95% (n=679866) | 净差 -1.15pp [MIN_N 通过]
    up_resistance: 真实 46.16% (n=75545) | GBM 51.23% (n=103246) | 净差 -5.07pp [MIN_N 通过]
    up_support: 真实 46.49% (n=71460) | GBM 51.34% (n=96136) | 净差 -4.86pp [MIN_N 通过]
    dn_resistance: 真实 47.25% (n=82443) | GBM 50.01% (n=96599) | 净差 -2.76pp [MIN_N 通过]
    dn_support: 真实 46.94% (n=86696) | GBM 50.06% (n=97365) | 净差 -3.12pp [MIN_N 通过]
    阶段 early: 真实 48.06% (n=30257) | GBM 49.98% (n=28671) | 净差 -1.92pp [MIN_N 通过]
    阶段 accelerate: 真实 46.03% (n=34135) | GBM 50.70% (n=33263) | 净差 -4.68pp [MIN_N 通过]
    阶段 late: 真实 46.31% (n=97849) | GBM 50.79% (n=138677) | 净差 -4.48pp [MIN_N 通过]
  阶段梯度(early/accel/late 净差 max-min): 2.76pp
    角色 刚破: 真实 44.34% (n=28587) | GBM 45.38% (n=33509) | 净差 -1.04pp [MIN_N 通过]
    角色 未破: 真实 39.97% (n=90540) | GBM 43.21% (n=106021) | 净差 -3.25pp [MIN_N 通过]
  角色差(刚破−未破 净差): 2.20pp
[组合] 1h (min_touch=3, tol=0.5) — 位带/触碰: 真实 7772/402724 | GBM 10557/660373
  D1 逆势侧: 真实 46.47% (n=99235) | GBM 50.50% (n=123309) | 净差 -4.03pp [MIN_N 通过]
  D1 顺势侧: 真实 46.95% (n=94243) | GBM 50.63% (n=118669) | 净差 -3.67pp [MIN_N 通过]
  D1 中性(无条件基线): 真实 48.89% (n=209246) | GBM 49.96% (n=418395) | 净差 -1.07pp [MIN_N 通过]
    up_resistance: 真实 46.14% (n=46008) | GBM 50.95% (n=63511) | 净差 -4.81pp [MIN_N 通过]
    up_support: 真实 46.63% (n=44104) | GBM 51.37% (n=59302) | 净差 -4.74pp [MIN_N 通过]
    dn_resistance: 真实 47.24% (n=50139) | GBM 49.89% (n=59367) | 净差 -2.65pp [MIN_N 通过]
    dn_support: 真实 46.76% (n=53227) | GBM 50.03% (n=59798) | 净差 -3.27pp [MIN_N 通过]
    阶段 early: 真实 48.24% (n=18574) | GBM 49.69% (n=17628) | 净差 -1.45pp [MIN_N 通过]
    阶段 accelerate: 真实 45.63% (n=20934) | GBM 50.37% (n=20475) | 净差 -4.74pp [MIN_N 通过]
    阶段 late: 真实 46.22% (n=59727) | GBM 50.70% (n=85206) | 净差 -4.49pp [MIN_N 通过]
  阶段梯度(early/accel/late 净差 max-min): 3.29pp
    角色 刚破: 真实 45.15% (n=18053) | GBM 46.18% (n=22497) | 净差 -1.03pp [MIN_N 通过]
    角色 未破: 真实 40.36% (n=57155) | GBM 44.14% (n=67932) | 净差 -3.78pp [MIN_N 通过]
  角色差(刚破−未破 净差): 2.75pp
[组合] 4h (min_touch=2, tol=0.3) — 位带/触碰: 真实 4074/102436 | GBM 5811/153264
  D1 逆势侧: 真实 46.26% (n=25301) | GBM 50.03% (n=27243) | 净差 -3.77pp [MIN_N 通过]
  D1 顺势侧: 真实 46.62% (n=22411) | GBM 50.61% (n=24872) | 净差 -3.99pp [MIN_N 通过]
  D1 中性(无条件基线): 真实 44.79% (n=54724) | GBM 49.28% (n=101149) | 净差 -4.49pp [MIN_N 通过]
    up_resistance: 真实 45.48% (n=11599) | GBM 50.01% (n=14045) | 净差 -4.53pp [MIN_N 通过]
    up_support: 真实 46.26% (n=10907) | GBM 50.68% (n=12492) | 净差 -4.42pp [MIN_N 通过]
    dn_resistance: 真实 46.96% (n=11504) | GBM 50.54% (n=12380) | 净差 -3.58pp [MIN_N 通过]
    dn_support: 真实 46.93% (n=13702) | GBM 50.06% (n=13198) | 净差 -3.13pp [MIN_N 通过]
    阶段 early: 真实 50.02% (n=4806) | GBM 50.06% (n=4159) | 净差 -0.04pp [MIN_N 通过]
    阶段 accelerate: 真实 45.23% (n=5138) | GBM 48.39% (n=4590) | 净差 -3.16pp [MIN_N 通过]
    阶段 late: 真实 45.43% (n=15357) | GBM 50.44% (n=18494) | 净差 -5.01pp [MIN_N 通过]
  阶段梯度(early/accel/late 净差 max-min): 4.97pp
    角色 刚破: 真实 44.50% (n=3980) | GBM 45.05% (n=4300) | 净差 -0.55pp [MIN_N 通过]
    角色 未破: 真实 39.80% (n=14524) | GBM 42.35% (n=14779) | 净差 -2.55pp [MIN_N 通过]
  角色差(刚破−未破 净差): 2.00pp
[组合] 4h (min_touch=3, tol=0.5) — 位带/触碰: 真实 2505/63008 | GBM 3642/94095
  D1 逆势侧: 真实 46.39% (n=15509) | GBM 49.95% (n=16674) | 净差 -3.56pp [MIN_N 通过]
  D1 顺势侧: 真实 46.52% (n=13913) | GBM 50.21% (n=15318) | 净差 -3.68pp [MIN_N 通过]
  D1 中性(无条件基线): 真实 44.94% (n=33586) | GBM 49.22% (n=62103) | 净差 -4.28pp [MIN_N 通过]
    up_resistance: 真实 45.56% (n=7079) | GBM 49.66% (n=8526) | 净差 -4.10pp [MIN_N 通过]
    up_support: 真实 46.26% (n=6811) | GBM 49.99% (n=7798) | 净差 -3.72pp [MIN_N 通过]
    dn_resistance: 真实 46.78% (n=7102) | GBM 50.44% (n=7520) | 净差 -3.66pp [MIN_N 通过]
    dn_support: 真实 47.09% (n=8430) | GBM 50.26% (n=8148) | 净差 -3.16pp [MIN_N 通过]
    阶段 early: 真实 49.88% (n=2937) | GBM 50.37% (n=2595) | 净差 -0.49pp [MIN_N 通过]
    阶段 accelerate: 真实 44.47% (n=3180) | GBM 48.89% (n=2804) | 净差 -4.43pp [MIN_N 通过]
    阶段 late: 真实 45.95% (n=9392) | GBM 50.12% (n=11275) | 净差 -4.17pp [MIN_N 通过]
  阶段梯度(early/accel/late 净差 max-min): 3.94pp
    角色 刚破: 真实 44.38% (n=2535) | GBM 46.38% (n=2887) | 净差 -2.00pp [MIN_N 通过]
    角色 未破: 真实 40.97% (n=9229) | GBM 43.09% (n=9368) | 净差 -2.12pp [MIN_N 通过]
  角色差(刚破−未破 净差): 0.12pp

[对照-历史] B5/B5b/B5c (2026-08-12 整体作废, 仅形状参照): B5 涨触阻力 D1=46.2% vs GBM 49.7% (净差-3.5pp), 中性 48.8% vs 50.2% (熊市漂移); B5b 阶段 up D1=45.6~46.7%, dn_early 49.5% (跌早期无反效); B5c 角色(泄漏版) up未破_support D1=59.0% vs GBM 69.0% (角色效应机械性)

# BY_YEAR: 1h (2, 0.3) 2024 真实 47.09% (n=55159) GBM 50.15% (n=64600) | 1h (2, 0.3) 2025 真实 46.28% (n=66110) GBM 51.01% (n=76052) | 1h (2, 0.3) 2026 真实 46.76% (n=32162) GBM 50.65% (n=49859) | 1h (3, 0.5) 2024 真实 47.23% (n=33853) GBM 49.96% (n=39950) | 1h (3, 0.5) 2025 真实 46.13% (n=40330) GBM 51.01% (n=46916) | 1h (3, 0.5) 2026 真实 46.42% (n=19678) GBM 50.35% (n=30447) | 4h (2, 0.3) 2024 真实 47.99% (n=8624) GBM 52.02% (n=7603) | 4h (2, 0.3) 2025 真实 43.20% (n=11265) GBM 49.75% (n=11817) | 4h (2, 0.3) 2026 真实 50.09% (n=5191) GBM 48.62% (n=7621) | 4h (3, 0.5) 2024 真实 47.99% (n=5278) GBM 52.19% (n=4476) | 4h (3, 0.5) 2025 真实 43.66% (n=7022) GBM 49.76% (n=7317) | 4h (3, 0.5) 2026 真实 49.90% (n=3062) GBM 48.20% (n=4772)
