# meta: study_id=c19_dow_lifecycle date=2026-08-13 script_sha256=0b550ac39d0ffae52d36e66958f9e73d72beabd99af7fa2600c4bb7ac231f4d6 data_range=2023-08..2026-08 params=tf=4h,W=48,climate_win=120,heat=(0.2, 0.6),head_drop=200,k_surv=25,gbm_seeds=30 gate=MIN_GBM_SEEDS=30,MIN_N=200(描述层不适用)
# GATE: gbm_seeds=30 无条件基线(GBM30种子同管线恢复率 null): 真实 67.24% GBM 82.70% [PASS]; 探测器自检: dow_segments 对拍 (golden 时序, 回撤@39 确认@42) [PASS], GBM 恢复率∈[70%,90%] 存活P(≥25)∈[30%,60%] [PASS]; MIN_N n_gbm=5452 [PASS]
# RESULTS: 20 标的 × 4h + 日线重采样 × 2023-08..2026-08; 描述层无入场, 无交易含义; 恢复窗口 = 回撤低点 pivot (j) 确认 bar (j+K) +1 起 48 根 (a6a 违规修复); 气候 = 事件确认时刻滚动 120 根 trend 占比 (a6b 整段占比修复); 日线 = daily_resample + 已收盘对齐 (a6d 语义)

[H1] 存活 P(段长≥25): 真实 49.35% (n_seg=4028) | GBM 45.02% (n_seg=6552) | 净差 +4.33pp [MIN_N 通过]
  存活曲线: k=15 真实 74.90% GBM 68.64% 净差 +6.27pp | k=25 真实 49.35% GBM 45.02% 净差 +4.33pp | k=40 真实 25.82% GBM 23.31% 净差 +2.51pp | k=60 真实 9.88% GBM 9.75% 净差 +0.13pp
    up 存活 P(≥25): 真实 47.27% (n=2018) | GBM 44.32% (n=3294) | 净差 +2.95pp [MIN_N 通过]
    down 存活 P(≥25): 真实 51.44% (n=2010) | GBM 45.73% (n=3258) | 净差 +5.71pp [MIN_N 通过]

[H2] 恢复率 (窗口 [j+K+1, j+K+48]): 真实 70.36% (n=4301) | GBM 82.70% (n=5452) | 净差 -12.35pp [MIN_N 通过]
    up: 真实 74.31% (n=1950) | GBM 82.78% (n=2631) | 净差 -8.47pp [MIN_N 通过]
    down: 真实 67.08% (n=2351) | GBM 82.63% (n=2821) | 净差 -15.55pp [MIN_N 通过]

[H3] 滚动120根气候分层恢复率 (事件确认时刻):
    冷(<20%): 真实 76.24% (n=303) | GBM 83.16% (n=1045) | 净差 -6.92pp [MIN_N 通过]
    中(20-60%): 真实 72.20% (n=2680) | GBM 82.32% (n=3264) | 净差 -10.12pp [MIN_N 通过]
    热(>60%): 真实 65.44% (n=1276) | GBM 82.89% (n=1087) | 净差 -17.45pp [MIN_N 通过]
  净差极值: 最负 热(>60%) -17.45pp | 最正 冷(<20%) -6.92pp | 极差 +10.53pp

[H3-x] 日线一致性分层恢复率 (已收盘日线, a6d 因果版):
    一致: 真实 66.59% (n=2622) | GBM 82.01% (n=3413) | 净差 -15.42pp [MIN_N 通过]
    相反: 真实 76.59% (n=1162) | GBM 83.25% (n=1475) | 净差 -6.66pp [MIN_N 通过]
    无日线趋势: 真实 75.44% (n=517) | GBM 85.46% (n=564) | 净差 -10.03pp [MIN_N 通过]

[对照-历史] a6a/a6b/a6c/a6d (2026-08-12 整体作废, 仅形状参照): a6a 恢复率 真实 70.7% vs GBM 83.3% (Δ-12.6pp); a6b 气候恢复率 真实 70.0~71.6% 平坦 vs GBM 79.0~86.8% 单调 (热段净差-16.8pp); a6c 存活 k=25 真实 49% vs GBM 45% (+4pp); a6d 日线一致性恢复率 真实 66.4/77.3/75.7% vs GBM 82.8/84.7/83.9% (顺风净差-16.5pp)

# BY_YEAR: 2024 恢复率 真实 71.49% (n=1526) GBM 84.18% (n=1922) | 存活 真实 53.17% (n=1311) GBM 45.28% (n=2180) | 2025 恢复率 真实 68.75% (n=1411) GBM 82.75% (n=1849) | 存活 真实 45.65% (n=1472) GBM 45.84% (n=2177) | 2026 恢复率 真实 69.44% (n=828) GBM 80.30% (n=1005) | 存活 真实 50.33% (n=753) GBM 44.10% (n=1297)
