# meta: study_id=c21_range_small_target date=2026-08-13 script_sha256=73b905ce27c4be5a3f1390533f9c70be21a7b0f37f718aad777d085dd1f141c3 data_range=2023-08..2026-08 params=tf=1h,4h,combos=((2, 0.3), (3, 0.5)),t_list=(0.3, 0.5),s_list=(0.7, 1.0),w_list=(6, 12),main={'T': 0.3, 'S': 0.7, 'W': 6},dev=('1h', (2, 0.3)),warmup=600,gbm_seeds=30 gate=MIN_GBM_SEEDS=30,MIN_N=200
# GATE: gbm_seeds=30 无条件基线(主端点 lim-long 1h(2,0.3)): 真实 80.83% GBM 76.29% [limit]; 探测器: GBM主端点WR∈[55%,95%] [PASS], GBM成交率 99.8% [PASS], GBM close版WR∈[55%,85%] [PASS]; MIN_N n_gbm=3704 [PASS]
# RESULTS: 20 标的 × 1h/4h × 2023-08..2026-08; 条件层 c2x; 主端点 = 因果区间内触下沿 limit buy @S.price (simulate_limit_entries), target=T×ATR[t], stop=S×ATR[t], W 判定窗口; E[R] 单位=ATR (win=+T, loss=−S, expired/skip=0, unfilled 不计); GBM = 首标×30 种子 同管线; 开发集 1h(2,0.3) [DEV], 其余 3 组合验证 [VAL]

[门槛] H1: ΔWR≥+3pp 且 ΔE≥+0.05R | H2: |ΔWR|≤1pp | H5: 增量≥+1.5pp 且 GBM 无同向增量 | H4: 成本后期望>0

[H1主端点] lim-long (T=0.3, S=0.7, W=6) 4 组合 (真实全标的 vs GBM首标×30种子):
  1h (2, 0.3)[DEV]: 真实 80.83% (n=4927) E+0.1012 | GBM 76.29% (n=3704) E+0.0612 | ΔWR +4.53pp ΔE +0.0400 E_cost 真实 +0.0533 [MIN_N 通过]
  1h (3, 0.5)[VAL]: 真实 77.50% (n=6410) E+0.0704 | GBM 70.76% (n=4242) E+0.0074 | ΔWR +6.74pp ΔE +0.0630 E_cost 真实 +0.0209 [MIN_N 通过]
  4h (2, 0.3)[VAL]: 真实 81.00% (n=1845) E+0.1029 | GBM 76.54% (n=1500) E+0.0636 | ΔWR +4.45pp ΔE +0.0393 E_cost 真实 +0.0828 [MIN_N 通过]
  4h (3, 0.5)[VAL]: 真实 75.24% (n=1931) E+0.0500 | GBM 70.05% (n=1569) E+0.0005 | ΔWR +5.19pp ΔE +0.0495 E_cost 真实 +0.0297 [MIN_N 通过]

[H1网格] lim-long 全部 8 (T,S,W) 格 × 4 组合 (真实 vs GBM):
  1h (2, 0.3)[DEV]  T=0.3 S=0.7 W=6: 真实 80.83% (n=4927) E+0.1012 | GBM 76.29% (n=3704) E+0.0612 | ΔWR +4.53pp ΔE +0.0400[MIN_N 通过]
  1h (2, 0.3)[DEV]  T=0.3 S=0.7 W=12: 真实 80.80% (n=4927) E+0.1010 | GBM 76.29% (n=3704) E+0.0612 | ΔWR +4.51pp ΔE +0.0398[MIN_N 通过]
  1h (2, 0.3)[DEV]  T=0.3 S=1.0 W=6: 真实 84.47% (n=4927) E+0.0943 | GBM 79.79% (n=3704) E+0.0369 | ΔWR +4.68pp ΔE +0.0573[MIN_N 通过]
  1h (2, 0.3)[DEV]  T=0.3 S=1.0 W=12: 真实 84.30% (n=4927) E+0.0926 | GBM 79.77% (n=3704) E+0.0367 | ΔWR +4.53pp ΔE +0.0559[MIN_N 通过]
  1h (2, 0.3)[DEV]  T=0.5 S=0.7 W=6: 真实 71.44% (n=4927) E+0.1493 | GBM 69.08% (n=3704) E+0.1266 | ΔWR +2.37pp ΔE +0.0227[MIN_N 通过]
  1h (2, 0.3)[DEV]  T=0.5 S=0.7 W=12: 真实 71.36% (n=4927) E+0.1491 | GBM 69.04% (n=3704) E+0.1262 | ΔWR +2.32pp ΔE +0.0229[MIN_N 通过]
  1h (2, 0.3)[DEV]  T=0.5 S=1.0 W=6: 真实 76.64% (n=4927) E+0.1429 | GBM 73.61% (n=3704) E+0.1034 | ΔWR +3.03pp ΔE +0.0395[MIN_N 通过]
  1h (2, 0.3)[DEV]  T=0.5 S=1.0 W=12: 真实 76.33% (n=4927) E+0.1406 | GBM 73.51% (n=3704) E+0.1022 | ΔWR +2.81pp ΔE +0.0384[MIN_N 通过]
  1h (3, 0.5)[VAL]  T=0.3 S=0.7 W=6: 真实 77.50% (n=6410) E+0.0704 | GBM 70.76% (n=4242) E+0.0074 | ΔWR +6.74pp ΔE +0.0630[MIN_N 通过]
  1h (3, 0.5)[VAL]  T=0.3 S=0.7 W=12: 真实 77.50% (n=6410) E+0.0704 | GBM 70.76% (n=4242) E+0.0074 | ΔWR +6.74pp ΔE +0.0630[MIN_N 通过]
  1h (3, 0.5)[VAL]  T=0.3 S=1.0 W=6: 真实 81.46% (n=6410) E+0.0569 | GBM 75.79% (n=4242) E-0.0145 | ΔWR +5.67pp ΔE +0.0714[MIN_N 通过]
  1h (3, 0.5)[VAL]  T=0.3 S=1.0 W=12: 真实 81.40% (n=6410) E+0.0563 | GBM 75.79% (n=4242) E-0.0145 | ΔWR +5.60pp ΔE +0.0708[MIN_N 通过]
  1h (3, 0.5)[VAL]  T=0.5 S=0.7 W=6: 真实 68.83% (n=6410) E+0.1197 | GBM 64.62% (n=4242) E+0.0741 | ΔWR +4.21pp ΔE +0.0456[MIN_N 通过]
  1h (3, 0.5)[VAL]  T=0.5 S=0.7 W=12: 真实 68.72% (n=6410) E+0.1192 | GBM 64.61% (n=4242) E+0.0740 | ΔWR +4.11pp ΔE +0.0451[MIN_N 通过]
  1h (3, 0.5)[VAL]  T=0.5 S=1.0 W=6: 真实 74.11% (n=6410) E+0.1073 | GBM 70.10% (n=4242) E+0.0509 | ΔWR +4.01pp ΔE +0.0564[MIN_N 通过]
  1h (3, 0.5)[VAL]  T=0.5 S=1.0 W=12: 真实 73.85% (n=6410) E+0.1050 | GBM 70.03% (n=4242) E+0.0501 | ΔWR +3.82pp ΔE +0.0549[MIN_N 通过]
  4h (2, 0.3)[VAL]  T=0.3 S=0.7 W=6: 真实 81.00% (n=1845) E+0.1029 | GBM 76.54% (n=1500) E+0.0636 | ΔWR +4.45pp ΔE +0.0393[MIN_N 通过]
  4h (2, 0.3)[VAL]  T=0.3 S=0.7 W=12: 真实 80.96% (n=1845) E+0.1027 | GBM 76.54% (n=1500) E+0.0636 | ΔWR +4.42pp ΔE +0.0391[MIN_N 通过]
  4h (2, 0.3)[VAL]  T=0.3 S=1.0 W=6: 真实 85.33% (n=1845) E+0.1045 | GBM 80.23% (n=1500) E+0.0425 | ΔWR +5.10pp ΔE +0.0620[MIN_N 通过]
  4h (2, 0.3)[VAL]  T=0.3 S=1.0 W=12: 真实 85.32% (n=1845) E+0.1048 | GBM 80.18% (n=1500) E+0.0418 | ΔWR +5.14pp ΔE +0.0630[MIN_N 通过]
  4h (2, 0.3)[VAL]  T=0.5 S=0.7 W=6: 真实 69.94% (n=1845) E+0.1331 | GBM 69.66% (n=1500) E+0.1341 | ΔWR +0.28pp ΔE -0.0011[MIN_N 通过]
  4h (2, 0.3)[VAL]  T=0.5 S=0.7 W=12: 真实 69.78% (n=1845) E+0.1323 | GBM 69.66% (n=1500) E+0.1341 | ΔWR +0.12pp ΔE -0.0018[MIN_N 通过]
  4h (2, 0.3)[VAL]  T=0.5 S=1.0 W=6: 真实 75.60% (n=1845) E+0.1279 | GBM 74.40% (n=1500) E+0.1153 | ΔWR +1.20pp ΔE +0.0126[MIN_N 通过]
  4h (2, 0.3)[VAL]  T=0.5 S=1.0 W=12: 真实 75.22% (n=1845) E+0.1247 | GBM 74.31% (n=1500) E+0.1143 | ΔWR +0.91pp ΔE +0.0103[MIN_N 通过]
  4h (3, 0.5)[VAL]  T=0.3 S=0.7 W=6: 真实 75.24% (n=1931) E+0.0500 | GBM 70.05% (n=1569) E+0.0005 | ΔWR +5.19pp ΔE +0.0495[MIN_N 通过]
  4h (3, 0.5)[VAL]  T=0.3 S=0.7 W=12: 真实 75.24% (n=1931) E+0.0501 | GBM 70.05% (n=1569) E+0.0005 | ΔWR +5.19pp ΔE +0.0496[MIN_N 通过]
  4h (3, 0.5)[VAL]  T=0.3 S=1.0 W=6: 真实 79.60% (n=1931) E+0.0337 | GBM 76.08% (n=1569) E-0.0108 | ΔWR +3.52pp ΔE +0.0445[MIN_N 通过]
  4h (3, 0.5)[VAL]  T=0.3 S=1.0 W=12: 真实 79.54% (n=1931) E+0.0332 | GBM 75.98% (n=1569) E-0.0121 | ΔWR +3.56pp ΔE +0.0453[MIN_N 通过]
  4h (3, 0.5)[VAL]  T=0.5 S=0.7 W=6: 真实 67.39% (n=1931) E+0.1042 | GBM 64.27% (n=1569) E+0.0700 | ΔWR +3.12pp ΔE +0.0342[MIN_N 通过]
  4h (3, 0.5)[VAL]  T=0.5 S=0.7 W=12: 真实 67.31% (n=1931) E+0.1039 | GBM 64.27% (n=1569) E+0.0700 | ΔWR +3.04pp ΔE +0.0340[MIN_N 通过]
  4h (3, 0.5)[VAL]  T=0.5 S=1.0 W=6: 真实 72.94% (n=1931) E+0.0906 | GBM 70.60% (n=1569) E+0.0583 | ΔWR +2.34pp ΔE +0.0323[MIN_N 通过]
  4h (3, 0.5)[VAL]  T=0.5 S=1.0 W=12: 真实 72.68% (n=1931) E+0.0883 | GBM 70.44% (n=1569) E+0.0564 | ΔWR +2.24pp ΔE +0.0319[MIN_N 通过]

[H2] close-long (收盘入场, t_target/t_stop 非对称) 8 格 × 4 组合:
  1h (2, 0.3)[DEV]  T=0.3 S=0.7 W=6: 真实 68.72% (n=4940) E-0.0117 | GBM 67.39% (n=3710) E-0.0250 | ΔWR +1.33pp ΔE +0.0133[MIN_N 通过]
  1h (2, 0.3)[DEV]  T=0.3 S=0.7 W=12: 真实 68.70% (n=4940) E-0.0119 | GBM 67.39% (n=3710) E-0.0250 | ΔWR +1.31pp ΔE +0.0131[MIN_N 通过]
  1h (2, 0.3)[DEV]  T=0.3 S=1.0 W=6: 真实 76.24% (n=4940) E-0.0084 | GBM 74.00% (n=3710) E-0.0374 | ΔWR +2.24pp ΔE +0.0290[MIN_N 通过]
  1h (2, 0.3)[DEV]  T=0.3 S=1.0 W=12: 真实 75.94% (n=4940) E-0.0122 | GBM 74.00% (n=3710) E-0.0375 | ΔWR +1.94pp ΔE +0.0253[MIN_N 通过]
  1h (2, 0.3)[DEV]  T=0.5 S=0.7 W=6: 真实 57.56% (n=4940) E-0.0087 | GBM 59.47% (n=3710) E+0.0134 | ΔWR -1.91pp ΔE -0.0221[MIN_N 通过]
  1h (2, 0.3)[DEV]  T=0.5 S=0.7 W=12: 真实 57.48% (n=4940) E-0.0098 | GBM 59.48% (n=3710) E+0.0135 | ΔWR -2.00pp ΔE -0.0233[MIN_N 通过]
  1h (2, 0.3)[DEV]  T=0.5 S=1.0 W=6: 真实 66.32% (n=4940) E-0.0049 | GBM 67.08% (n=3710) E+0.0062 | ΔWR -0.76pp ΔE -0.0111[MIN_N 通过]
  1h (2, 0.3)[DEV]  T=0.5 S=1.0 W=12: 真实 65.89% (n=4940) E-0.0113 | GBM 66.99% (n=3710) E+0.0049 | ΔWR -1.10pp ΔE -0.0162[MIN_N 通过]
  1h (3, 0.5)[VAL]  T=0.3 S=0.7 W=6: 真实 69.00% (n=6430) E-0.0091 | GBM 66.59% (n=4257) E-0.0326 | ΔWR +2.41pp ΔE +0.0235[MIN_N 通过]
  1h (3, 0.5)[VAL]  T=0.3 S=0.7 W=12: 真实 69.02% (n=6430) E-0.0089 | GBM 66.59% (n=4257) E-0.0326 | ΔWR +2.43pp ΔE +0.0237[MIN_N 通过]
  1h (3, 0.5)[VAL]  T=0.3 S=1.0 W=6: 真实 76.37% (n=6430) E-0.0067 | GBM 73.76% (n=4257) E-0.0404 | ΔWR +2.61pp ΔE +0.0336[MIN_N 通过]
  1h (3, 0.5)[VAL]  T=0.3 S=1.0 W=12: 真实 76.17% (n=6430) E-0.0093 | GBM 73.70% (n=4257) E-0.0412 | ΔWR +2.47pp ΔE +0.0319[MIN_N 通过]
  1h (3, 0.5)[VAL]  T=0.5 S=0.7 W=6: 真实 57.47% (n=6430) E-0.0098 | GBM 58.63% (n=4257) E+0.0035 | ΔWR -1.17pp ΔE -0.0133[MIN_N 通过]
  1h (3, 0.5)[VAL]  T=0.5 S=0.7 W=12: 真实 57.46% (n=6430) E-0.0100 | GBM 58.63% (n=4257) E+0.0035 | ΔWR -1.17pp ΔE -0.0135[MIN_N 通过]
  1h (3, 0.5)[VAL]  T=0.5 S=1.0 W=6: 真实 65.93% (n=6430) E-0.0104 | GBM 66.52% (n=4257) E-0.0021 | ΔWR -0.59pp ΔE -0.0083[MIN_N 通过]
  1h (3, 0.5)[VAL]  T=0.5 S=1.0 W=12: 真实 65.57% (n=6430) E-0.0159 | GBM 66.46% (n=4257) E-0.0031 | ΔWR -0.89pp ΔE -0.0129[MIN_N 通过]
  4h (2, 0.3)[VAL]  T=0.3 S=0.7 W=6: 真实 69.19% (n=1848) E-0.0074 | GBM 67.45% (n=1505) E-0.0244 | ΔWR +1.74pp ΔE +0.0170[MIN_N 通过]
  4h (2, 0.3)[VAL]  T=0.3 S=0.7 W=12: 真实 69.07% (n=1848) E-0.0085 | GBM 67.45% (n=1505) E-0.0244 | ΔWR +1.61pp ΔE +0.0159[MIN_N 通过]
  4h (2, 0.3)[VAL]  T=0.3 S=1.0 W=6: 真实 76.56% (n=1848) E-0.0045 | GBM 74.36% (n=1505) E-0.0330 | ΔWR +2.20pp ΔE +0.0285[MIN_N 通过]
  4h (2, 0.3)[VAL]  T=0.3 S=1.0 W=12: 真实 76.30% (n=1848) E-0.0077 | GBM 74.31% (n=1505) E-0.0336 | ΔWR +1.99pp ΔE +0.0259[MIN_N 通过]
  4h (2, 0.3)[VAL]  T=0.5 S=0.7 W=6: 真实 56.58% (n=1848) E-0.0196 | GBM 58.85% (n=1505) E+0.0061 | ΔWR -2.27pp ΔE -0.0258[MIN_N 通过]
  4h (2, 0.3)[VAL]  T=0.5 S=0.7 W=12: 真实 56.32% (n=1848) E-0.0229 | GBM 58.85% (n=1505) E+0.0061 | ΔWR -2.53pp ΔE -0.0290[MIN_N 通过]
  4h (2, 0.3)[VAL]  T=0.5 S=1.0 W=6: 真实 65.97% (n=1848) E-0.0097 | GBM 66.96% (n=1505) E+0.0043 | ΔWR -0.98pp ΔE -0.0141[MIN_N 通过]
  4h (2, 0.3)[VAL]  T=0.5 S=1.0 W=12: 真实 65.51% (n=1848) E-0.0168 | GBM 66.87% (n=1505) E+0.0030 | ΔWR -1.35pp ΔE -0.0198[MIN_N 通过]
  4h (3, 0.5)[VAL]  T=0.3 S=0.7 W=6: 真实 67.60% (n=1939) E-0.0220 | GBM 67.24% (n=1581) E-0.0265 | ΔWR +0.36pp ΔE +0.0045[MIN_N 通过]
  4h (3, 0.5)[VAL]  T=0.3 S=0.7 W=12: 真实 67.53% (n=1939) E-0.0228 | GBM 67.24% (n=1581) E-0.0265 | ΔWR +0.29pp ΔE +0.0037[MIN_N 通过]
  4h (3, 0.5)[VAL]  T=0.3 S=1.0 W=6: 真实 74.77% (n=1939) E-0.0266 | GBM 73.67% (n=1581) E-0.0417 | ΔWR +1.10pp ΔE +0.0151[MIN_N 通过]
  4h (3, 0.5)[VAL]  T=0.3 S=1.0 W=12: 真实 74.38% (n=1939) E-0.0318 | GBM 73.57% (n=1581) E-0.0429 | ΔWR +0.81pp ΔE +0.0112[MIN_N 通过]
  4h (3, 0.5)[VAL]  T=0.5 S=0.7 W=6: 真实 55.24% (n=1939) E-0.0348 | GBM 58.61% (n=1581) E+0.0033 | ΔWR -3.37pp ΔE -0.0381[MIN_N 通过]
  4h (3, 0.5)[VAL]  T=0.5 S=0.7 W=12: 真实 55.21% (n=1939) E-0.0357 | GBM 58.61% (n=1581) E+0.0033 | ΔWR -3.41pp ΔE -0.0390[MIN_N 通过]
  4h (3, 0.5)[VAL]  T=0.5 S=1.0 W=6: 真实 64.33% (n=1939) E-0.0327 | GBM 65.60% (n=1581) E-0.0158 | ΔWR -1.27pp ΔE -0.0169[MIN_N 通过]
  4h (3, 0.5)[VAL]  T=0.5 S=1.0 W=12: 真实 63.84% (n=1939) E-0.0410 | GBM 65.48% (n=1581) E-0.0177 | ΔWR -1.64pp ΔE -0.0233[MIN_N 通过]

[H3] lim-short (触上沿 limit sell @R.price, 只报净差):
  1h (2, 0.3)[DEV]  T=0.3 S=0.7 W=6: 真实 80.25% (n=4502) E+0.0965 | GBM 75.86% (n=3533) E+0.0571 | ΔWR +4.39pp ΔE +0.0394[MIN_N 通过]
  1h (2, 0.3)[DEV]  T=0.3 S=0.7 W=12: 真实 80.26% (n=4502) E+0.0966 | GBM 75.86% (n=3533) E+0.0571 | ΔWR +4.40pp ΔE +0.0396[MIN_N 通过]
  1h (2, 0.3)[DEV]  T=0.3 S=1.0 W=6: 真实 84.23% (n=4502) E+0.0916 | GBM 79.98% (n=3533) E+0.0394 | ΔWR +4.26pp ΔE +0.0522[MIN_N 通过]
  1h (2, 0.3)[DEV]  T=0.3 S=1.0 W=12: 真实 84.13% (n=4502) E+0.0906 | GBM 79.98% (n=3533) E+0.0394 | ΔWR +4.15pp ΔE +0.0512[MIN_N 通过]
  1h (2, 0.3)[DEV]  T=0.5 S=0.7 W=6: 真实 72.59% (n=4502) E+0.1628 | GBM 69.17% (n=3533) E+0.1274 | ΔWR +3.41pp ΔE +0.0354[MIN_N 通过]
  1h (2, 0.3)[DEV]  T=0.5 S=0.7 W=12: 真实 72.55% (n=4502) E+0.1632 | GBM 69.17% (n=3533) E+0.1274 | ΔWR +3.38pp ΔE +0.0358[MIN_N 通过]
  1h (2, 0.3)[DEV]  T=0.5 S=1.0 W=6: 真实 78.15% (n=4502) E+0.1651 | GBM 74.59% (n=3533) E+0.1180 | ΔWR +3.56pp ΔE +0.0471[MIN_N 通过]
  1h (2, 0.3)[DEV]  T=0.5 S=1.0 W=12: 真实 77.71% (n=4502) E+0.1614 | GBM 74.55% (n=3533) E+0.1176 | ΔWR +3.16pp ΔE +0.0438[MIN_N 通过]
  1h (3, 0.5)[VAL]  T=0.3 S=0.7 W=6: 真实 75.52% (n=5622) E+0.0515 | GBM 70.49% (n=4243) E+0.0047 | ΔWR +5.03pp ΔE +0.0468[MIN_N 通过]
  1h (3, 0.5)[VAL]  T=0.3 S=0.7 W=12: 真实 75.48% (n=5622) E+0.0512 | GBM 70.49% (n=4243) E+0.0047 | ΔWR +4.99pp ΔE +0.0464[MIN_N 通过]
  1h (3, 0.5)[VAL]  T=0.3 S=1.0 W=6: 真实 79.84% (n=5622) E+0.0363 | GBM 75.13% (n=4243) E-0.0231 | ΔWR +4.71pp ΔE +0.0594[MIN_N 通过]
  1h (3, 0.5)[VAL]  T=0.3 S=1.0 W=12: 真实 79.61% (n=5622) E+0.0336 | GBM 75.14% (n=4243) E-0.0229 | ΔWR +4.47pp ΔE +0.0565[MIN_N 通过]
  1h (3, 0.5)[VAL]  T=0.5 S=0.7 W=6: 真实 67.91% (n=5622) E+0.1082 | GBM 63.93% (n=4243) E+0.0660 | ΔWR +3.98pp ΔE +0.0422[MIN_N 通过]
  1h (3, 0.5)[VAL]  T=0.5 S=0.7 W=12: 真实 67.81% (n=5622) E+0.1078 | GBM 63.93% (n=4243) E+0.0660 | ΔWR +3.88pp ΔE +0.0419[MIN_N 通过]
  1h (3, 0.5)[VAL]  T=0.5 S=1.0 W=6: 真实 73.36% (n=5622) E+0.0954 | GBM 69.23% (n=4243) E+0.0382 | ΔWR +4.13pp ΔE +0.0572[MIN_N 通过]
  1h (3, 0.5)[VAL]  T=0.5 S=1.0 W=12: 真实 72.88% (n=5622) E+0.0904 | GBM 69.27% (n=4243) E+0.0389 | ΔWR +3.61pp ΔE +0.0516[MIN_N 通过]
  4h (2, 0.3)[VAL]  T=0.3 S=0.7 W=6: 真实 79.00% (n=1321) E+0.0843 | GBM 74.10% (n=1347) E+0.0397 | ΔWR +4.90pp ΔE +0.0446[MIN_N 通过]
  4h (2, 0.3)[VAL]  T=0.3 S=0.7 W=12: 真实 79.00% (n=1321) E+0.0843 | GBM 74.10% (n=1347) E+0.0397 | ΔWR +4.90pp ΔE +0.0446[MIN_N 通过]
  4h (2, 0.3)[VAL]  T=0.3 S=1.0 W=6: 真实 82.73% (n=1321) E+0.0728 | GBM 78.28% (n=1347) E+0.0174 | ΔWR +4.45pp ΔE +0.0554[MIN_N 通过]
  4h (2, 0.3)[VAL]  T=0.3 S=1.0 W=12: 真实 82.62% (n=1321) E+0.0715 | GBM 78.28% (n=1347) E+0.0174 | ΔWR +4.34pp ΔE +0.0541[MIN_N 通过]
  4h (2, 0.3)[VAL]  T=0.5 S=0.7 W=6: 真实 70.50% (n=1321) E+0.1375 | GBM 68.23% (n=1347) E+0.1166 | ΔWR +2.27pp ΔE +0.0209[MIN_N 通过]
  4h (2, 0.3)[VAL]  T=0.5 S=0.7 W=12: 真实 70.23% (n=1321) E+0.1354 | GBM 68.23% (n=1347) E+0.1166 | ΔWR +2.00pp ΔE +0.0189[MIN_N 通过]
  4h (2, 0.3)[VAL]  T=0.5 S=1.0 W=6: 真实 76.32% (n=1321) E+0.1389 | GBM 73.45% (n=1347) E+0.1013 | ΔWR +2.87pp ΔE +0.0376[MIN_N 通过]
  4h (2, 0.3)[VAL]  T=0.5 S=1.0 W=12: 真实 75.80% (n=1321) E+0.1336 | GBM 73.47% (n=1347) E+0.1017 | ΔWR +2.32pp ΔE +0.0319[MIN_N 通过]
  4h (3, 0.5)[VAL]  T=0.3 S=0.7 W=6: 真实 71.27% (n=1498) E+0.0119 | GBM 70.28% (n=1437) E+0.0027 | ΔWR +0.99pp ΔE +0.0092[MIN_N 通过]
  4h (3, 0.5)[VAL]  T=0.3 S=0.7 W=12: 真实 71.24% (n=1498) E+0.0117 | GBM 70.28% (n=1437) E+0.0027 | ΔWR +0.96pp ΔE +0.0090[MIN_N 通过]
  4h (3, 0.5)[VAL]  T=0.3 S=1.0 W=6: 真实 75.61% (n=1498) E-0.0163 | GBM 74.68% (n=1437) E-0.0287 | ΔWR +0.93pp ΔE +0.0125[MIN_N 通过]
  4h (3, 0.5)[VAL]  T=0.3 S=1.0 W=12: 真实 75.28% (n=1498) E-0.0206 | GBM 74.68% (n=1437) E-0.0287 | ΔWR +0.59pp ΔE +0.0081[MIN_N 通过]
  4h (3, 0.5)[VAL]  T=0.5 S=0.7 W=6: 真实 64.32% (n=1498) E+0.0680 | GBM 64.20% (n=1437) E+0.0690 | ΔWR +0.11pp ΔE -0.0011[MIN_N 通过]
  4h (3, 0.5)[VAL]  T=0.5 S=0.7 W=12: 真实 64.17% (n=1498) E+0.0666 | GBM 64.20% (n=1437) E+0.0690 | ΔWR -0.04pp ΔE -0.0024[MIN_N 通过]
  4h (3, 0.5)[VAL]  T=0.5 S=1.0 W=6: 真实 69.72% (n=1498) E+0.0434 | GBM 68.79% (n=1437) E+0.0317 | ΔWR +0.93pp ΔE +0.0117[MIN_N 通过]
  4h (3, 0.5)[VAL]  T=0.5 S=1.0 W=12: 真实 69.03% (n=1498) E+0.0344 | GBM 68.83% (n=1437) E+0.0324 | ΔWR +0.20pp ΔE +0.0020[MIN_N 通过]

[选参] 开发集 1h(2,0.3) lim-long 8 格 ΔE 排序 (选优规则: 期望差最大化):
  1. T=0.3 S=1.0 W=6: 真实E +0.0955 GBM E +0.0372 ΔE +0.0583 (z +5.29, p 0.000) ←选中
  2. T=0.3 S=1.0 W=12: 真实E +0.0937 GBM E +0.0369 ΔE +0.0568 (z +5.13, p 0.000)
  3. T=0.5 S=1.0 W=6: 真实E +0.1454 GBM E +0.1028 ΔE +0.0426 (z +2.97, p 0.001)
  4. T=0.5 S=1.0 W=12: 真实E +0.1424 GBM E +0.1016 ΔE +0.0409 (z +2.84, p 0.002)
  5. T=0.3 S=0.7 W=6: 真实E +0.1008 GBM E +0.0615 ΔE +0.0393 (z +4.37, p 0.000)
  6. T=0.3 S=0.7 W=12: 真实E +0.1006 GBM E +0.0615 ΔE +0.0391 (z +4.35, p 0.000)
  7. T=0.5 S=0.7 W=12: 真实E +0.1491 GBM E +0.1264 ΔE +0.0227 (z +1.87, p 0.031)
  8. T=0.5 S=0.7 W=6: 真实E +0.1492 GBM E +0.1268 ΔE +0.0224 (z +1.86, p 0.032)
  选中参数: T=0.3, S=1.0, W=6

[Holm] 开发集 8 格 ΔE 单侧 p + Holm 校正:
  T=0.3 S=0.7 W=6: ΔE +0.0392 p 0.000 p_adj 0.000
  T=0.3 S=0.7 W=12: ΔE +0.0390 p 0.000 p_adj 0.000
  T=0.3 S=1.0 W=6: ΔE +0.0582 p 0.000 p_adj 0.000
  T=0.3 S=1.0 W=12: ΔE +0.0566 p 0.000 p_adj 0.000
  T=0.5 S=0.7 W=6: ΔE +0.0223 p 0.032 p_adj 0.061
  T=0.5 S=0.7 W=12: ΔE +0.0226 p 0.031 p_adj 0.061
  T=0.5 S=1.0 W=6: ΔE +0.0424 p 0.001 p_adj 0.006
  T=0.5 S=1.0 W=12: ΔE +0.0408 p 0.002 p_adj 0.007
  主端点 (0.3,0.7,6): ΔE +0.0392 p 0.000 p_adj 0.000
  选中格: ΔE +0.0582 p 0.000 p_adj 0.000

[H4] 成本 (maker 0.02%×2 + 滑点 0.5bp = 0.045%):
  1h (2, 0.3)[DEV]: 真实 E +0.1012 cost +0.0479 E_cost +0.0533 | GBM E_cost +0.0229 | 净差E_cost +0.0303
  1h (3, 0.5)[VAL]: 真实 E +0.0704 cost +0.0494 E_cost +0.0209 | GBM E_cost -0.0307 | 净差E_cost +0.0517
  4h (2, 0.3)[VAL]: 真实 E +0.1029 cost +0.0200 E_cost +0.0828 | GBM E_cost +0.0443 | 净差E_cost +0.0386
  4h (3, 0.5)[VAL]: 真实 E +0.0500 cost +0.0203 E_cost +0.0297 | GBM E_cost -0.0187 | 净差E_cost +0.0484

[H5] z120 低波动过滤 (主端点 lim-long):
  1h (2, 0.3)[DEV]: 真实 全体 80.83% (n=4927) / 低波动 78.22% (n=2564) | GBM 全体 76.29% (n=3704) / 低波动 75.93% (n=1638) | 真实增量 -2.60pp GBM增量 -0.36pp | ΔH5 -2.24pp
  1h (3, 0.5)[VAL]: 真实 全体 77.50% (n=6410) / 低波动 74.57% (n=3451) | GBM 全体 70.76% (n=4242) / 低波动 70.63% (n=1805) | 真实增量 -2.94pp GBM增量 -0.14pp | ΔH5 -2.80pp
  4h (2, 0.3)[VAL]: 真实 全体 81.00% (n=1845) / 低波动 80.00% (n=1153) | GBM 全体 76.54% (n=1500) / 低波动 76.54% (n=732) | 真实增量 -1.00pp GBM增量 +0.00pp | ΔH5 -1.00pp
  4h (3, 0.5)[VAL]: 真实 全体 75.24% (n=1931) / 低波动 72.32% (n=1191) | GBM 全体 70.05% (n=1569) / 低波动 72.23% (n=730) | 真实增量 -2.93pp GBM增量 +2.18pp | ΔH5 -5.11pp

# BY_YEAR: 1h (2, 0.3)[DEV] 2024 真实 81.33% (n=1618) GBM 76.48% (n=1399) | 1h (2, 0.3)[DEV] 2025 真实 79.07% (n=1008) GBM 75.96% (n=915) | 1h (2, 0.3)[DEV] 2026 真实 78.94% (n=945) GBM 78.52% (n=419) | 1h (3, 0.5)[VAL] 2024 真实 78.56% (n=2174) GBM 70.67% (n=1691) | 1h (3, 0.5)[VAL] 2025 真实 73.95% (n=1578) GBM 70.94% (n=1122) | 1h (3, 0.5)[VAL] 2026 真实 76.79% (n=1271) GBM 71.43% (n=525) | 4h (2, 0.3)[VAL] 2024 真实 81.63% (n=686) GBM 75.49% (n=661) | 4h (2, 0.3)[VAL] 2025 真实 75.64% (n=468) GBM 76.37% (n=491) | 4h (2, 0.3)[VAL] 2026 真实 83.96% (n=455) GBM 80.57% (n=211) | 4h (3, 0.5)[VAL] 2024 真实 74.59% (n=732) GBM 69.00% (n=600) | 4h (3, 0.5)[VAL] 2025 真实 75.00% (n=544) GBM 70.89% (n=584) | 4h (3, 0.5)[VAL] 2026 真实 75.31% (n=486) GBM 71.11% (n=270)
# HOLDOUT: 选中参数 T=0.3 S=1.0 W=6 2026-06..08: 真实 83.18% (n=327) GBM 79.13% (n=115) | 净差WR +4.05pp (只报方向: 正)
