# meta: study_id=c23_countertrend_trade date=2026-08-13 script_sha256=654e3d670cd0f1dd9a7e487c06826425369567ead0129ced9f3674cae9d92034 data_range=2023-08..2026-08 params=tf=1h,4h,combos=((2, 0.3), (3, 0.5)),primary=('1h', (2, 0.3)),W=24,T=1.0,t_target=1.0,t_stop=0.7,z_win=120,gbm_seeds=30 gate=MIN_GBM_SEEDS=30,MIN_N=200
# GATE: gbm_seeds=30 无条件基线(t1:1 全bar, 首标): 真实 50.00% GBM 50.00% [PASS]; long/short 分解 真实 L48.03%/S51.97% GBM L50.30%/S49.70%; 探测器自检 GBM30种子全bar 1:1 WR∈[49%,51%] [PASS]; MIN_N n_gbm=1539362 [PASS]
# RESULTS: 20 标的 × 1h 为主 + 4h (仅报净差) × 2023-08..2026-08; 条件层 (有入场); 入场=触碰 bar 收盘 (market); 胜率=n_win/n_eval (expired/skip/截断不计入, 官方引擎); 逆势侧=涨触阻(short)+跌触撑(long)

[H1] 逆势触碰 1:1 (T=1.0, W=24, 1h (2,0.3)): 真实 50.43% (n=93483) | GBM 50.17% (n=135109) | 净差 +0.27pp [MIN_N 通过]
  Wilson 95% CI: 真实 [50.11%, 50.75%] | GBM [49.90%, 50.43%]
  long(跌触撑): 真实 52.04% (n=47967) | GBM 49.48% (n=66399) | 净差 +2.56pp [MIN_N 通过]
  short(涨触阻): 真实 48.74% (n=45516) | GBM 50.83% (n=68710) | 净差 -2.09pp [MIN_N 通过]
  [H1-p] 1h (3,0.5) 跨参数: 真实 50.41% (n=70967) | GBM 50.47% (n=103669) | 净差 -0.05pp [MIN_N 通过]
  [H1-t] 4h (2,0.3) 跨周期 (仅净差): 真实 51.69% (n=16942) | GBM 50.25% (n=20701) | 净差 +1.44pp [MIN_N 通过]

[H2] 非对称 (t_target=1.0/t_stop=0.7, 1h 主组合): 真实 40.68% (n=93203) | GBM 42.52% (n=134860) | 净差 -1.84pp [MIN_N 通过]

[H3] 阶段分层 (1h 主组合, 1:1):
    early: 真实 50.10% (n=19988) | GBM 50.42% (n=19008) | 净差 -0.32pp [MIN_N 通过]
    accelerate: 真实 49.83% (n=21101) | GBM 49.87% (n=22711) | 净差 -0.05pp [MIN_N 通过]
    late: 真实 50.81% (n=52394) | GBM 50.19% (n=93390) | 净差 +0.62pp [MIN_N 通过]
[H3-r] 角色分层 (1h 主组合, 1:1):
    刚破: 真实 45.78% (n=11148) | GBM 44.77% (n=13891) | 净差 +1.01pp [MIN_N 通过]
    未破: 真实 46.59% (n=35762) | GBM 44.63% (n=46807) | 净差 +1.96pp [MIN_N 通过]

[H4] z120 低波动过滤 (1h 主组合, 1:1):
    低波动子集(z120 最低1/3): 真实 49.97% (n=21821) | GBM 50.00% (n=45136) | 净差 -0.03pp [MIN_N 通过]
  全体净差 +0.27pp | 低波动净差 -0.03pp | 增量(低波动−全体) -0.30pp
  GBM 门禁: GBM 侧过滤增量 -0.17pp (PASS <+1.5pp)

[漂移分解] (1h 主组合, 同方向 pooled):
  真实触碰 50.43% (n=93483) | 真实无条件(全bar同方向) 50.00% (n=1005506) | 条件化增量 +0.43pp
  净差(真实−GBM 同管线) +0.27pp = 条件化增量 +0.43pp + (GBM 漂移调整)

[成本] (预注册): taker 0.05%x2 + 滑点 0.01% + funding 0.01%x3 = 0.14% notional
  真实: mean(ATR/close)=0.0140 cost_ATR=0.100 ATR WR*=55.01% E_R=-0.092 R (WR 50.43% n=93483)
  GBM: mean(ATR/close)=0.0120 cost_ATR=0.117 ATR WR*=55.85% E_R=-0.114 R (WR 50.17% n=135109)

[统计] 两比例 z 检验 + Holm 校正 (k=8, α=0.05):
  H1 full  p=0.2115 Holm adj p=0.8458 不显著
  H2 asym  p=0.0000 Holm adj p=0.0000 显著
  H3 early p=0.5268 Holm adj p=1.0000 不显著
  H3 accel p=0.9209 Holm adj p=1.0000 不显著
  H3 late  p=0.0235 Holm adj p=0.1412 不显著
  H3 刚破    p=0.1091 Holm adj p=0.5456 不显著
  H3 未破    p=0.0000 Holm adj p=0.0000 显著
  H4 zlow  p=0.9378 Holm adj p=0.9378 不显著

[对照-历史] c17 (2026-08-13, 描述层): 逆势侧 D1 净差 -4.09pp (1h 主组合, L6), 阶段梯度 2.76pp (early -1.92pp accel -4.68pp late -4.48pp, L13-16), 角色差 2.20pp (刚破 -1.04pp 未破 -3.25pp, L17-19); B5 (作废): 涨触阻力 D1=46.2% vs GBM 49.7% (Δ-3.5pp)

# BY_YEAR: 2024 真实 50.68% (n=32698) GBM 50.05% (n=45038) 净差 +0.62pp | 2025 真实 50.45% (n=36215) GBM 50.35% (n=50290) 净差 +0.10pp | 2026 真实 50.33% (n=18645) GBM 49.87% (n=31771) 净差 +0.46pp
# HOLDOUT: 2026-06-01 起: 真实 51.58% (n=5161) GBM 49.95% (n=9330) 净差 +1.63pp (方向与全样本一致)
