# meta: study_id=c27_er_axis date=2026-08-13 script_sha256=0ed4d4a0b6deab979ac5d3008e15dfa70fa4e787cac213c6852789e3df94c8bd data_range=2023-08..2026-08 params=tf=1h,4h,combo=(2, 0.3),er_n=10,er_win=120,z_win=120,e1_half=12,W=24,head_drop=130,gbm_seeds=30 gate=MIN_GBM_SEEDS=30,MIN_N=200(描述层不适用)
# GATE: gbm_seeds=30 无条件基线(E1 全触碰 mean, 首标1h): 真实 10.82% GBM 1.04% [PASS]; 探测器自检 GBM30种子同管线 E1 null∈±1.5pp D1(趋势态) null 50.67%∈[49%,51%] [PASS]; H2-gate GBM E1高−低 +0.26pp [PASS <1pp]; MIN_N n_gbm=1073761 [PASS]
# RESULTS: 20 标的 × 1h 为主 + 4h 交叉 × 2023-08..2026-08; 描述层无入场, 无交易含义; ER_n=|C_t−C_{t−n}|/Σ|ΔC| (n=10); ER状态=rolling120分位 (高≥80th/低≤20th); 波动状态=z120三分位; E1=c15口径(12根前后); D1=c17口径(沿趋势端点概率 W=24)

[H1] 正交性: ER 状态 × 波动状态 列联 (触碰事件, 1h):
  ER高  真实 低   39372 中   42055 高   87963 (n=169390) | 占比 23.2/24.8/51.9%
  ER中  真实 低  109561 中  104720 高  154884 (n=369165) | 占比 29.7/28.4/42.0%
  ER低  真实 低   36857 中   34575 高   48561 (n=119993) | 占比 30.7/28.8/40.5%
  H1 判据: 高ER行每格 ≥10% -> PASS (n_ok=658548, 波动状态样本)
  (GBM 同表: 高ER行占比 30.77%/27.72%/41.52%)

[H2] 释放调节 (E1, c15 口径, 1h):
    E1 高ER: 真实 19.37% (n=169365) | GBM 1.22% (n=238169) | 净差 +18.15pp [MIN_N 通过]
    E1 中ER: 真实 5.23% (n=369036) | GBM 1.01% (n=625120) | 净差 +4.22pp [MIN_N 通过]
    E1 低ER: 真实 3.10% (n=119947) | GBM 0.95% (n=210472) | 净差 +2.14pp [MIN_N 通过]
  E1差(高−低): 真实 +16.27pp (判据 ≥+3pp) [达标] | GBM +0.26pp [H2-gate: GBMPASS <1pp]
[H2-4h] 释放调节 (4h 交叉):
    E1 高ER: 真实 18.22% (n=26324) | GBM 1.32% (n=33409) | 净差 +16.91pp [MIN_N 通过]
    E1 中ER: 真实 4.51% (n=57825) | GBM 1.06% (n=89592) | 净差 +3.45pp [MIN_N 通过]
    E1 低ER: 真实 1.36% (n=18422) | GBM 0.85% (n=30569) | 净差 +0.51pp [MIN_N 通过]
  E1差(高−低): 真实 +16.86pp (判据 ≥+3pp) [达标] | GBM +0.47pp [H2-gate: GBMPASS <1pp]

[H3] 折返调节 (D1, c17 口径, 趋势态触碰, 1h):
    D1 高ER: 真实 45.60% (n=96384) | GBM 50.96% (n=108293) | 净差 -5.36pp [MIN_N 通过]
    D1 中ER: 真实 46.86% (n=168782) | GBM 50.62% (n=217085) | 净差 -3.76pp [MIN_N 通过]
    D1 低ER: 真实 48.45% (n=50951) | GBM 50.37% (n=67966) | 净差 -1.92pp [MIN_N 通过]
  D1净差(高−低): -3.44pp (判据 ≥+2pp) [未达标]
[H3-4h] 折返调节 (4h 交叉):
    D1 高ER: 真实 43.13% (n=14388) | GBM 49.87% (n=14162) | 净差 -6.73pp [MIN_N 通过]
    D1 中ER: 真实 47.40% (n=25497) | GBM 50.82% (n=28841) | 净差 -3.41pp [MIN_N 通过]
    D1 低ER: 真实 49.33% (n=7821) | GBM 49.40% (n=9110) | 净差 -0.07pp [MIN_N 通过]
  D1净差(高−低): -6.67pp (判据 ≥+2pp) [未达标]

[对照-历史] c15 (2026-08-13): E1 净差 +7.44pp (1h 主组合), GBM 触碰条件化机械偏置 +1.04pp (GATE 校准带 ±1.5pp); c17 (2026-08-13): 逆势侧 D1 净差 -4.09pp (1h 主组合), 阶段梯度 2.76pp, 角色差 2.20pp; c12 (2026-08-13): 波动长记忆 H=0.93/0.90 (GBM null 0.50); 书 CH17 (Kaufman): ER 方向效率 = 噪声≠波动, n=10 默认

# BY_YEAR: 2024 E1高 真实 17.45% (n=57002) GBM 1.15% (n=76283) | E1低 真实 3.08% (n=39918) GBM 0.95% (n=67455) | D1高 真实 47.15% (n=32883) GBM 49.67% (n=34178) | D1低 真实 49.06% (n=17323) GBM 50.37% (n=21812) | E1差(高−低) 真实 +14.37pp GBM +0.20pp | D1净差(高−低) -1.20pp | 2025 E1高 真实 24.09% (n=68746) GBM 1.20% (n=89388) | E1低 真实 3.03% (n=48407) GBM 1.00% (n=78483) | D1高 真实 45.15% (n=39661) GBM 52.43% (n=41500) | D1低 真实 47.66% (n=20903) GBM 49.93% (n=25879) | E1差(高−低) 真实 +21.06pp GBM +0.21pp | D1净差(高−低) -5.01pp | 2026 E1高 真实 13.54% (n=34499) GBM 1.31% (n=60035) | E1低 真实 3.06% (n=25105) GBM 0.89% (n=52779) | D1高 真实 44.59% (n=19105) GBM 50.21% (n=27465) | D1低 真实 49.33% (n=9967) GBM 51.49% (n=16828) | E1差(高−低) 真实 +10.48pp GBM +0.42pp | D1净差(高−低) -3.47pp
