# meta: study_id=c29_daily_er_context date=2026-08-13 script_sha256=75eaff2ebc1a9b9bfb7d79ac6d885b7dac70d20957d380e9ab509f54bd82ff51 data_range=2023-08..2026-08 params=tf=1h,4h,combo=(2, 0.3),er_n=10,er_win=120,e1_half=12,W=24,head_drop=130,gbm_seeds=30 gate=MIN_GBM_SEEDS=30,MIN_N=200(描述层不适用)
# GATE: gbm_seeds=30 无条件基线(首标1h 全触碰 mean): E1 真实 11.12% GBM 1.04% [PASS]; D1(触碰方向) 真实 49.63% GBM 50.00% [PASS]; 探测器自检 GBM30种子同管线 E1 null∈±1.5pp D1 null∈[49%,51%] [PASS]; H3-gate GBM D1_A−D1_B +0.27pp E1_A−E1_B +0.09pp; MIN_N n_gbm=1029247 [PASS]
# RESULTS: 20 标的 × 1h 为主 + 4h 交叉 × 2023-08..2026-08; 描述层无入场, 无交易含义; A组 = 日线ER高分位(rolling120, ≥80th)且日线净位移方向与触碰方向一致; B组 = 日线背景可用但无背书; 触碰方向 = 触阻力(向上)/触支撑(向下); D1 = sign(log(c[t+24]/c[t])) 与触碰方向比对 (c27 端点口径); E1 = c15 口径

[样本] 1h: 位带/触碰 真实 12974/625854/可用625854 | GBM 17430/1029852/可用1029852; 4h: 真实 4287/102503/可用102503 | GBM 6102/153688/可用153688

[H1] 折返调节 (D1, c27 端点口径, 触碰方向延续, 1h):
  D1 A组: 真实 45.02% (n=62831) | GBM 50.25% (n=99236) | 净差 -5.22pp [MIN_N 通过]
  D1 B组: 真实 50.21% (n=562515) | GBM 49.98% (n=929438) | 净差 +0.23pp [MIN_N 通过]
  D1差(A−B): 真实 -5.19pp (判据 ≥+2pp) [未达标] | GBM +0.27pp [H3-gate: |·|<1pp PASS]
  E1 A组: 真实 7.49% (n=62833) | GBM 1.12% (n=99302) | 净差 +6.37pp [MIN_N 通过]
  E1 B组: 真实 8.58% (n=562821) | GBM 1.03% (n=929945) | 净差 +7.55pp [MIN_N 通过]
  E1差(A−B): 真实 -1.10pp (判据 ≤−3pp) [未达标] | GBM +0.09pp [H3-gate: |·|<1pp PASS]
[H1-4h] 折返调节 (4h 交叉):
  D1 A组: 真实 46.33% (n=10453) | GBM 50.10% (n=14929) | 净差 -3.77pp [MIN_N 通过]
  D1 B组: 真实 50.06% (n=91731) | GBM 50.01% (n=138098) | 净差 +0.05pp [MIN_N 通过]
  D1差(A−B): 真实 -3.73pp (判据 ≥+2pp) [未达标] | GBM +0.09pp [H3-gate: |·|<1pp PASS]
  E1 A组: 真实 9.40% (n=10460) | GBM 1.38% (n=14988) | 净差 +8.02pp [MIN_N 通过]
  E1 B组: 真实 7.20% (n=91900) | GBM 1.04% (n=138369) | 净差 +6.16pp [MIN_N 通过]
  E1差(A−B): 真实 +2.20pp (判据 ≤−3pp) [未达标] | GBM +0.33pp [H3-gate: |·|<1pp PASS]

[对照-历史] c27 (2026-08-13): 趋势态触碰 D1 高ER 真实 45.60% vs GBM 50.96% (净差 -5.36pp), 低ER 真实 48.45% vs GBM 50.37% (净差 -1.92pp), D1净差(高−低) -3.44pp (1h) / -6.67pp (4h) — 高ER折返更深; c19 (2026-08-13): 日线一致性分层恢复率 一致 真实 66.59% vs GBM 82.01% (净差 -15.42pp) — 日线顺风段内回撤 恢复更差; 书 CH17 (Kaufman): 高ER=真趋势 (语境=日线)

# BY_YEAR: 2024 D1 A 真实 45.04% (n=22023) GBM 50.42% (n=33140) | D1 B 真实 50.26% (n=193778) GBM 49.89% (n=311266) | E1 A 真实 7.82% (n=22023) GBM 1.11% (n=33140) | E1 B 真实 8.16% (n=193778) GBM 1.04% (n=311266) | D1差(A−B) 真实 -5.22pp GBM +0.53pp | E1差(A−B) 真实 -0.34pp GBM +0.07pp | 2025 D1 A 真实 43.85% (n=25250) GBM 50.73% (n=38479) | D1 B 真实 50.43% (n=240773) GBM 49.97% (n=362550) | E1 A 真实 7.54% (n=25250) GBM 1.14% (n=38479) | E1 B 真实 9.89% (n=240773) GBM 1.03% (n=362550) | D1差(A−B) 真实 -6.58pp GBM +0.76pp | E1差(A−B) 真实 -2.35pp GBM +0.11pp | 2026 D1 A 真实 46.59% (n=15178) GBM 49.44% (n=26685) | D1 B 真实 49.93% (n=121624) GBM 50.10% (n=242631) | E1 A 真实 6.87% (n=15180) GBM 1.14% (n=26751) | E1 B 真实 6.83% (n=121930) GBM 1.03% (n=243138) | D1差(A−B) 真实 -3.34pp GBM -0.66pp | E1差(A−B) 真实 +0.05pp GBM +0.11pp
