# meta: study_id=c30_er_frequency date=2026-08-13 script_sha256=5de33ebf05d21baa40b8c38965433ea0a3800cfc7f0842135644de7123525f9d data_range=2023-08..2026-08 params=tf=1h,4h,daily_from=1h,er_n=10,h2_min_rho=0.5,gate_band=0.02,gbm_seeds=30 gate=MIN_GBM_SEEDS=30,MIN_N=200(描述层不适用)
# GATE: gbm_seeds=30 无条件基线(1h ER_10 跨标的 ER 中位数): 真实 27.8% GBM 27.9% [PASS]; 探测器自检 纯iid合成三频率 ER 中位数 频率无关 [PASS]; GBM30种子同管线单调性 null (med_1h≈med_4h≈med_daily 27.9/28.0/28.2%) [PASS]; MIN_N n_gbm=1086 每标的每频率 n≥200 [PASS]
# RESULTS: 20 标的 × 1h/4h/日线 × 2023-08..2026-08; 描述层无入场, 无交易含义; ER_10 = |C_t−C_{t−10}|/Σ|ΔC| (n=10, Kaufman); 日线 = 1h 重采样 (daily_resample); 5m 不在本次范围; ER 中位数 = np.nanmedian (全样本描述统计)

[H1] ER_10 中位数 分标的×分周期 (n = ER 有效样本数):
  ADA/USDT:USDT 1h 28.0% (n=26270) | 4h 29.4% (n=6560) | 日线 29.6% (n=1086) | 单调 ✓
  ARB/USDT:USDT 1h 27.8% (n=26270) | 4h 28.8% (n=6560) | 日线 31.9% (n=1086) | 单调 ✓
  ATOM/USDT:USDT 1h 27.7% (n=26270) | 4h 29.5% (n=6560) | 日线 31.9% (n=1086) | 单调 ✓
  AVAX/USDT:USDT 1h 28.3% (n=26270) | 4h 29.4% (n=6560) | 日线 29.5% (n=1086) | 单调 ✓
  BCH/USDT:USDT 1h 28.1% (n=26270) | 4h 27.6% (n=6560) | 日线 27.1% (n=1086) | 单调 ✗
  BNB/USDT:USDT 1h 27.7% (n=26270) | 4h 28.3% (n=6560) | 日线 27.8% (n=1086) | 单调 ✗
  BTC/USDT:USDT 1h 27.4% (n=26270) | 4h 29.9% (n=6560) | 日线 28.8% (n=1086) | 单调 ✗
  DOGE/USDT:USDT 1h 28.3% (n=26270) | 4h 28.9% (n=6560) | 日线 27.1% (n=1086) | 单调 ✗
  DOT/USDT:USDT 1h 27.7% (n=26270) | 4h 29.1% (n=6560) | 日线 32.3% (n=1086) | 单调 ✓
  ETH/USDT:USDT 1h 28.1% (n=26270) | 4h 29.7% (n=6560) | 日线 30.6% (n=1086) | 单调 ✓
  INJ/USDT:USDT 1h 28.0% (n=23392) | 4h 29.4% (n=5842) | 日线 28.1% (n=966) | 单调 ✗
  LINK/USDT:USDT 1h 28.0% (n=26270) | 4h 28.9% (n=6560) | 日线 28.5% (n=1086) | 单调 ✗
  LTC/USDT:USDT 1h 27.2% (n=26270) | 4h 27.4% (n=6560) | 日线 27.5% (n=1086) | 单调 ✓
  NEAR/USDT:USDT 1h 27.6% (n=26270) | 4h 29.6% (n=6560) | 日线 30.7% (n=1086) | 单调 ✓
  OP/USDT:USDT 1h 27.7% (n=26270) | 4h 28.6% (n=6560) | 日线 28.3% (n=1086) | 单调 ✗
  SOL/USDT:USDT 1h 28.3% (n=26270) | 4h 30.0% (n=6560) | 日线 30.4% (n=1086) | 单调 ✓
  SUI/USDT:USDT 1h 27.8% (n=26270) | 4h 27.8% (n=6560) | 日线 29.3% (n=1086) | 单调 ✓
  TIA/USDT:USDT 1h 28.0% (n=24105) | 4h 28.4% (n=6020) | 日线 29.2% (n=996) | 单调 ✓
  UNI/USDT:USDT 1h 27.8% (n=26270) | 4h 27.6% (n=6560) | 日线 30.4% (n=1086) | 单调 ✗
  XRP/USDT:USDT 1h 27.0% (n=26270) | 4h 27.9% (n=6560) | 日线 28.5% (n=1086) | 单调 ✓
  H1 判据: 单调上升 (1h<4h<日线) 成立 12/20 -> FAIL
    违反 BCH/USDT:USDT: 4h−1h 差 -0.5pp
    违反 BNB/USDT:USDT: 日线−4h 差 -0.5pp
    违反 BTC/USDT:USDT: 日线−4h 差 -1.1pp
    违反 DOGE/USDT:USDT: 日线−4h 差 -1.8pp
    违反 INJ/USDT:USDT: 日线−4h 差 -1.3pp
    违反 LINK/USDT:USDT: 日线−4h 差 -0.4pp
    违反 OP/USDT:USDT: 日线−4h 差 -0.4pp
    违反 UNI/USDT:USDT: 4h−1h 差 -0.2pp

[H2] 标的间 ER 排名跨周期 Spearman ρ (n_sym=20):
  ρ(1h,4h) = 0.275 | ρ(1h,日线) = -0.008 | ρ(4h,日线) = 0.487
  H2 判据: 三个 ρ ≥ 0.5 -> FAIL

[H3] GBM 同管线 (首标×30 种子, 1h 生成 + 同聚合 resample): med_1h = 0.279 | med_4h = 0.280 | med_daily = 0.282
  种子内单调上升 (med_1h<med_4h<med_daily) 种子数: 6/30 (无系统性趋势 = null)
  真实 vs GBM: 真实 1h→日线 跨标的中位数差 +1.4pp | GBM +0.3pp

[对照-历史] c12 (2026-08-13): 波动长记忆 DFA-H 0.93/0.90 (GBM null 0.50) — 长记忆支持低频 ER 更高; c27 (2026-08-13): 1h 高ER触碰折返更深 (D1净差 高−低 -3.44pp, 4h -6.67pp); c29 (2026-08-13): 日线背书触碰折返更深 (A−B -5.19pp) — 条件事件层反向; 书 CH1: 频率越低噪声越低 (低频数据趋势清晰); U0-1 教训: 截面事实 ≠ 条件事实

# BY_YEAR: 2024 跨标的中位数差(日线−1h): 真实 +2.8pp [正] (n_sym=20) | GBM -0.1pp | 2025 跨标的中位数差(日线−1h): 真实 -1.2pp [负] (n_sym=20) | GBM +1.0pp | 2026 跨标的中位数差(日线−1h): 真实 +1.6pp [正] (n_sym=20) | GBM +0.5pp
