# meta: study_id=c38_acf_spectrum date=2026-08-14 script_sha256=c58f84c2257fb7e4d64c0fb02c3af75cd217eb0d54946e6130462f1d1597b5c4 data_range=2023-08..2026-08 (对照共同 3y 窗) params=crypto=BTC/USDT:USDT+ETH/USDT:USDT,control=SPY+GC=F+EURUSD=X,lags=20,gbm_seeds=30,min_n=100,gate=MIN_GBM_SEEDS=30,MIN_N=100(学习级),学习级
# GATE: gbm_seeds=30 无条件基线(BTC 1h 收益 n): n=26279 [PASS]; 探测器自检 自相关 golden [PASS]; GBM null ρ(1) 均值 +0.0013 |·|<0.02 [PASS]; MIN_N n≥100 [PASS]
# RESULTS: [学习级] c38 收益自相关谱 + DW (书 CH2 p.43-58); 收益=close-to-close 对数; ρ(k) 全样本逐滞后 (描述统计); DW=2(1−ρ₁); ρ²(k)=平方收益自相关 (raw 不中心化); GBM 30 种子同 n 同 μ/σ 逐滞后 95% 区间; 描述层无入场, 无交易含义

[谱] ρ(1..5) ρ(10) ρ(20) DW | GBM ρ(1) 95% | 平方收益 ρ²(1) ρ²(10) (GBM 95%):
  BTC/USDT:USDT 1h: ρ1..5=[-0.016,-0.002,-0.005,0.007,-0.004] ρ10=0.001 ρ20=-0.008 DW=2.03 | GBM ρ1 [-0.011, 0.011] | ρ²1=0.257 ρ²10=0.125
  BTC/USDT:USDT 4h: ρ1..5=[-0.007,0.005,0.001,0.000,-0.028] ρ10=0.004 ρ20=-0.012 DW=2.01 | GBM ρ1 [-0.024, 0.021] | ρ²1=0.196 ρ²10=0.130
  BTC/USDT:USDT 1d: ρ1..5=[-0.052,0.020,-0.023,0.010,0.022] ρ10=0.008 ρ20=-0.068 DW=2.10 | GBM ρ1 [-0.035, 0.068] | ρ²1=0.335 ρ²10=0.128
  ETH/USDT:USDT 1h: ρ1..5=[-0.001,-0.004,0.008,0.011,0.007] ρ10=0.005 ρ20=-0.011 DW=2.00 | GBM ρ1 [-0.011, 0.011] | ρ²1=0.164 ρ²10=0.081
  ETH/USDT:USDT 4h: ρ1..5=[0.017,0.011,0.001,0.003,-0.044] ρ10=0.013 ρ20=-0.004 DW=1.97 | GBM ρ1 [-0.024, 0.021] | ρ²1=0.189 ρ²10=0.089
  ETH/USDT:USDT 1d: ρ1..5=[-0.014,-0.007,-0.004,0.007,0.002] ρ10=0.020 ρ20=-0.017 DW=2.03 | GBM ρ1 [-0.035, 0.068] | ρ²1=0.253 ρ²10=0.136
  SPY 1d: ρ1..5=[-0.069,0.050,-0.084,-0.045,0.012] ρ10=0.049 ρ20=0.092 DW=2.14 | GBM ρ1 [-0.045, 0.058] | ρ²1=0.266 ρ²10=0.089
  GC=F 1d: ρ1..5=[-0.038,-0.059,0.036,-0.041,0.017] ρ10=0.019 ρ20=0.022 DW=2.08 | GBM ρ1 [-0.044, 0.058] | ρ²1=0.103 ρ²10=0.118
  EURUSD=X 1d: ρ1..5=[-0.016,-0.032,-0.036,-0.001,0.033] ρ10=0.055 ρ20=0.031 DW=2.03 | GBM ρ1 [-0.046, 0.059] | ρ²1=0.223 ρ²10=0.191

[H1] 加密 1h ρ(1) < 0 且超 GBM 95% 区间:
  BTC/USDT:USDT: ρ(1)=-0.016 (GBM [-0.011, 0.011]) -> 超出↓
  ETH/USDT:USDT: ρ(1)=-0.001 (GBM [-0.011, 0.011]) -> 未超
  H1 判据: 两标的均 ρ(1)<0 且<GBM 下界 -> FAIL

[H2] 反持久消失边界 (首个 |ρ(k)| 回到 GBM 区间):
  BTC/USDT:USDT 1h: 边界 k=2 (存在)
  BTC/USDT:USDT 4h: 边界 k=1 (存在)
  BTC/USDT:USDT 1d: 边界 k=1 (存在)
  ETH/USDT:USDT 1h: 边界 k=1 (存在)
  ETH/USDT:USDT 4h: 边界 k=1 (存在)
  ETH/USDT:USDT 1d: 边界 k=1 (存在)
  SPY 1d: 边界 k=2 (存在)
  GC=F 1d: 边界 k=1 (存在)
  EURUSD=X 1d: 边界 k=1 (存在)
  H2 判据: 加密 1h 存在消失滞后 -> PASS

[H3] 平方收益自相关 (波动长记忆滞后表达; 判据用 centered 口径, raw 口径 null≈1/3 只报告):
  BTC/USDT:USDT 1h: ρ²c(1)=0.2008 (GBM [-0.0078, 0.0130]) | ρ²c(10)=0.0580 (GBM [-0.0080, 0.0074]) | raw ρ²(1)=0.2572 (raw null≈1/3)
  BTC/USDT:USDT 4h: ρ²c(1)=0.1013 (GBM [-0.0254, 0.0241]) | ρ²c(10)=0.0277 (GBM [-0.0177, 0.0283]) | raw ρ²(1)=0.1957 (raw null≈1/3)
  BTC/USDT:USDT 1d: ρ²c(1)=0.2159 (GBM [-0.0499, 0.0476]) | ρ²c(10)=-0.0310 (GBM [-0.0463, 0.0675]) | raw ρ²(1)=0.3351 (raw null≈1/3)
  ETH/USDT:USDT 1h: ρ²c(1)=0.1205 (GBM [-0.0079, 0.0130]) | ρ²c(10)=0.0339 (GBM [-0.0081, 0.0073]) | raw ρ²(1)=0.1637 (raw null≈1/3)
  ETH/USDT:USDT 4h: ρ²c(1)=0.1206 (GBM [-0.0249, 0.0242]) | ρ²c(10)=0.0119 (GBM [-0.0179, 0.0279]) | raw ρ²(1)=0.1886 (raw null≈1/3)
  ETH/USDT:USDT 1d: ρ²c(1)=0.1267 (GBM [-0.0484, 0.0470]) | ρ²c(10)=-0.0122 (GBM [-0.0451, 0.0654]) | raw ρ²(1)=0.2527 (raw null≈1/3)
  H3 判据: 加密 ρ²c(1)>GBM 上界 且 ρ²c(10) 仍显著 -> FAIL

[H4] 传统市场日线 ρ(1) 符号 (对照, 不设门槛):
  SPY: ρ(1)=-0.069 (负) | GBM [-0.045, 0.058] | 低于
  GC=F: ρ(1)=-0.038 (负) | GBM [-0.044, 0.058] | 区间内
  EURUSD=X: ρ(1)=-0.016 (负) | GBM [-0.046, 0.059] | 区间内

[对照-历史] c31 (符号反持久, 1h z8=-9.45); c12 (波动长记忆 DFA-H 0.93); c18 (4h 方向=无条件漂移); 书 CH2 p.43-58: DW 检验 — 趋势市场应正自相关 (H4 对照)
