# meta: study_id=c42_era_slices date=2026-08-14 script_sha256=f5ac8b943e7ad77166257105bc769be865795cfc52e125fdb6068018dde77832 data_range=control.db max 历史 (^TNX 1962-) params=control=^TNX+SPY+CL=F+GC=F+EURUSD=X,k=6,er_n=10,gbm_seeds=30,min_n=100,gate=MIN_GBM_SEEDS=30,MIN_N=100(学习级),学习级
# GATE: gbm_seeds=30 无条件基线(SPY 书时代 n): n=7200 [PASS]; 探测器自检 run/自相关 golden [PASS]; 硬币 sanity [PASS]; GBM null 幅度 ρ1 0.0013 ER 0.280 [PASS]; MIN_N n≥100 [PASS]
# RESULTS: [学习级] c42 时代切片 (书时代 vs 后书时代市场结构); N(run≥6) vs 硬币 95% (c33), ρ(1) (c38), ER_10 中位数 (c30); 时代: ^TNX 三时代, 其余书≤2010/后书2011+; GBM 30 种子各时代同管线; 描述层无入场, 无交易含义

[时代] 每标的×时代: N6 z (硬币) | ρ(1) | ER_10 中位数 | GBM ρ(1)/ER:
  ^TNX 1962-1990: z=+17.08 (N6=267) | ρ(1)=0.119 | ER=0.391 (n=7200) | GBM ρ1 0.000 ER 0.281
  ^TNX 1991-2010: z=+1.03 (N6=83) | ρ(1)=0.022 | ER=0.302 (n=5014) | GBM ρ1 0.000 ER 0.281
  ^TNX 2011+: z=-0.93 (N6=53) | ρ(1)=-0.010 | ER=0.275 (n=3924) | GBM ρ1 0.000 ER 0.280
  SPY 书时代≤2010: z=-2.32 (N6=51) | ρ(1)=-0.065 | ER=0.270 (n=4515) | GBM ρ1 -0.000 ER 0.281
  SPY 后书时代2011+: z=-0.79 (N6=54) | ρ(1)=-0.104 | ER=0.292 (n=3925) | GBM ρ1 0.000 ER 0.282
  CL=F 书时代≤2010: z=+0.29 (N6=41) | ρ(1)=-0.029 | ER=0.278 (n=2594) | GBM ρ1 0.004 ER 0.279
  CL=F 后书时代2011+: z=-1.49 (N6=49) | ρ(1)=-0.007 | ER=0.284 (n=3925) | GBM ρ1 0.000 ER 0.280
  GC=F 书时代≤2010: z=-0.02 (N6=39) | ρ(1)=0.005 | ER=0.305 (n=2586) | GBM ρ1 0.004 ER 0.282
  GC=F 后书时代2011+: z=-1.07 (N6=52) | ρ(1)=-0.032 | ER=0.294 (n=3924) | GBM ρ1 0.000 ER 0.281
  EURUSD=X 书时代≤2010: z=-0.25 (N6=26) | ρ(1)=-0.265 | ER=0.288 (n=1825) | GBM ρ1 0.005 ER 0.277
  EURUSD=X 后书时代2011+: z=-1.05 (N6=54) | ρ(1)=-0.032 | ER=0.282 (n=4063) | GBM ρ1 0.000 ER 0.281

[H1] 后书时代长 run z 值 < 书时代 (肥尾衰减):
  SPY: 书时代 z=-2.32 → 后书 z=-0.79 -> 未衰减
  CL=F: 书时代 z=+0.29 → 后书 z=-1.49 -> 衰减✓
  GC=F: 书时代 z=-0.02 → 后书 z=-1.07 -> 衰减✓
  EURUSD=X: 书时代 z=-0.25 → 后书 z=-1.05 -> 衰减✓
  H1 判据: z(后书) < z(书时代) -> 3/4

[H2] 后书时代 ρ(1) 更负 (微观结构):
  SPY: 书时代 ρ1=-0.065 → 后书 -0.104 -> 更负✓
  CL=F: 书时代 ρ1=-0.029 → 后书 -0.007 -> 未更负
  GC=F: 书时代 ρ1=+0.005 → 后书 -0.032 -> 更负✓
  EURUSD=X: 书时代 ρ1=-0.265 → 后书 -0.032 -> 未更负
  H2 判据: ρ(1)(后书) < ρ(1)(书时代) -> 2/4

[H3] GBM 同管线各时代无差异:
  ^TNX: 各时代 GBM ρ1 ['+0.000', '+0.000', '+0.000'] | ER ['0.281', '0.281', '0.280']
  SPY: 各时代 GBM ρ1 ['-0.000', '+0.000'] | ER ['0.281', '0.282']
  CL=F: 各时代 GBM ρ1 ['+0.004', '+0.000'] | ER ['0.279', '0.280']
  GC=F: 各时代 GBM ρ1 ['+0.004', '+0.000'] | ER ['0.282', '0.281']
  EURUSD=X: 各时代 GBM ρ1 ['+0.005', '+0.000'] | ER ['0.277', '0.281']
  H3 判据: GBM 跨时代 ρ1|差|<0.02, ER|差|<0.05, N6 相对<30% -> PASS

[对照-历史] c33 (日线 run 仅 ^TNX 肥尾); c38 (ρ(1) 近零/微负); c30 (ER_10 频率持平); 书 CH1/CH2/CH8 (书时代 1962-2012)
