# meta: study_id=c47_six_systems date=2026-08-14 script_sha256=719950db4fb6567f04d3c0119abdf896203f59afd7a492af7ff8cc9a0240d054 data_range=2023-08..2026-08 params=tf=4h,ns=(20, 40, 80, 120, 240),swg_ps=(0.01, 0.02),costs_bp=(0.0, 2.5),gbm_seeds=30,min_n=100,gate=MIN_GBM_SEEDS=30,MIN_N=100(学习级),学习级
# GATE: gbm_seeds=30 探测器自检 六系统 golden [PASS]; MIN_N n≥100 [PASS]
# RESULTS: [学习级] c47 U1-7 六系统比较忠实复现 (书 CH8 p.309-366); 六系统永远在场反转无止损收盘执行; GBM null 30 种子无成本 (海龟汤); 裁剪: SWG p=1/2%, 成本 0/2.5bp; 20 标的 4h; 描述层无入场, 无交易含义

[矩阵] 六系统 × n: 真实净收益 (净差 null) | 真实 PF (null PF) | 胜率 (null) | 交易数 (null):
  MOM n=20: 净 -0.0120 (净差 +0.0299) | PF 1.00 (1.00) | WR 41.0% (41.7%) | 交易 589.5 (596.4166666666666)
  MOM n=40: 净 0.7431 (净差 +0.8311) | PF 1.02 (1.00) | WR 40.8% (40.1%) | 交易 415.5 (417.23)
  MOM n=80: 净 0.7282 (净差 +0.9416) | PF 1.02 (1.00) | WR 39.0% (39.7%) | 交易 281.45 (292.91333333333336)
  MOM n=120: 净 0.6617 (净差 +0.9008) | PF 1.02 (1.00) | WR 38.6% (39.1%) | 交易 240.8 (240.985)
  MOM n=240: 净 0.7738 (净差 +1.0687) | PF 1.02 (0.99) | WR 39.4% (37.0%) | 交易 162.6 (170.21666666666667)
  MA n=20: 净 -0.0188 (净差 +0.0231) | PF 1.00 (1.00) | WR 41.0% (41.7%) | 交易 589.4 (596.4166666666666)
  MA n=40: 净 0.7492 (净差 +0.8373) | PF 1.02 (1.00) | WR 40.8% (40.1%) | 交易 415.3 (417.23)
  MA n=80: 净 0.7263 (净差 +0.9397) | PF 1.02 (1.00) | WR 38.9% (39.7%) | 交易 281.35 (292.91333333333336)
  MA n=120: 净 0.6656 (净差 +0.9046) | PF 1.02 (1.00) | WR 38.6% (39.1%) | 交易 240.8 (240.985)
  MA n=240: 净 0.7728 (净差 +1.0676) | PF 1.02 (0.99) | WR 39.5% (37.0%) | 交易 162.4 (170.21666666666667)
  EXP n=20: 净 0.2864 (净差 +0.0680) | PF 1.01 (1.01) | WR 52.9% (53.4%) | 交易 764.65 (820.97)
  EXP n=40: 净 0.2332 (净差 +0.2078) | PF 1.01 (1.00) | WR 50.8% (51.7%) | 交易 529.55 (583.2683333333333)
  EXP n=80: 净 0.6933 (净差 +0.8523) | PF 1.02 (1.00) | WR 48.4% (49.1%) | 交易 365.6 (412.02)
  EXP n=120: 净 0.9069 (净差 +1.1822) | PF 1.03 (0.99) | WR 48.4% (48.8%) | 交易 282.95 (337.745)
  EXP n=240: 净 0.8128 (净差 +1.0384) | PF 1.02 (0.99) | WR 45.3% (46.0%) | 交易 192.4 (237.635)
  NDB n=20: 净 -0.2598 (净差 -0.6223) | PF 0.99 (1.01) | WR 47.0% (46.1%) | 交易 174.15 (168.29333333333332)
  NDB n=40: 净 -0.3091 (净差 -0.0659) | PF 0.99 (1.00) | WR 45.9% (42.9%) | 交易 90.55 (91.00833333333334)
  NDB n=80: 净 0.1146 (净差 +0.4172) | PF 1.00 (0.99) | WR 43.0% (40.5%) | 交易 46.3 (46.585)
  NDB n=120: 净 0.3935 (净差 +0.8419) | PF 1.01 (0.99) | WR 44.2% (38.6%) | 交易 29.75 (31.793333333333333)
  NDB n=240: 净 0.4674 (净差 +1.0805) | PF 1.01 (0.99) | WR 47.7% (37.0%) | 交易 14.35 (16.926666666666666)
  SWG p=1%: 净 -0.1819 (净差 -0.0681) | PF 1.00 (1.00) | WR 41.9% (43.4%) | 交易 617.05 (528.23)
  SWG p=2%: 净 -0.5078 (净差 -0.3704) | PF 0.99 (1.00) | WR 40.6% (41.6%) | 交易 415.2 (306.8883333333333)
  LRS n=20: 净 0.3936 (净差 +0.3939) | PF 1.01 (1.00) | WR 40.0% (39.2%) | 交易 307.65 (298.5566666666667)
  LRS n=40: 净 0.0857 (净差 +0.0396) | PF 1.00 (1.00) | WR 39.1% (37.6%) | 交易 150.7 (146.475)
  LRS n=80: 净 -0.0056 (净差 +0.2621) | PF 1.00 (0.99) | WR 36.2% (36.2%) | 交易 78.85 (75.92333333333333)
  LRS n=120: 净 0.4962 (净差 +0.7431) | PF 1.01 (0.99) | WR 38.5% (36.5%) | 交易 51.65 (49.9)
  LRS n=240: 净 0.5877 (净差 +1.1373) | PF 1.02 (0.99) | WR 41.1% (34.2%) | 交易 25.25 (26.643333333333334)

[H1] 真实 − null 净收益 > 0 且覆盖成本 (2.5bp):
  MOM: 净差 +0.7544 (2σ 1.9680) | 2.5bp 成本后净差 +0.5854 -> PASS
  MA: 净差 +0.7545 (2σ 1.9680) | 2.5bp 成本后净差 +0.5855 -> PASS
  EXP: 净差 +0.6697 (2σ 2.3103) | 2.5bp 成本后净差 +0.4562 -> PASS
  NDB: 净差 +0.3303 (2σ 1.8028) | 2.5bp 成本后净差 +0.2948 -> PASS
  SWG: 净差 -0.2192 (2σ 2.7924) | 2.5bp 成本后净差 -0.4773 -> FAIL
  LRS: 净差 +0.5152 (2σ 1.8016) | 2.5bp 成本后净差 +0.4538 -> PASS
  H1 判据: 每系统净差 > 0 且成本后仍 > 0 -> 5/6

[H2] 系统排序 (真实 vs null):
  真实: MA > MOM > EXP > LRS > NDB > SWG
  null: EXP > SWG > MOM > MA > LRS > NDB
  排序相关性 (真实 vs null 均值): 0.12 — ≠null=非机制

[H3] 胜率签名 (书: MA/MOM~34%, NDB~50%, LRS/EXP~43%, NDB 交易数<一半):
  MOM: 真实 WR 40.0% | null WR 39.5% | 真实交易 33797 (相对 MOM 100%)
  MA: 真实 WR 40.0% | null WR 39.5% | 真实交易 33785 (相对 MOM 100%)
  EXP: 真实 WR 50.2% | null WR 49.8% | 真实交易 42703 (相对 MOM 126%)
  NDB: 真实 WR 45.7% | null WR 41.0% | 真实交易 7102 (相对 MOM 21%)
  SWG: 真实 WR 41.5% | null WR 42.5% | 真实交易 20645 (相对 MOM 61%)
  LRS: 真实 WR 39.1% | null WR 36.7% | 真实交易 12282 (相对 MOM 36%)
  NDB 交易数 < MOM 一半: ✓

[H4] 噪声×入场交互 (avgER 三分位, n=(40, 80)):
  n=40: 收盘PF ['1.02', '1.02', '1.02'] | 带PF ['1.00', '1.03', '1.01'] | 差 [['-0.02', '+0.01', '-0.02']] -> 单调✗
  n=80: 收盘PF ['1.01', '1.01', '1.03'] | 带PF ['1.00', '1.02', '1.02'] | 差 [['-0.02', '+0.01', '-0.01']] -> 单调✗

[H5] 选速法则:
  PF-n 斜率 (每系统): MOM +0.005 | MA +0.005 | EXP +0.005 | NDB +0.006 | LRS +0.002
  单 MA PF 1.02 vs MA 交叉 PF 0.98 (简单更好: ✓)

[对照-历史] c41 (NDB/海龟汤 null 负漂移); c46 (MA 系统/滞后); c34 (ER 截面 PF 随 ER 升); 书 CH8 p.309-366 (六系统比较)
