# meta: study_id=c48_momentum_rsi date=2026-08-14 script_sha256=55c39faa1f9e09bc15c0cb53429dfe0b51fa0eba432cf14aab450288e50b8d91 data_range=2023-08..2026-08 params=crypto=BTC/USDT:USDT+ETH/USDT:USDT,tfs=4h,1h,rsi=14,70/30+72/32+2d10/90,mom_ns=(6, 12, 24, 48),T=1.0,W=24,gbm_seeds=30,min_n=100,gate=MIN_GBM_SEEDS=30,MIN_N=100(学习级),学习级
# GATE: gbm_seeds=30 探测器自检 RSI/MOM golden [PASS]; GBM fade WR 0.501 [PASS]; MIN_N n≥100 [PASS]
# RESULTS: [学习级] c48 M2 U1 动量与振荡器忠实复现 (书 CH9 p.369-425); CH9 实证全引他人、书自建回测为零 — 本考证补做; RSI Wilder fade 1:1 三变体; MOM 过零双口径; Aan 1985 分布; 背离事件审计; GBM 30 种子同管线; 描述层无入场, 无交易含义

[H1] RSI 极值 fade 1:1 (三变体 × 两周期):
  70/30 4h: fade WR 44.2% (n=369) | GBM 50.1%±2.9% | 净差 -5.9% 未支持
  72/32 4h: fade WR 48.0% (n=375) | GBM 50.1%±2.9% | 净差 -2.1% 未支持
  2d10/90 4h: fade WR 52.8% (n=1509) | GBM 50.1%±2.9% | 净差 +2.7% 未支持
  70/30 1h: fade WR 48.3% (n=1548) | GBM 50.1%±2.9% | 净差 -1.8% 未支持
  72/32 1h: fade WR 46.4% (n=1503) | GBM 50.1%±2.9% | 净差 -3.7% 未支持
  2d10/90 1h: fade WR 51.8% (n=6268) | GBM 50.1%±2.9% | 净差 +1.7% 未支持
  H1 判据: 真实>50% 且 >GBM 2σ -> 0/6

[H2] 动量过零系统 (双口径, 永远在场无成本):
  n=6 price 4h: 真实净 -0.2535 | GBM +0.0476 | 净差 -0.3012
  n=6 pct 4h: 真实净 -0.2535 | GBM +0.0476 | 净差 -0.3012
  n=12 price 4h: 真实净 +0.4558 | GBM -0.0018 | 净差 +0.4576
  n=12 pct 4h: 真实净 +0.4558 | GBM -0.0018 | 净差 +0.4576
  n=24 price 4h: 真实净 +0.0244 | GBM +0.0253 | 净差 -0.0008
  n=24 pct 4h: 真实净 +0.0244 | GBM +0.0253 | 净差 -0.0008
  n=48 price 4h: 真实净 +0.2596 | GBM -0.1376 | 净差 +0.3972
  n=48 pct 4h: 真实净 +0.2596 | GBM -0.1376 | 净差 +0.3972
  n=6 price 1h: 真实净 +0.1565 | GBM +0.0047 | 净差 +0.1518
  n=6 pct 1h: 真实净 +0.1565 | GBM +0.0047 | 净差 +0.1518
  n=12 price 1h: 真实净 +0.5777 | GBM +0.0256 | 净差 +0.5521
  n=12 pct 1h: 真实净 +0.5777 | GBM +0.0256 | 净差 +0.5521
  n=24 price 1h: 真实净 -0.3965 | GBM +0.1075 | 净差 -0.5040
  n=24 pct 1h: 真实净 -0.3965 | GBM +0.1075 | 净差 -0.5040
  n=48 price 1h: 真实净 +0.4678 | GBM +0.0191 | 净差 +0.4488
  n=48 pct 1h: 真实净 +0.4678 | GBM +0.0191 | 净差 +0.4488
  价差/百分比同号等价 (sign 相同) — 双口径逐位一致, 见结论
  与 c47 MOM 合并对照: c47 n=20..240 净差 +0.03~+1.07

[H3] Aan 1985 分布对拍 (RSI ∈ (32,72) 占比 ≈50%):
  4h: 占比 88.0%
  1h: 占比 89.1%

[H4] 背离事件 (价格更高高 + 动量更低高):
  4h: 一致率 46.0% (n=322) | GBM 54.5%±5.5% | 可证
  1h: 一致率 58.0% (n=555) | GBM 52.7%±6.2% | 可证
  H4 判据: n≥30 且一致率超 GBM 2σ -> 0/2

[对照-历史] c23 (触位折返 1:1 未达); c31 (符号反持久 z=-9.45); c47 (MOM 系统 5/6 弱正); c42 (时代); 书 CH9 p.369-425 (动量/RSI/背离 — 无自建回测)
