# meta: study_id=c52_e1_timecourse date=2026-08-14 script_sha256=44afba016a4cb207337fc1a273c513bacb38259559c1a75820f732323a654c41 data_range=2023-08..2026-08 params=tf=1h,4h,band_n=20,band_k=2.0,hs=(1, 3, 6, 12),gbm_seeds=30,min_n=100,gate=MIN_GBM_SEEDS=30,MIN_N=100(学习级),学习级
# GATE: 探测器自检 带 golden + E1(h) golden [PASS]; GBM E1(1) [PASS]; MIN_N n≥100 [PASS]
# RESULTS: [学习级] c52 E1 时间剖面 (用户质疑: ±12bar 窗口稀释峰值); 事件=收盘出 MA20±2σ; E1(h)=mean(ATR[t+1..t+h])/mean(ATR[t−h..t−1])−1, h∈{1,3,6,12}; GBM 30 种子逐 horizon; 描述层无入场, 无交易含义

[1h] 逐 horizon E1 净差曲线:
  h=1  真实 +10.37% (n=4563) [MIN_N 通过] | GBM +2.42%±+0.11% | 净差 +7.95% 超2σ
  h=3  真实 +13.97% (n=4563) [MIN_N 通过] | GBM +2.89%±+0.16% | 净差 +11.08% 超2σ
  h=6  真实 +17.20% (n=4563) [MIN_N 通过] | GBM +3.21%±+0.20% | 净差 +13.98% 超2σ
  h=12 真实 +19.02% (n=4563) [MIN_N 通过] | GBM +3.08%±+0.25% | 净差 +15.93% 超2σ
  净差曲线: +7.95% → +11.08% → +13.98% → +15.93%
  H1: E1(1) 净差 +7.95% vs E1(12) 净差 +15.93% -> 非前载
  H2: 全 horizon 净差 > 0 且超 2σ -> PASS
[4h] 逐 horizon E1 净差曲线:
  h=1  真实 +9.22% (n=1093) [MIN_N 通过] | GBM +2.49%±+0.22% | 净差 +6.73% 超2σ
  h=3  真实 +12.20% (n=1093) [MIN_N 通过] | GBM +2.99%±+0.33% | 净差 +9.21% 超2σ
  h=6  真实 +15.08% (n=1091) [MIN_N 通过] | GBM +3.32%±+0.45% | 净差 +11.76% 超2σ
  h=12 真实 +17.14% (n=1091) [MIN_N 通过] | GBM +3.21%±+0.51% | 净差 +13.93% 超2σ
  净差曲线: +6.73% → +9.21% → +11.76% → +13.93%
  H1: E1(1) 净差 +6.73% vs E1(12) 净差 +13.93% -> 非前载
  H2: 全 horizon 净差 > 0 且超 2σ -> PASS

[H3] 1h/4h 净差曲线单调方向一致 -> PASS
  (1h 逐段: ['+3.12%', '+2.91%', '+1.95%'], 4h 逐段: ['+2.48%', '+2.55%', '+2.17%'])

[对照-历史] c51 (E1 12bar 口径 +14.46% vs GBM +3.25%); c15 (E1 +7.44pp net); 书 CH18 (价格分布); 用户质疑: ±12bar 稀释
