# meta: study_id=c53_methodology date=2026-08-14 script_sha256=e498df5f59a49e8104fea2a02e16ea975624bd6f21806cf1fca303c455559631 data_range=2023-08..2026-08 params=tf=1h,4h,h2_win=24,h2_block=50,gbm_seeds=30,min_n=100,gate=MIN_GBM_SEEDS=30,MIN_N=100(学习级),学习级
# GATE: 探测器自检 run golden + n_eff golden + 块 bootstrap [PASS]; MIN_N n≥100 [PASS]
# RESULTS: [学习级] c53 M9 U1 验证/风险/组合忠实复现 (书 CH20-24); 几何衰减 (50/25/12.5), 冲击相关性, 分散化 n_eff, 波动稳定 VF 口径; GBM/硬币/块 bootstrap 30 次同管线; 描述层无入场, 无交易含义

[H1] 几何衰减对拍 (书 50/25/12.5):
  1h: P(L=1) 50.1% (书 50%, 硬币 50.0%±0.4%) | P(L=2) 26.0% (书 25%, 硬币 25.0%±0.4%) | P(L=3) 12.8% (书 12.5%, 硬币 12.5%±0.3%) | P(≥2) 49.9% P(≥3) 24.0% (n=261570)
  4h: P(L=1) 50.5% (书 50%, 硬币 50.0%±1.0%) | P(L=2) 25.5% (书 25%, 硬币 25.1%±1.0%) | P(L=3) 12.6% (书 12.5%, 硬币 12.5%±0.8%) | P(≥2) 49.5% P(≥3) 24.0% (n=60391)
  幅度 Zipf (q75/q50, q87.5/q50):
  1h: 真实 1.92/2.93 vs 书 2/4 vs lognormal 1.97/3.04
  4h: 真实 1.95/2.97 vs 书 2/4 vs lognormal 2.00/3.08

[H2] 高波动态相关性 (书: 冲击时相关→1):
  1h 波动低: ρ 0.264 (n=1239) [MIN_N 通过] | bootstrap 0.000±0.001
  1h 波动中: ρ 0.275 (n=1229) [MIN_N 通过] | bootstrap 0.000±0.001
  1h 波动高: ρ 0.277 (n=1237) [MIN_N 通过] | bootstrap 0.001±0.001
  1h n_eff: 低波 4.3 vs 高波 4.3 (坍缩 -0.7%)
  4h 波动低: ρ 0.278 (n=286) [MIN_N 通过] | bootstrap 0.002±0.001
  4h 波动中: ρ 0.298 (n=281) [MIN_N 通过] | bootstrap 0.002±0.001
  4h 波动高: ρ 0.276 (n=285) [MIN_N 通过] | bootstrap 0.002±0.001
  4h n_eff: 低波 4.1 vs 高波 4.0 (坍缩 -2.8%)

[H3] 分散化审计 (书图 24.1: 现实≈n_eff=2):
  1h: 全样本 n_eff 4.40 | 分年 ['2024:4.71', '2025:3.80', '2026:3.89']
  4h: 全样本 n_eff 4.25 | 分年 ['2024:4.58', '2025:3.63', '2026:3.84']

[H4] 波动稳定口径核对 (c26 vs 书 VF):
  c26 用 ATR 比例仓位 (仓位∝1/ATR 或 ATR 尺度, 排程每 24 根); 书 CH24 VF=目标波动/10 日滚动年化、滞后一期 — 口径不同, 已按书口径重跑 (BTC/ETH 1h, 目标 12%, 240 bar 滚动, 成本 0/2.5bp)
  BTC/USDT:USDT: 书 VF 净 0.3348 (0bp) / 0.1920 (2.5bp) (n=1059)
  ETH/USDT:USDT: 书 VF 净 0.1949 (0bp) / 0.0295 (2.5bp) (n=1059)

[测试纪律] 书 CH21 '测试用于取舍不用于发现' 与我们三层门禁 (预注册/GATE/check_study) 同源 — 结论确认同源性

[对照-历史] c31 (run 反持久); c37 (n_eff=2.15); c26 (波动目标); c12 (波动长记忆); 书 CH20 p.869/CH22 p.994/CH24 p.1142-1143
