# meta: study_id=c54_behavioral_form date=2026-08-14 script_sha256=eb1afe2211cf4f5759eac13749fbbb1ba6db3be1526e1a1d36eba8eb028675c6 data_range=2023-08..2026-08; ratio 2026-02-15..2026-08-13 (API pilot) params=h1_perm=30,h2_ccy=BTC+ETH,h2_period=1D,h2_q=0.05,h3_Ns=(10, 20, 50),h3_costs=(0.0, 1.0, 2.5),gbm_seeds=15(H3裁剪),min_n=100,gate=MIN_GBM_SEEDS=30(学习级裁剪15),MIN_N=100(学习级),学习级
# GATE: 探测器自检 H1 置换 null [PASS]; H3 golden + GBM 带 [PASS]; MIN_N n≥100 [PASS]
# RESULTS: [学习级] c54 M5 行为与形态 (书 CH14-16); 周内效应 (CH15 图 15.14 X/O), 反向意见 (CH14, OKX ratio pilot), 5m 突破 (CH16 固定点); 描述层无入场, 无交易含义

[H1] 周内效应 (BTC+ETH 日线 close-only, n=180):
  P[周二跌|周一涨] 真实 58.9% vs 置换 95% 区间 [32.9%, 69.5%] (置换 mean 51.9%) -> 区间内
  分周内 P(up): 一:P(up) 57.7%(n=312) | 二:P(up) 42.6%(n=312) | 三:P(up) 51.0%(n=312) | 四:P(up) 42.0%(n=314) | 五:P(up) 52.2%(n=314)

[H2] 反向意见代理 (OKX long-short-account-ratio?ccy=, 1D, 2026-02-15..2026-08-13 pilot):
  BTC: 底部5%前向60.0% (n=10) [MIN_N 不足] | 顶部5%前向55.6% (n=9) [MIN_N 不足] | Spearman +0.026 (n=167) [MIN_N 通过] | 触碰D1 66.7% (n=3) [MIN_N 不足]
  ETH: 底部5%前向33.3% (n=9) [MIN_N 不足] | 顶部5%前向44.4% (n=9) [MIN_N 不足] | Spearman -0.004 (n=167) [MIN_N 通过] | 触碰D1 nan% (n=0) [MIN_N 不足]
  GBM null Spearman: 0.005±0.064
  GBM null 触碰 D1: 46.4% (n=56)

[H3] 5m N-bar 突破 (书 CH16 固定点突破加密版, 永远在场反转, 每信号事件 1 笔成本):
  BTC N=10: 0.0bp 无成本-3.1175 | 1.0bp -8.2179 | 2.5bp -15.8685
      GBM(0bp) 0.1225±0.7248 | 事件数 51004
  BTC N=20: 0.0bp 无成本-1.5557 | 1.0bp -4.8312 | 2.5bp -9.7444
      GBM(0bp) -0.0126±0.8153 | 事件数 32755
  BTC N=50: 0.0bp 无成本-1.2097 | 1.0bp -2.9703 | 2.5bp -5.6112
      GBM(0bp) -0.1232±0.9301 | 事件数 17606
  ETH N=10: 0.0bp 无成本-1.6178 | 1.0bp -6.1907 | 2.5bp -13.0501
      GBM(0bp) 0.1645±0.9735 | 事件数 45729
  ETH N=20: 0.0bp 无成本-0.9383 | 1.0bp -3.8004 | 2.5bp -8.0936
      GBM(0bp) -0.0168±1.0947 | 事件数 28621
  ETH N=50: 0.0bp 无成本-0.4268 | 1.0bp -1.9356 | 2.5bp -4.1988
      GBM(0bp) -0.1662±1.2487 | 事件数 15088

[对照-历史] 书 CH15 图15.14 (周内全概率 34-66% 本就很弱); CH14 (反向意见, 加密无直接民意数据 — ratio 代理 pilot); CH16 (无成本突破全盈利, 20 年); c21/c23/c25 (成本吃光突破/区间优势); c49 H4 (funding 折返无调节); c17 (触碰折返 -2~-4pp 基线)
