# meta: study_id=c57_option_straddle date=2026-08-14 script_sha256=0f2cddbee5250227894a82a864675c50d9c7c46267ee6cf73db68f70ae6a4875 data_range=触碰 2026-06-24..2026-08-01; 期权蜡烛 2026-03..2026-08 params=tf=1h,band=20±2.0σ,window=2026-06-24~2026-08-01,holds=(24, 48, 72),exp_min=72h,lookup=±2h,ct_mult=0.01,taker=0.0003,tick=0.0001,null=30,min_n=100,gate=MIN_N=100(学习级),学习级
# GATE: 探测器自检 映射 golden + ±2h 查找 golden + P&L golden + null sanity [PASS]; MIN_N n≥100 [PASS]
# RESULTS: [学习级] c57 期权线第一块砖: 2σ 带触碰 → 跨式期权 (long-vol 先验); 触碰=c51 口径 (MA20±2σ 出带); 合约映射以蜡烛覆盖为地面真相; 期权 K 线稀疏 ±2h 最近 bar; 无 bid/ask 用 OHLC (入场 open/平仓 close, 日内报价可能陈旧); P&L = Δ跨式价×ctMult, 归一化 % of 标的价; 描述层无入场, 无交易含义

[数据] BTC 触碰窗口 2026-06-24 ~ 2026-08-01: 原始触碰 88 (up 47 + dn 41) | 剔除 4 (无候选合约/无期权价) | 可用样本 84 (24h) [MIN_N 不足] | ETH: 期权蜡烛仅 08-11..08-14 覆盖, 触碰窗口内无可映射 合约 (数据缺失标注)

[H1] 触碰后跨式 P&L (24h) vs 随机时点 null 30 次 (标的价归一 %; 括号内=跨式溢价归一 %):
  24h: 真实 -0.000008% (-4.177%) (n=84) [MIN_N 不足] | null +0.000004±0.000001% (+2.070%) 95% [+0.000001, +0.000006] -> 低于区间↓
  48h: 真实 -0.000009% (-5.015%) (n=84) [MIN_N 不足] | null +0.000003±0.000002% (+2.020%) 95% [-0.000000, +0.000006] -> 低于区间↓
  72h: 真实 -0.000008% (-4.042%) (n=84) [MIN_N 不足] | null -0.000002±0.000002% (-0.008%) 95% [-0.000006, +0.000002] -> 低于区间↓

[H2] 触碰后 realized 波动 vs 跨式隐含 breakeven 波动:
  E1(24) (c52 口径): 真实 +8.55% (n=84) | 24h 移动 |log ret| +1.10% | 跨式 breakeven (2×跨式价/标的价) +21.12% | breakeven − 移动 +20.01%
  判定: realized 24h 移动 < breakeven (信号未超出期权定价)

[H3] 成本敏感性 (taker 0.03%×4 腿 + 1 tick 价差, 跨式溢价归一 %):
  24h: 毛 P&L -4.177% | 成本 +0.451% | 净 P&L -4.629% (n=84)
  48h: 毛 P&L -5.015% | 成本 +0.451% | 净 P&L -5.466% (n=84)
  72h: 毛 P&L -4.042% | 成本 +0.451% | 净 P&L -4.494% (n=84)

[合约] 有效事件映射 (24h):
  BTC-USD-260828-64000-C: 26
  BTC-USD-260828-65000-C: 19
  BTC-USD-260828-62000-C: 15
  BTC-USD-260828-60000-C: 11
  BTC-USD-260828-63000-C: 5
  BTC-USD-260828-66000-C: 5
  BTC-USD-260828-58000-C: 2
  BTC-USD-260821-63000-C: 1

[对照-历史] c51 (带触碰: 双用途不给结论, E1 释放); c52 (E1 h 剖面); c14/c17 (关键位触碰); c54/c56 (突破/择时); 期权线 第一块砖 (long-vol 先验, IV 定价之上有增量假设); 数据摩擦: OKX 只在列合约 + 周度上市晚 + 期权 K 线稀疏 (±2h 容忍 + 重复报价)
