═══ HMM波动状态 (行) × atr_ratio分档 (列) 混淆矩阵 ═══
             atr低    atr常态     atr高       合计
    HMM低     3015     2963      195     6173
    HMM中     1218    12844     3077    17139
    HMM高       43     1621     1213     2877

总样本: 26189, 完全一致率: 65.2%

按列(条件一致率): 给定atr分档, HMM判对的占比
  atr低: 3015/4276 = 70.5%
  atr常态: 12844/17428 = 73.7%
  atr高: 1213/4485 = 27.0%

HMM 各状态的 atr_ratio 统计:
  HMM低: atr_ratio 均值 0.77 中位 0.71 p25 0.58 p75 0.92
  HMM中: atr_ratio 均值 1.07 中位 1.04 p25 0.87 p75 1.22
  HMM高: atr_ratio 均值 1.30 中位 1.24 p25 1.05 p75 1.48

预测价值对比 (未来24根 1:1, TP1/SL1):
                  n       胜率
(双向 1:1: 先到 ±1ATR 判定, 无方向偏好)
HMMHMM低:     6032    52.2%
HMMHMM中:    16975    50.7%
HMMHMM高:     2860    50.9%
atr低:     4214    51.7%
atr常态:    17087    51.2%
atr高:     4422    49.8%
