
==============================================================
═══ 1h 二维HMM (n=26280) ═══
==============================================================

[最优 log-likelihood: -47083.9]  (观测: 收益% + 波动std%)

状态参数 (按 μ_收益 排序):
状态          μ收益      σ收益      μ波动      σ波动     停留(根)
态0       0.0026   0.2474   0.2375   0.0713      36.5
态1       0.0050   0.4428   0.4425   0.0692      23.8
态2       0.0055   0.8219   0.7828   0.2379      29.5

转移矩阵 (行=当前, 列=下一):
   0.9726   0.0250   0.0024
   0.0259   0.9580   0.0161
   0.0009   0.0330   0.9661

状态分布 (滤波):
  态0: 10134 根 (38.6%)
  态1: 10486 根 (39.9%)
  态2: 5640 根 (21.5%)

预测价值: 滤波状态 → 未来 24 根 1:1 (±1ATR, 沿状态方向)
状态           n      沿向胜率
态2        5534     50.5%

==============================================================
═══ 4h 二维HMM (n=6570) ═══
==============================================================

[最优 log-likelihood: -12533.9]  (观测: 收益% + 波动std%)

状态参数 (按 μ_收益 排序):
状态          μ收益      σ收益      μ波动      σ波动     停留(根)
态0       0.0087   1.4953   1.4546   0.3488      25.2
态1       0.0123   0.6109   0.5864   0.1244      32.9
态2       0.0275   0.9189   0.9244   0.1129      17.6

转移矩阵 (行=当前, 列=下一):
   0.9603   0.0019   0.0378
   0.0059   0.9696   0.0245
   0.0193   0.0374   0.9433

状态分布 (滤波):
  态0: 1489 根 (22.7%)
  态1: 2847 根 (43.5%)
  态2: 2214 根 (33.8%)

预测价值: 滤波状态 → 未来 12 根 1:1 (±1ATR, 沿状态方向)
状态           n      沿向胜率
态0        1413     49.8%
态1        2730     52.8%
态2        2117     52.3%

==============================================================
═══ 1d 二维HMM (n=1096) ═══
==============================================================

[最优 log-likelihood: -2057.5]  (观测: 收益% + 波动std%)

状态参数 (按 μ_收益 排序):
状态          μ收益      σ收益      μ波动      σ波动     停留(根)
态0       0.0354   1.6873   1.6395   0.2706      30.8
态1       0.0795   2.4483   2.4128   0.2194      19.5
态2       0.3374   3.5454   3.5819   0.6182      22.5

转移矩阵 (行=当前, 列=下一):
   0.9676   0.0289   0.0035
   0.0331   0.9486   0.0182
   0.0000   0.0445   0.9555

状态分布 (滤波):
  态0: 437 根 (40.6%)
  态1: 429 根 (39.9%)
  态2: 210 根 (19.5%)

预测价值: 滤波状态 → 未来 10 根 1:1 (±1ATR, 沿状态方向)
状态           n      沿向胜率
态0         415     51.8%
态1         419     55.1%
态2         195     54.9%
