
============================================================
═══ 1h (n=26280) ═══
============================================================

── 窗口 128 根 ──
Hurst: 均值 0.521 中位 0.524 p25 0.464 p75 0.576
  回归态: 852 (19.6%)
  随机: 1898 (43.6%)
  趋势态: 1607 (36.9%)

  后续 24 根 1:1 (±1ATR):
  分档           n      动量向胜率      双向胜率
  回归态        852      48.5%     52.0%
  随机        1898      49.4%     51.5%
  趋势态       1607      47.2%     51.1%

── 窗口 256 根 ──
Hurst: 均值 0.527 中位 0.529 p25 0.487 p75 0.569
  回归态: 466 (10.7%)
  随机: 2323 (53.6%)
  趋势态: 1547 (35.7%)

  后续 24 根 1:1 (±1ATR):
  分档           n      动量向胜率      双向胜率
  回归态        466      47.9%     52.1%
  随机        2323      50.9%     51.8%
  趋势态       1547      48.1%     50.7%

  ── 与 market_phase 交叉 (窗口 256) ──
  (行=Hurst, 列=market_phase: 震荡/转换/趋势, n=4336)
  回归态         11     235     220
  随机          61    1173    1089
  趋势态         29     702     816

── 窗口 512 根 ──
Hurst: 均值 0.532 中位 0.534 p25 0.502 p75 0.564
  回归态: 217 (5.1%)
  随机: 2503 (58.3%)
  趋势态: 1573 (36.6%)

  后续 24 根 1:1 (±1ATR):
  分档           n      动量向胜率      双向胜率
  回归态        217      47.9%     47.9%
  随机        2503      48.9%     50.8%
  趋势态       1573      48.0%     53.2%

============================================================
═══ 4h (n=6570) ═══
============================================================

── 窗口 128 根 ──
Hurst: 均值 0.520 中位 0.519 p25 0.467 p75 0.569
  回归态: 582 (18.1%)
  随机: 1538 (47.8%)
  趋势态: 1096 (34.1%)

  后续 12 根 1:1 (±1ATR):
  分档           n      动量向胜率      双向胜率
  回归态        582      49.9%     47.9%
  随机        1538      53.2%     53.3%
  趋势态       1096      50.1%     52.3%

── 窗口 256 根 ──
Hurst: 均值 0.526 中位 0.526 p25 0.490 p75 0.561
  回归态: 247 (7.8%)
  随机: 1888 (59.9%)
  趋势态: 1017 (32.3%)

  后续 12 根 1:1 (±1ATR):
  分档           n      动量向胜率      双向胜率
  回归态        247      51.3%     41.9%
  随机        1888      51.3%     52.2%
  趋势态       1017      52.5%     54.2%

  ── 与 market_phase 交叉 (窗口 256) ──
  (行=Hurst, 列=market_phase: 震荡/转换/趋势, n=3152)
  回归态          5     138     104
  随机          43     895     950
  趋势态         24     458     535

── 窗口 512 根 ──
Hurst: 均值 0.530 中位 0.529 p25 0.505 p75 0.553
  回归态: 38 (1.3%)
  随机: 2158 (71.4%)
  趋势态: 828 (27.4%)

  后续 12 根 1:1 (±1ATR):
  分档           n      动量向胜率      双向胜率
  回归态         38      51.4%     43.2%
  随机        2158      51.5%     50.7%
  趋势态        828      52.3%     53.8%
