日线标的数: 20

========================================================
═══ 日线 Hurst 窗口 128 ═══
========================================================

日线 Hurst: 均值 0.513 中位 0.513 p25 0.462 p75 0.562
标的均值分布: 0.513 (min 0.475, max 0.554)

分档 × 后续10天 1:1 (±1日线ATR):
分档            n      沿动量      逆动量
回归态        1301    51.9%    48.6%
随机         3034    50.0%    50.7%
趋势态        1915    48.5%    52.4%

========================================================
═══ 日线 Hurst 窗口 256 ═══
========================================================

日线 Hurst: 均值 0.516 中位 0.516 p25 0.478 p75 0.551
标的均值分布: 0.516 (min 0.483, max 0.556)

分档 × 后续10天 1:1 (±1日线ATR):
分档            n      沿动量      逆动量
回归态         653    46.8%    53.7%
随机         3359    49.1%    51.5%
趋势态        1378    48.7%    51.9%
