BTC/USDT:USDT: done (23s)
ETH/USDT:USDT: done (26s)
SOL/USDT:USDT: done (28s)
BNB/USDT:USDT: done (31s)
XRP/USDT:USDT: done (34s)
DOGE/USDT:USDT: done (36s)
ADA/USDT:USDT: done (39s)
AVAX/USDT:USDT: done (41s)
LINK/USDT:USDT: done (44s)
DOT/USDT:USDT: done (46s)
LTC/USDT:USDT: done (49s)
BCH/USDT:USDT: done (52s)
NEAR/USDT:USDT: done (54s)
OP/USDT:USDT: done (57s)
ARB/USDT:USDT: done (59s)
ATOM/USDT:USDT: done (62s)
SUI/USDT:USDT: done (64s)
UNI/USDT:USDT: done (67s)
TIA/USDT:USDT: done (69s)
INJ/USDT:USDT: done (71s)

扫描采样: 126778, 总耗时: 71s

═══ 贴支撑未破 → 做多 ═══
  状态                 全部          低质量          中质量          高质量
  日多4H多      56.6%(11300)   54.8%(8317)   61.7%(2673)   62.9%( 310)
  日多4H中      55.7%(7720)   54.4%(6831)   65.6%( 812)      --(77)
  日多4H空      57.4%(4805)   56.4%(4196)   63.8%( 564)      --(45)
  日中4H多      47.0%(9566)   46.6%(5088)   47.9%(3920)   43.9%( 558)
  日中4H中      50.5%(9313)   49.7%(6934)   52.8%(2137)   50.8%( 242)
  日中4H空      51.4%(10333)   50.3%(7221)   53.6%(2747)   57.0%( 365)
  日空4H多      40.1%(5845)   41.8%(4395)   35.1%(1361)      --(89)
  日空4H中      43.3%(11866)   44.0%(10052)   39.9%(1717)      --(97)
  日空4H空      44.6%(19999)   45.8%(15305)   41.1%(4215)   37.4%( 479)
  [汇总] 顺日线: n= 23825 胜率=56.5%
  [汇总] 逆日线: n= 37710 胜率=43.5%

═══ 贴阻力未破 → 做空 ═══
  状态                 全部          低质量          中质量          高质量
  日多4H多      45.1%(15731)   46.2%(12247)   41.4%(3092)   39.0%( 392)
  日多4H中      44.9%(8262)   45.9%(7097)   39.0%(1074)      --(91)
  日多4H空      43.6%(4355)   46.2%(3237)   35.4%(1024)      --(94)
  日中4H多      53.9%(10165)   52.4%(6837)   56.8%(3011)   58.7%( 317)
  日中4H中      51.0%(9266)   50.9%(6885)   51.4%(2131)   48.0%( 250)
  日中4H空      49.8%(9649)   51.2%(5197)   48.1%(3870)   49.0%( 582)
  日空4H多      61.0%(6176)   60.4%(5333)   64.4%( 807)      --(36)
  日空4H中      58.1%(10686)   57.1%(9264)   63.3%(1323)      --(99)
  日空4H空      57.4%(14514)   56.2%(10477)   60.2%(3574)   63.7%( 463)
  [汇总] 顺日线: n= 31376 胜率=58.4%
  [汇总] 逆日线: n= 28348 胜率=44.8%
