[load 15s] 20 syms
BTC/USDT:USDT: 6384 pts (1s)
ETH/USDT:USDT: 6384 pts (1s)
SOL/USDT:USDT: 6384 pts (1s)
BNB/USDT:USDT: 6384 pts (1s)
XRP/USDT:USDT: 6384 pts (1s)
DOGE/USDT:USDT: 6384 pts (1s)
ADA/USDT:USDT: 6384 pts (1s)
AVAX/USDT:USDT: 6384 pts (1s)
LINK/USDT:USDT: 6384 pts (1s)
DOT/USDT:USDT: 6384 pts (1s)
LTC/USDT:USDT: 6384 pts (1s)
BCH/USDT:USDT: 6384 pts (1s)
NEAR/USDT:USDT: 6384 pts (1s)
OP/USDT:USDT: 6384 pts (1s)
ARB/USDT:USDT: 6384 pts (1s)
ATOM/USDT:USDT: 6384 pts (1s)
SUI/USDT:USDT: 6384 pts (1s)
UNI/USDT:USDT: 6384 pts (1s)
TIA/USDT:USDT: 5843 pts (1s)
INJ/USDT:USDT: 5664 pts (1s)

[scan 179650 touch samples, total 44s]

═══ 贴支撑未破 → 做多 ═══

对称1:1 · 顺日线
                     W=6            W=12            W=24            W=48            W=96
T=0.3      54.3%(18098)    54.3%(18100)    54.3%(18101)    54.3%(18101)    54.3%(18101)
T=0.5      54.4%(22158)    54.4%(22239)    54.4%(22244)    54.4%(22245)    54.4%(22245)
T=0.75     55.0%(22441)    54.9%(23356)    54.9%(23445)    54.9%(23452)    54.9%(23453)
T=1.0      56.4%(20217)    56.1%(23032)    56.1%(23603)    56.1%(23658)    56.1%(23660)
T=1.5      59.2%(14161)    58.7%(20083)    57.8%(23085)    57.6%(23723)    57.6%(23796)
T=2.0       64.0%(9147)    62.5%(15857)    60.0%(21195)    59.1%(23317)    58.9%(23777)
W=全部     56.4%(106222)   56.6%(122667)   56.3%(131673)   56.2%(134496)   56.1%(135032)

对称1:1 · 逆日线
                     W=6            W=12            W=24            W=48            W=96
T=0.3      46.2%(29120)    46.2%(29123)    46.2%(29123)    46.2%(29123)    46.2%(29123)
T=0.5      45.9%(35236)    45.9%(35422)    45.9%(35443)    45.9%(35443)    45.9%(35443)
T=0.75     44.3%(34946)    44.4%(36803)    44.5%(37072)    44.5%(37087)    44.5%(37088)
T=1.0      42.6%(31178)    42.8%(36088)    43.0%(37269)    43.0%(37402)    43.0%(37407)
T=1.5      38.4%(21791)    39.4%(31201)    40.5%(36096)    40.8%(37406)    40.9%(37604)
T=2.0      35.4%(14306)    36.7%(24522)    39.2%(32848)    39.9%(36573)    40.1%(37572)
W=全部     43.1%(166577)   42.9%(193159)   43.2%(207851)   43.3%(213034)   43.3%(214237)

对称1:1 · 插曲(沿日线)
                     W=6            W=12            W=24            W=48            W=96
T=0.3       54.4%(3676)     54.4%(3677)     54.4%(3677)     54.4%(3677)     54.4%(3677)
T=0.5       54.9%(4476)     54.8%(4500)     54.8%(4502)     54.8%(4503)     54.8%(4503)
T=0.75      55.9%(4543)     55.7%(4728)     55.8%(4745)     55.8%(4749)     55.8%(4750)
T=1.0       57.4%(4113)     56.9%(4668)     57.1%(4776)     57.2%(4789)     57.2%(4790)
T=1.5       60.3%(2925)     60.4%(4084)     59.8%(4632)     59.5%(4785)     59.4%(4811)
T=2.0       64.9%(1915)     64.6%(3276)     63.7%(4274)     62.7%(4671)     62.2%(4799)
W=全部      57.1%(21648)    57.5%(24933)    57.6%(26606)    57.5%(27174)    57.4%(27330)

固定SL=1ATR · 顺日线 EV
                     W=6            W=12            W=24            W=48            W=96
T=0.3     0.05EV(22897)   0.05EV(23131)   0.05EV(23144)   0.05EV(23145)   0.05EV(23145)
T=0.5     0.08EV(22630)   0.07EV(23348)   0.07EV(23416)   0.07EV(23420)   0.07EV(23420)
T=0.75    0.11EV(21640)   0.10EV(23330)   0.10EV(23587)   0.10EV(23606)   0.10EV(23607)
T=1.0     0.13EV(20217)   0.12EV(23032)   0.12EV(23603)   0.12EV(23658)   0.12EV(23660)
T=1.5     0.11EV(17442)   0.15EV(21981)   0.16EV(23516)   0.17EV(23739)   0.17EV(23750)
T=2.0     0.04EV(15268)   0.16EV(20670)   0.21EV(23186)   0.21EV(23735)   0.21EV(23797)
W=全部     60.8%(120094)   59.8%(135492)   59.6%(140452)   59.5%(141303)   59.5%(141379)

对照·未贴位 · 顺日线
                     W=6            W=12            W=24            W=48            W=96
T=0.3      52.4%(30169)    52.4%(30172)    52.4%(30173)    52.4%(30173)    52.4%(30173)
T=0.5      52.9%(37514)    52.9%(37632)    52.9%(37638)    52.9%(37639)    52.9%(37639)
T=0.75     53.5%(38291)    53.5%(39743)    53.5%(39892)    53.5%(39909)    53.5%(39910)
T=1.0      54.8%(34871)    54.5%(39386)    54.5%(40291)    54.5%(40386)    54.5%(40388)
T=1.5      57.3%(24658)    56.7%(34576)    56.0%(39489)    55.8%(40521)    55.8%(40628)
T=2.0      61.6%(16058)    59.9%(27289)    57.6%(36286)    56.8%(39835)    56.6%(40603)
W=全部     54.7%(181561)   54.8%(208798)   54.6%(223769)   54.4%(228463)   54.4%(229341)

对称1:1 · 顺日线 · 质量=低
                     W=6            W=12            W=24            W=48            W=96
T=0.3      52.6%(11369)    52.6%(11370)    52.6%(11370)    52.6%(11370)    52.6%(11370)
T=0.5      52.5%(13891)    52.5%(13943)    52.5%(13946)    52.5%(13947)    52.5%(13947)
T=0.75     52.9%(14101)    52.8%(14667)    52.9%(14726)    52.9%(14731)    52.9%(14731)
T=1.0      53.9%(12703)    53.8%(14460)    53.8%(14824)    53.8%(14862)    53.8%(14862)
T=1.5       56.5%(8844)    56.1%(12564)    55.2%(14471)    55.1%(14912)    55.1%(14947)
T=2.0       60.3%(5606)     59.3%(9828)    57.0%(13290)    56.2%(14666)    56.1%(14943)
W=全部      54.1%(66514)    54.3%(76832)    54.0%(82627)    53.9%(84488)    53.9%(84800)

对称1:1 · 顺日线 · 质量=中
                     W=6            W=12            W=24            W=48            W=96
T=0.3       57.1%(6477)     57.1%(6477)     57.1%(6477)     57.1%(6477)     57.1%(6477)
T=0.5       57.6%(7959)     57.6%(7986)     57.6%(7987)     57.6%(7987)     57.6%(7987)
T=0.75      58.4%(8037)     58.3%(8373)     58.3%(8400)     58.4%(8402)     58.3%(8403)
T=1.0       60.5%(7236)     60.1%(8264)     59.9%(8457)     59.9%(8474)     59.9%(8476)
T=1.5       63.6%(5114)     62.8%(7243)     61.9%(8294)     61.7%(8486)     61.6%(8524)
T=2.0       69.7%(3407)     67.7%(5806)     65.0%(7608)     63.7%(8333)     63.5%(8508)
W=全部      60.1%(38230)    60.3%(44149)    60.0%(47223)    59.9%(48159)    59.8%(48375)

对称1:1 · 顺日线 · 质量=高
                     W=6            W=12            W=24            W=48            W=96
T=0.3       57.5%( 252)     57.7%( 253)     57.9%( 254)     57.9%( 254)     57.9%( 254)
T=0.5       58.4%( 308)     58.4%( 310)     58.5%( 311)     58.5%( 311)     58.5%( 311)
T=0.75      60.7%( 303)     60.1%( 316)     60.5%( 319)     60.5%( 319)     60.5%( 319)
T=1.0       63.3%( 278)     61.4%( 308)     62.1%( 322)     62.1%( 322)     62.1%( 322)
T=1.5       66.0%( 203)     67.4%( 276)     66.6%( 320)     66.8%( 325)     66.8%( 325)
T=2.0       72.4%( 134)     68.6%( 223)     68.4%( 297)     68.6%( 318)     67.5%( 326)
W=全部       62.0%(1478)     62.0%(1686)     62.4%(1823)     62.6%(1849)     62.4%(1857)

═══ 贴阻力未破 → 做空 ═══

对称1:1 · 顺日线
                     W=6            W=12            W=24            W=48            W=96
T=0.3      55.1%(24456)    55.1%(24459)    55.1%(24459)    55.1%(24459)    55.1%(24459)
T=0.5      55.2%(29461)    55.2%(29621)    55.2%(29640)    55.2%(29640)    55.2%(29640)
T=0.75     56.7%(29015)    56.6%(30657)    56.5%(30893)    56.5%(30909)    56.5%(30909)
T=1.0      58.5%(25636)    58.3%(29955)    58.0%(31015)    58.0%(31146)    58.0%(31147)
T=1.5      62.4%(17690)    61.5%(25755)    60.6%(29927)    60.2%(31131)    60.2%(31292)
T=2.0      65.4%(11548)    64.3%(20188)    62.1%(27196)    61.2%(30426)    61.0%(31279)
W=全部     57.9%(137806)   58.2%(160635)   58.0%(173130)   57.8%(177711)   57.8%(178726)

对称1:1 · 逆日线
                     W=6            W=12            W=24            W=48            W=96
T=0.3      47.4%(21188)    47.4%(21191)    47.4%(21192)    47.4%(21192)    47.4%(21192)
T=0.5      46.5%(26218)    46.5%(26304)    46.5%(26308)    46.5%(26309)    46.5%(26309)
T=0.75     45.7%(26689)    45.8%(27722)    45.7%(27825)    45.7%(27834)    45.7%(27835)
T=1.0      44.1%(24281)    44.3%(27437)    44.3%(28078)    44.3%(28144)    44.3%(28146)
T=1.5      41.0%(17182)    41.7%(24134)    42.7%(27535)    42.9%(28235)    42.9%(28308)
T=2.0      36.4%(11319)    38.3%(19166)    40.9%(25351)    41.9%(27775)    42.1%(28295)
W=全部     44.4%(126877)   44.2%(145954)   44.5%(156289)   44.7%(159489)   44.7%(160085)

对称1:1 · 插曲(沿日线)
                     W=6            W=12            W=24            W=48            W=96
T=0.3       58.4%(4694)     58.4%(4694)     58.4%(4694)     58.4%(4694)     58.4%(4694)
T=0.5       57.3%(5768)     57.3%(5777)     57.3%(5778)     57.3%(5778)     57.3%(5778)
T=0.75      59.3%(5811)     59.3%(6038)     59.3%(6062)     59.3%(6065)     59.3%(6065)
T=1.0       61.0%(5238)     60.8%(5970)     60.6%(6103)     60.5%(6119)     60.5%(6119)
T=1.5       64.2%(3664)     64.1%(5245)     63.1%(5951)     62.7%(6143)     62.6%(6151)
T=2.0       66.7%(2386)     66.4%(4212)     64.6%(5541)     63.8%(6064)     63.7%(6161)
W=全部      60.3%(27561)    60.8%(31936)    60.6%(34129)    60.4%(34863)    60.4%(34968)

固定SL=1ATR · 顺日线 EV
                     W=6            W=12            W=24            W=48            W=96
T=0.3    -0.65EV(29849)  -0.64EV(30378)  -0.64EV(30430)  -0.64EV(30435)  -0.64EV(30435)
T=0.5    -0.42EV(29242)  -0.41EV(30677)  -0.41EV(30859)  -0.41EV(30877)  -0.41EV(30877)
T=0.75   -0.14EV(27562)  -0.12EV(30476)  -0.12EV(31012)  -0.12EV(31056)  -0.12EV(31056)
T=1.0     0.17EV(25636)   0.17EV(29955)   0.16EV(31015)   0.16EV(31146)   0.16EV(31147)
T=1.5     0.82EV(22357)   0.75EV(28405)   0.72EV(30735)   0.72EV(31225)   0.72EV(31252)
T=2.0     1.47EV(20214)   1.35EV(26732)   1.28EV(30237)   1.26EV(31184)   1.25EV(31308)
W=全部     52.2%(154860)   53.2%(176623)   53.3%(184288)   53.3%(185923)   53.3%(186075)

对照·未贴位 · 顺日线
                     W=6            W=12            W=24            W=48            W=96
T=0.3      53.4%(39990)    53.4%(39995)    53.4%(39995)    53.4%(39995)    53.4%(39995)
T=0.5      53.6%(48561)    53.6%(48817)    53.6%(48844)    53.6%(48844)    53.6%(48844)
T=0.75     54.9%(48125)    54.8%(50717)    54.7%(51084)    54.8%(51108)    54.8%(51109)
T=1.0      56.6%(42974)    56.3%(49731)    56.2%(51365)    56.1%(51569)    56.1%(51575)
T=1.5      60.4%(30056)    59.3%(42936)    58.4%(49687)    58.1%(51558)    58.0%(51833)
T=2.0      63.4%(19746)    61.8%(33714)    59.7%(45135)    58.9%(50342)    58.6%(51783)
W=全部     56.1%(229452)   56.3%(265910)   56.0%(286110)   55.9%(293416)   55.9%(295139)

对称1:1 · 顺日线 · 质量=低
                     W=6            W=12            W=24            W=48            W=96
T=0.3      53.9%(15079)    53.9%(15080)    53.9%(15080)    53.9%(15080)    53.9%(15080)
T=0.5      54.2%(18193)    54.2%(18289)    54.1%(18301)    54.1%(18301)    54.1%(18301)
T=0.75     55.4%(17906)    55.3%(18914)    55.2%(19065)    55.2%(19074)    55.2%(19074)
T=1.0      56.9%(15788)    56.7%(18472)    56.6%(19144)    56.5%(19230)    56.5%(19230)
T=1.5      60.6%(10853)    59.7%(15808)    59.0%(18467)    58.8%(19227)    58.8%(19323)
T=2.0       63.2%(7101)    62.1%(12350)    60.2%(16718)    59.5%(18776)    59.2%(19305)
W=全部      56.5%(84920)    56.7%(98913)   56.5%(106775)   56.4%(109688)   56.4%(110313)

对称1:1 · 顺日线 · 质量=中
                     W=6            W=12            W=24            W=48            W=96
T=0.3       57.2%(9030)     57.2%(9032)     57.2%(9032)     57.2%(9032)     57.2%(9032)
T=0.5      57.0%(10864)    57.1%(10928)    57.1%(10935)    57.1%(10935)    57.1%(10935)
T=0.75     58.8%(10704)    58.7%(11319)    58.7%(11403)    58.7%(11410)    58.7%(11410)
T=1.0       61.2%(9489)    60.7%(11067)    60.4%(11443)    60.4%(11488)    60.4%(11489)
T=1.5       65.4%(6598)     64.6%(9603)    63.2%(11053)    62.8%(11474)    62.7%(11539)
T=2.0       68.8%(4298)     68.0%(7571)    65.4%(10111)    64.4%(11232)    64.0%(11543)
W=全部      60.3%(50983)    60.7%(59520)    60.4%(63977)    60.2%(65571)    60.1%(65948)

对称1:1 · 顺日线 · 质量=高
                     W=6            W=12            W=24            W=48            W=96
T=0.3       56.8%( 347)     56.8%( 347)     56.8%( 347)     56.8%( 347)     56.8%( 347)
T=0.5       55.0%( 404)     55.0%( 404)     55.0%( 404)     55.0%( 404)     55.0%( 404)
T=0.75      58.5%( 405)     58.3%( 424)     58.4%( 425)     58.4%( 425)     58.4%( 425)
T=1.0       60.2%( 359)     60.6%( 416)     60.0%( 428)     60.0%( 428)     60.0%( 428)
T=1.5       61.9%( 239)     61.0%( 344)     59.5%( 407)     57.7%( 430)     57.7%( 430)
T=2.0       66.4%( 149)     62.5%( 267)     59.1%( 367)     56.2%( 418)     55.9%( 431)
W=全部       58.8%(1903)     58.8%(2202)     58.2%(2378)     57.4%(2452)     57.3%(2465)
