BTC/USDT:USDT: 946
ETH/USDT:USDT: 1934
SOL/USDT:USDT: 2997
BNB/USDT:USDT: 3979
XRP/USDT:USDT: 4972
DOGE/USDT:USDT: 5924
ADA/USDT:USDT: 6937
AVAX/USDT:USDT: 7959
LINK/USDT:USDT: 8989
DOT/USDT:USDT: 9929
LTC/USDT:USDT: 11010
BCH/USDT:USDT: 12059
NEAR/USDT:USDT: 13031
OP/USDT:USDT: 14049
ARB/USDT:USDT: 15098
ATOM/USDT:USDT: 16098
SUI/USDT:USDT: 17213
UNI/USDT:USDT: 18247
TIA/USDT:USDT: 19106
INJ/USDT:USDT: 20007

贴锚样本: 20007
基线胜率: 56.0%

═══ 1. 波动状态 × 质量分 ═══
  低波动 全部                                       n=  2006 胜率= 53.3% Δ= -2.7pp
  低波动 + 高质量(>=3)                               n=   21 样本不足
  低波动 + 低质量(<1.5)                              n=  1667 胜率= 51.7% Δ= -4.3pp
  常态 全部                                        n= 16645 胜率= 56.0% Δ= -0.0pp
  常态 + 高质量(>=3)                                n=   397 胜率= 63.0% Δ= +6.9pp
  常态 + 低质量(<1.5)                               n= 12562 胜率= 55.3% Δ= -0.8pp
  高波动 全部                                       n=  1356 胜率= 60.0% Δ= +4.0pp
  高波动 + 高质量(>=3)                               n=   55 样本不足
  高波动 + 低质量(<1.5)                              n=   897 胜率= 57.9% Δ= +1.8pp

═══ 2. 插曲深度 × 质量分 ═══
  浅回调(<1ATR) 全部                                n= 13752 胜率= 55.1% Δ= -1.0pp
  浅回调(<1ATR) + 高质量(>=3)                        n=   193 胜率= 56.0% Δ= -0.1pp
  中回调(1-2) 全部                                  n=  5232 胜率= 57.5% Δ= +1.5pp
  中回调(1-2) + 高质量(>=3)                          n=   203 胜率= 68.0% Δ=+11.9pp
  深回调(>2) 全部                                   n=  1023 胜率= 61.6% Δ= +5.6pp
  深回调(>2) + 高质量(>=3)                           n=   77 样本不足

═══ 3. 1H 阶段 (末期 vs 非末期) × 质量分 ═══
  1H末期 全部                                      n=  3475 胜率= 58.0% Δ= +1.9pp
  1H末期 + 高质量(>=3)                              n=   149 胜率= 63.8% Δ= +7.7pp
  1H非末期 全部                                     n= 16532 胜率= 55.6% Δ= -0.4pp
  1H非末期 + 高质量(>=3)                             n=   324 胜率= 63.6% Δ= +7.5pp

═══ 4. 最强组合扫描 (状态 × 质量) ═══
  常态+中回调+非末期+高质量                         n=  116 胜率=70.7%
