[load 27s]
BTC/USDT:USDT: pts=6384 (0s)
ETH/USDT:USDT: pts=6384 (0s)
SOL/USDT:USDT: pts=6384 (0s)
BNB/USDT:USDT: pts=6384 (0s)
XRP/USDT:USDT: pts=6384 (0s)
DOGE/USDT:USDT: pts=6384 (0s)
ADA/USDT:USDT: pts=6384 (0s)
AVAX/USDT:USDT: pts=6384 (0s)
LINK/USDT:USDT: pts=6384 (0s)
DOT/USDT:USDT: pts=6384 (0s)
LTC/USDT:USDT: pts=6384 (0s)
BCH/USDT:USDT: pts=6384 (0s)
NEAR/USDT:USDT: pts=6384 (0s)
OP/USDT:USDT: pts=6384 (0s)
ARB/USDT:USDT: pts=6384 (0s)
ATOM/USDT:USDT: pts=6384 (0s)
SUI/USDT:USDT: pts=6384 (0s)
UNI/USDT:USDT: pts=6384 (0s)
TIA/USDT:USDT: pts=5843 (0s)
INJ/USDT:USDT: pts=5664 (0s)

[scan 48119 samples, total 39s]

═══ 贴支撑 → 做多 (W=24, 对称1:1) ═══
刚跌破(-0.5~0)·顺日线            47.5%(1763)         45.6%(1855)         48.3%(1623)
刚跌破(-0.5~0)·插曲             52.7%( 452)         51.6%( 488)         47.4%( 435)
贴而未破(0~0.5)·顺日线            48.3%(3455)         47.6%(3630)         48.2%(3183)
贴而未破(0~0.5)·插曲             51.5%( 841)         46.7%( 898)         48.4%( 791)
接近(0.5~1.5)·顺日线           50.4%(10271)        49.8%(10782)         48.7%(9730)
接近(0.5~1.5)·插曲             47.9%(2664)         46.5%(2774)         45.0%(2418)

  插曲 × 质量分 (仅贴而未破):
质量=低              51.5%( 816)         46.2%( 872)         48.0%( 768)
质量=中                   --(25)              --(26)              --(23)
质量=高                    --(0)               --(0)               --(0)

═══ 贴阻力 → 做空 (W=24, 对称1:1) ═══
刚跌破(-0.5~0)·顺日线            49.0%(2296)         50.2%(2402)         51.5%(2040)
刚跌破(-0.5~0)·插曲             47.9%( 553)         48.7%( 602)         48.8%( 541)
贴而未破(0~0.5)·顺日线            51.4%(5036)         52.0%(5200)         52.7%(4389)
贴而未破(0~0.5)·插曲             54.6%(1164)         50.4%(1236)         50.1%(1095)
接近(0.5~1.5)·顺日线           50.6%(13571)        51.3%(14063)        51.7%(12199)
接近(0.5~1.5)·插曲             52.6%(3525)         52.4%(3680)         52.0%(3315)

  插曲 × 质量分 (仅贴而未破):
质量=低              54.9%(1123)         50.5%(1195)         50.3%(1064)
质量=中                   --(41)              --(41)              --(31)
质量=高                    --(0)               --(0)               --(0)
