BTC/USDT:USDT: done
ETH/USDT:USDT: done
SOL/USDT:USDT: done
BNB/USDT:USDT: done
XRP/USDT:USDT: done
DOGE/USDT:USDT: done
ADA/USDT:USDT: done
AVAX/USDT:USDT: done
LINK/USDT:USDT: done
DOT/USDT:USDT: done
LTC/USDT:USDT: done
BCH/USDT:USDT: done
NEAR/USDT:USDT: done
OP/USDT:USDT: done
ARB/USDT:USDT: done
ATOM/USDT:USDT: done
SUI/USDT:USDT: done
UNI/USDT:USDT: done
TIA/USDT:USDT: done
INJ/USDT:USDT: done

扫描采样: 126778

═══ 贴支撑未破 → 做多 ═══
  状态                 全部          低质量          中质量          高质量
  日多4H多      36.6%(6374)   36.1%(3944)   36.8%(1996)   39.9%( 434)
  日多4H中      35.9%(4867)   35.5%(4043)   37.6%( 771)      --(53)
  日多4H空      35.6%(3127)   35.5%(2538)   35.7%( 558)      --(31)
  日中4H多      31.2%(4741)   30.9%(2499)   32.0%(1771)   30.1%( 471)
  日中4H中      32.6%(4204)   32.2%(3137)   34.0%( 963)   33.7%( 104)
  日中4H空      33.6%(5348)   33.4%(3854)   34.1%(1319)   33.7%( 175)
  日空4H多      28.9%(2794)   29.1%(1971)   28.7%( 741)      --(82)
  日空4H中      29.7%(5629)   29.8%(4625)   29.4%( 932)      --(72)
  日空4H空      30.6%(9918)   30.8%(7416)   30.7%(2182)   27.2%( 320)
  [汇总] 顺日线: n= 14368 胜率=36.1%
  [汇总] 逆日线: n= 18341 胜率=30.1%

═══ 贴阻力未破 → 做空 ═══
  状态                 全部          低质量          中质量          高质量
  日多4H多      30.9%(8423)   31.3%(6296)   30.6%(1786)   25.5%( 341)
  日多4H中      32.1%(4829)   32.5%(4013)   30.2%( 762)      --(54)
  日多4H空      30.5%(2453)   31.5%(1693)   28.5%( 677)      --(83)
  日中4H多      35.1%(5306)   34.7%(3641)   35.8%(1437)   38.2%( 228)
  日中4H中      34.5%(4539)   34.9%(3387)   33.3%(1006)   32.9%( 146)
  日中4H空      33.2%(5268)   34.4%(2781)   31.8%(1992)   31.5%( 495)
  日空4H多      37.7%(3613)   37.6%(2857)   38.3%( 725)      --(31)
  日空4H中      37.2%(5686)   36.9%(4634)   38.7%( 985)      --(67)
  日空4H空      36.2%(8014)   36.2%(5128)   36.5%(2370)   35.5%( 516)
  [汇总] 顺日线: n= 17313 胜率=36.9%
  [汇总] 逆日线: n= 15705 胜率=31.2%
