BTC/USDT:USDT: done (36s)
ETH/USDT:USDT: done (40s)
SOL/USDT:USDT: done (43s)
BNB/USDT:USDT: done (47s)
XRP/USDT:USDT: done (51s)
DOGE/USDT:USDT: done (55s)
ADA/USDT:USDT: done (59s)
AVAX/USDT:USDT: done (63s)
LINK/USDT:USDT: done (67s)
DOT/USDT:USDT: done (70s)
LTC/USDT:USDT: done (74s)
BCH/USDT:USDT: done (78s)
NEAR/USDT:USDT: done (82s)
OP/USDT:USDT: done (85s)
ARB/USDT:USDT: done (88s)
ATOM/USDT:USDT: done (91s)
SUI/USDT:USDT: done (94s)
UNI/USDT:USDT: done (97s)
TIA/USDT:USDT: done (99s)
INJ/USDT:USDT: done (101s)

扫描采样: 126778, 总耗时: 101s

═══ 贴支撑未破 → 做多 ═══
  状态                 全部          低质量          中质量          高质量
  日多4H多      36.2%(17700)   35.4%(12872)   38.2%(4323)   38.6%( 505)
  日多4H中      35.8%(12018)   35.2%(10548)   39.6%(1345)   38.4%( 125)
  日多4H空      36.5%(7561)   36.1%(6563)   39.0%( 924)      --(74)
  日中4H多      32.0%(14062)   31.8%(7461)   32.4%(5798)   30.5%( 803)
  日中4H中      33.5%(14012)   33.2%(10382)   34.5%(3265)   33.7%( 365)
  日中4H空      34.0%(15648)   33.5%(10856)   34.9%(4219)   36.3%( 573)
  日空4H多      28.6%(8187)   29.5%(6234)   26.0%(1839)   21.9%( 114)
  日空4H中      30.2%(17000)   30.6%(14474)   28.5%(2402)   21.8%( 124)
  日空4H空      30.8%(28914)   31.4%(22309)   29.1%(5947)   27.2%( 658)
  [汇总] 顺日线: n= 37279 胜率=36.1%
  [汇总] 逆日线: n= 54101 胜率=30.3%

═══ 贴阻力未破 → 做空 ═══
  状态                 全部          低质量          中质量          高质量
  日多4H多      31.1%(22819)   31.6%(17902)   29.3%(4372)   28.1%( 545)
  日多4H中      31.0%(11973)   31.5%(10356)   28.1%(1493)   26.6%( 124)
  日多4H空      30.4%(6253)   31.6%(4732)   26.2%(1387)   29.9%( 134)
  日中4H多      35.0%(15644)   34.4%(10420)   36.2%(4721)   37.0%( 503)
  日中4H中      33.8%(13989)   33.7%(10392)   34.0%(3227)   32.4%( 370)
  日中4H空      33.3%(14457)   33.9%(7859)   32.5%(5731)   32.9%( 867)
  日空4H多      37.9%(9945)   37.7%(8556)   39.2%(1327)      --(62)
  日空4H中      36.8%(16895)   36.4%(14557)   38.8%(2160)   44.4%( 178)
  日空4H空      36.5%(22852)   36.0%(16370)   37.6%(5724)   38.9%( 758)
  [汇总] 顺日线: n= 49692 胜率=36.9%
  [汇总] 逆日线: n= 41045 胜率=30.9%
