BTC/USDT:USDT: 贴锚样本 935
ETH/USDT:USDT: 贴锚样本 1926
SOL/USDT:USDT: 贴锚样本 2984
BNB/USDT:USDT: 贴锚样本 4032
XRP/USDT:USDT: 贴锚样本 5083
DOGE/USDT:USDT: 贴锚样本 6102
ADA/USDT:USDT: 贴锚样本 7092
AVAX/USDT:USDT: 贴锚样本 8089
LINK/USDT:USDT: 贴锚样本 9143
DOT/USDT:USDT: 贴锚样本 10158
LTC/USDT:USDT: 贴锚样本 11281
BCH/USDT:USDT: 贴锚样本 12356
NEAR/USDT:USDT: 贴锚样本 13368
OP/USDT:USDT: 贴锚样本 14399
ARB/USDT:USDT: 贴锚样本 15488
ATOM/USDT:USDT: 贴锚样本 16508
SUI/USDT:USDT: 贴锚样本 17575
UNI/USDT:USDT: 贴锚样本 18602
TIA/USDT:USDT: 贴锚样本 19515
INJ/USDT:USDT: 贴锚样本 20399

贴锚样本总数: 20399 (近位样本 20467)
贴锚基线胜率: 56.2%

═══ 直觉1: touch 次数 × 贴锚胜率 (次数太多会被打破?) ═══
  touch=1                                    n=    0 样本不足
  touch=2                                    n=  5363 胜率= 54.2% Δ= -2.0pp
  touch=3-4                                  n=  6217 胜率= 56.3% Δ= +0.1pp
  touch>=5                                   n=  8819 胜率= 57.4% Δ= +1.2pp

═══ 直觉2: 锚年龄 × 贴锚胜率 ═══
  年龄 刚形成(0-5根)                               n=  3707 胜率= 54.5% Δ= -1.7pp
  年龄 5-50根                                   n= 10855 胜率= 56.0% Δ= -0.2pp
  年龄 50-200根                                 n=  5248 胜率= 57.0% Δ= +0.8pp
  年龄 200+根                                   n=   589 胜率= 63.5% Δ= +7.3pp

═══ 直觉3: touch × 年龄 交互 ═══
  touch<3 + 年龄0-5                            n=   565 胜率= 54.7% Δ= -1.5pp
  touch<3 + 年龄5-200                          n=  4466 胜率= 53.6% Δ= -2.5pp
  touch>=3 + 年龄0-5                           n=  3142 胜率= 54.5% Δ= -1.7pp
  touch>=3 + 年龄5-200                         n= 11637 胜率= 57.3% Δ= +1.1pp

═══ 支持 vs 阻力 (方向正确性) ═══
做多贴支撑                                        n=  4964 胜率= 55.5% Δ= -0.7pp
做空贴阻力                                        n=  6068 胜率= 57.5% Δ= +1.3pp
做多贴阻力(错位)                                    n=  4132 胜率= 53.6% Δ= -2.6pp
做空贴支撑(错位)                                    n=  5235 胜率= 57.4% Δ= +1.2pp

═══ touch 高端分档 (次数太多会被打破?) ═══
  touch=3-4                                  n=  6217 胜率= 56.3% Δ= +0.1pp
  touch=5-7                                  n=  4283 胜率= 57.7% Δ= +1.5pp
  touch=8-10                                 n=  1947 胜率= 55.5% Δ= -0.7pp
  touch>=11                                  n=  2589 胜率= 58.2% Δ= +2.0pp

═══ 年龄细分 (聚类位) ═══
  年龄 5-50根                                   n= 10855 胜率= 56.0% Δ= -0.2pp
  年龄 50-100根                                 n=  2943 胜率= 57.0% Δ= +0.8pp
  年龄 100-200根                                n=  2305 胜率= 57.1% Δ= +0.9pp
  年龄 200-400根                                n=   589 胜率= 63.5% Δ= +7.3pp
  年龄 400+根                                   n=    0 样本不足
