BTC/USDT:USDT: done (22s)
ETH/USDT:USDT: done (25s)
SOL/USDT:USDT: done (27s)
BNB/USDT:USDT: done (30s)
XRP/USDT:USDT: done (32s)
DOGE/USDT:USDT: done (34s)
ADA/USDT:USDT: done (37s)
AVAX/USDT:USDT: done (39s)
LINK/USDT:USDT: done (41s)
DOT/USDT:USDT: done (43s)
LTC/USDT:USDT: done (45s)
BCH/USDT:USDT: done (48s)
NEAR/USDT:USDT: done (50s)
OP/USDT:USDT: done (52s)
ARB/USDT:USDT: done (55s)
ATOM/USDT:USDT: done (58s)
SUI/USDT:USDT: done (60s)
UNI/USDT:USDT: done (62s)
TIA/USDT:USDT: done (64s)
INJ/USDT:USDT: done (67s)

扫描采样: 126778, 总耗时: 67s

═══ 贴支撑未破 → 做多 ═══
  状态                 全部          低质量          中质量          高质量
  日多4H多      49.6%(10022)   49.3%(8049)   50.8%(1772)   51.2%( 201)
  日多4H中      48.4%(8095)   47.9%(7237)   53.1%( 780)      --(78)
  日多4H空      48.3%(6236)   48.2%(5169)   48.6%( 984)      --(83)
  日中4H多      49.8%(9276)   49.4%(4861)   50.8%(3852)   47.4%( 563)
  日中4H中      48.9%(8865)   48.6%(6613)   50.3%(2035)   46.5%( 217)
  日中4H空      47.8%(10866)   48.2%(7300)   47.2%(3113)   45.9%( 453)
  日空4H多      49.1%(7413)   49.0%(4890)   49.3%(2330)   49.2%( 193)
  日空4H中      49.2%(11939)   49.3%(9967)   49.1%(1851)   47.9%( 121)
  日空4H空      48.7%(18035)   49.1%(14253)   47.2%(3429)   47.9%( 353)
  [汇总] 顺日线: n= 24353 胜率=48.9%
  [汇总] 逆日线: n= 37387 胜率=49.0%

═══ 贴阻力未破 → 做空 ═══
  状态                 全部          低质量          中质量          高质量
  日多4H多      50.7%(13994)   50.8%(11298)   50.7%(2432)   48.1%( 264)
  日多4H中      52.2%(8520)   52.2%(7173)   52.1%(1243)   47.1%( 104)
  日多4H空      53.4%(5657)   54.5%(3699)   50.9%(1781)   56.5%( 177)
  日中4H多      50.5%(10118)   50.1%(6627)   51.6%(3109)   48.7%( 382)
  日中4H中      52.0%(8801)   51.8%(6477)   52.2%(2063)   55.6%( 261)
  日中4H空      53.5%(9918)   54.3%(5104)   52.2%(4110)   56.1%( 704)
  日空4H多      51.8%(7960)   52.3%(6492)   49.2%(1369)      --(99)
  日空4H中      51.6%(10893)   51.7%(9596)   51.4%(1222)      --(75)
  日空4H空      51.9%(12943)   52.1%(10108)   51.3%(2577)   48.4%( 258)
  [汇总] 顺日线: n= 31796 胜率=51.8%
  [汇总] 逆日线: n= 28171 胜率=51.7%
