BTC/USDT:USDT: done (扫描6402)
ETH/USDT:USDT: done (扫描12804)
SOL/USDT:USDT: done (扫描19206)
BNB/USDT:USDT: done (扫描25608)
XRP/USDT:USDT: done (扫描32010)
DOGE/USDT:USDT: done (扫描38412)
ADA/USDT:USDT: done (扫描44814)
AVAX/USDT:USDT: done (扫描51216)
LINK/USDT:USDT: done (扫描57618)
DOT/USDT:USDT: done (扫描64020)
LTC/USDT:USDT: done (扫描70422)
BCH/USDT:USDT: done (扫描76824)
NEAR/USDT:USDT: done (扫描83226)
OP/USDT:USDT: done (扫描89628)
ARB/USDT:USDT: done (扫描96030)
ATOM/USDT:USDT: done (扫描102432)
SUI/USDT:USDT: done (扫描108834)
UNI/USDT:USDT: done (扫描115236)
TIA/USDT:USDT: done (扫描121096)
INJ/USDT:USDT: done (扫描126778)

扫描采样: 126778

═══ 贴支撑做多 (0<=dist<=0.5ATR) ═══
  状态               胜率(n)         胜率(n)         胜率(n)
  日多4H多      36.2%( 3329)   36.9%( 1567)   39.7%(  358)
  日多4H中      35.7%( 3443)   38.0%(  624)        --(48)
  日多4H空      35.7%( 2209)   35.4%(  474)        --(23)
  日中4H多      30.9%( 2133)   32.1%( 1428)   29.6%(  405)
  日中4H中      32.4%( 2780)   34.6%(  798)   35.4%(   79)
  日中4H空      33.4%( 3442)   33.5%( 1097)   33.1%(  127)
  日空4H多      29.4%( 1729)   29.0%(  618)   26.3%(   76)
  日空4H中      29.7%( 4195)   29.9%(  807)   28.8%(   59)
  日空4H空      30.8%( 6880)   31.0%( 1935)   27.2%(  283)
  [汇总]
    低(0-1.5)    : n= 30140 胜率=32.5%
    中(1.5-3)    : n=  9348 胜率=33.2%
    高(3+)       : n=  1458 胜率=32.5%

═══ 贴阻力做空 (0<=dist<=0.5ATR) ═══
  状态               胜率(n)         胜率(n)         胜率(n)
  日多4H多      31.4%( 5775)   30.8%( 1595)   26.0%(  308)
  日多4H中      32.6%( 3488)   30.3%(  653)        --(49)
  日多4H空      31.7%( 1413)   28.6%(  567)   26.3%(   76)
  日中4H多      34.5%( 3228)   35.7%( 1209)   38.9%(  193)
  日中4H中      34.8%( 2949)   33.4%(  823)   33.3%(  120)
  日中4H空      34.5%( 2333)   31.8%( 1612)   31.0%(  406)
  日空4H多      37.8%( 2572)   38.4%(  646)        --(23)
  日空4H中      36.9%( 4046)   39.0%(  828)        --(45)
  日空4H空      36.2%( 4415)   36.5%( 1911)   35.3%(  428)
  [汇总]
    低(0-1.5)    : n= 30219 胜率=34.5%
    中(1.5-3)    : n=  9844 胜率=33.9%
    高(3+)       : n=  1648 胜率=32.2%
