[load 17s]
BTC/USDT:USDT: pts=6384 (0s)
ETH/USDT:USDT: pts=6384 (0s)
SOL/USDT:USDT: pts=6384 (0s)
BNB/USDT:USDT: pts=6384 (0s)
XRP/USDT:USDT: pts=6384 (0s)
DOGE/USDT:USDT: pts=6384 (0s)
ADA/USDT:USDT: pts=6384 (0s)
AVAX/USDT:USDT: pts=6384 (0s)
LINK/USDT:USDT: pts=6384 (0s)
DOT/USDT:USDT: pts=6384 (0s)
LTC/USDT:USDT: pts=6384 (0s)
BCH/USDT:USDT: pts=6384 (0s)
NEAR/USDT:USDT: pts=6384 (0s)
OP/USDT:USDT: pts=6384 (0s)
ARB/USDT:USDT: pts=6384 (0s)
ATOM/USDT:USDT: pts=6384 (0s)
SUI/USDT:USDT: pts=6384 (0s)
UNI/USDT:USDT: pts=6384 (0s)
TIA/USDT:USDT: pts=5843 (0s)
INJ/USDT:USDT: pts=5664 (0s)

[scan 57052 samples, total 27s]

═══ 贴支撑 → 做多 (W=24, 对称1:1) ═══
刚跌破(-0.5~0)·顺日线            26.6%( 919)         30.4%( 983)         39.6%( 866)
刚跌破(-0.5~0)·插曲             25.5%( 204)         30.7%( 231)         32.6%( 215)
贴而未破(0~0.5)·顺日线            64.6%(4718)         58.4%(4851)         55.1%(4223)
贴而未破(0~0.5)·插曲             65.6%(1090)         56.6%(1141)         52.8%( 994)
接近(0.5~1.5)·顺日线           51.8%(13022)        51.4%(13688)        49.7%(12272)
接近(0.5~1.5)·插曲             49.7%(3342)         49.1%(3486)         47.3%(3033)

  插曲 × 质量分 (仅贴而未破):
质量=低              65.7%(1054)         56.3%(1103)         52.6%( 962)
质量=中                   --(36)              --(38)              --(32)
质量=高                    --(0)               --(0)               --(0)

═══ 贴阻力 → 做空 (W=24, 对称1:1) ═══
刚跌破(-0.5~0)·顺日线            30.4%(1305)         36.2%(1390)         40.8%(1177)
刚跌破(-0.5~0)·插曲             28.4%( 289)         35.6%( 329)         38.3%( 298)
贴而未破(0~0.5)·顺日线            65.5%(7070)         61.2%(7201)         57.7%(6050)
贴而未破(0~0.5)·插曲             67.0%(1480)         58.3%(1542)         55.4%(1371)
接近(0.5~1.5)·顺日线           51.7%(16439)        52.6%(17077)        52.7%(14835)
接近(0.5~1.5)·插曲             53.6%(4340)         53.9%(4541)         53.3%(4075)

  插曲 × 质量分 (仅贴而未破):
质量=低              67.2%(1429)         58.6%(1490)         55.8%(1327)
质量=中                   --(51)              --(52)              --(44)
质量=高                    --(0)               --(0)               --(0)
