[load 24s]
BTC/USDT:USDT: pts=6384 (1s)
ETH/USDT:USDT: pts=6384 (1s)
SOL/USDT:USDT: pts=6384 (0s)
BNB/USDT:USDT: pts=6384 (0s)
XRP/USDT:USDT: pts=6384 (0s)
DOGE/USDT:USDT: pts=6384 (0s)
ADA/USDT:USDT: pts=6384 (0s)
AVAX/USDT:USDT: pts=6384 (0s)
LINK/USDT:USDT: pts=6384 (0s)
DOT/USDT:USDT: pts=6384 (0s)
LTC/USDT:USDT: pts=6384 (0s)
BCH/USDT:USDT: pts=6384 (1s)
NEAR/USDT:USDT: pts=6384 (0s)
OP/USDT:USDT: pts=6384 (0s)
ARB/USDT:USDT: pts=6384 (0s)
ATOM/USDT:USDT: pts=6384 (0s)
SUI/USDT:USDT: pts=6384 (0s)
UNI/USDT:USDT: pts=6384 (1s)
TIA/USDT:USDT: pts=5843 (0s)
INJ/USDT:USDT: pts=5664 (0s)

[scan 54119 samples, total 40s]

═══ 贴支撑 → 做多 (W=24, 对称1:1) ═══
刚跌破(-0.5~0)·顺日线            30.9%( 753)         35.7%( 810)         48.7%( 704)
刚跌破(-0.5~0)·插曲             36.4%( 110)         41.4%( 128)         47.5%( 118)
贴而未破(0~0.5)·顺日线            68.2%(4522)         63.7%(4642)         63.2%(4049)
贴而未破(0~0.5)·插曲             71.0%( 741)         67.1%( 778)         69.5%( 683)
接近(0.5~1.5)·顺日线           54.8%(13192)        56.4%(13896)        57.1%(12487)
接近(0.5~1.5)·插曲             54.1%(2513)         57.2%(2629)         62.3%(2359)

  插曲 × 质量分 (仅贴而未破):
质量=低              71.1%( 714)         67.0%( 751)         69.1%( 660)
质量=中                   --(27)              --(27)              --(23)
质量=高                    --(0)               --(0)               --(0)

═══ 贴阻力 → 做空 (W=24, 对称1:1) ═══
刚跌破(-0.5~0)·顺日线            32.7%(1165)         40.2%(1244)         48.8%(1056)
刚跌破(-0.5~0)·插曲             30.2%( 179)         39.2%( 204)         46.8%( 186)
贴而未破(0~0.5)·顺日线            68.4%(6999)         65.5%(7114)         64.9%(6013)
贴而未破(0~0.5)·插曲             70.4%(1064)         65.5%(1109)         67.2%( 989)
接近(0.5~1.5)·顺日线           53.6%(16739)        56.3%(17416)        59.2%(15166)
接近(0.5~1.5)·插曲             57.9%(3411)         60.1%(3563)         64.7%(3221)

  插曲 × 质量分 (仅贴而未破):
质量=低              70.8%(1030)         65.8%(1075)         67.6%( 959)
质量=中                   --(34)              --(34)              --(30)
质量=高                    --(0)               --(0)               --(0)
