[load 17s] 20 syms
BTC/USDT:USDT: 6384 pts (1s)
ETH/USDT:USDT: 6384 pts (1s)
SOL/USDT:USDT: 6384 pts (1s)
BNB/USDT:USDT: 6384 pts (1s)
XRP/USDT:USDT: 6384 pts (1s)
DOGE/USDT:USDT: 6384 pts (1s)
ADA/USDT:USDT: 6384 pts (1s)
AVAX/USDT:USDT: 6384 pts (1s)
LINK/USDT:USDT: 6384 pts (1s)
DOT/USDT:USDT: 6384 pts (1s)
LTC/USDT:USDT: 6384 pts (1s)
BCH/USDT:USDT: 6384 pts (1s)
NEAR/USDT:USDT: 6384 pts (1s)
OP/USDT:USDT: 6384 pts (1s)
ARB/USDT:USDT: 6384 pts (1s)
ATOM/USDT:USDT: 6384 pts (1s)
SUI/USDT:USDT: 6384 pts (1s)
UNI/USDT:USDT: 6384 pts (1s)
TIA/USDT:USDT: 5843 pts (1s)
INJ/USDT:USDT: 5664 pts (1s)

[scan 179650 touch samples, total 47s]

═══ 贴支撑未破 → 做多 ═══

对称1:1 · 顺日线
                     W=6            W=12            W=24            W=48            W=96
T=0.3      50.4%(18718)    50.4%(18719)    50.4%(18720)    50.4%(18720)    50.4%(18720)
T=0.5      49.8%(22758)    49.8%(22864)    49.9%(22870)    49.9%(22871)    49.9%(22871)
T=0.75     48.9%(22873)    49.0%(23890)    49.0%(24007)    49.0%(24017)    49.0%(24019)
T=1.0      48.3%(20496)    48.4%(23514)    48.5%(24169)    48.5%(24236)    48.5%(24241)
T=1.5      47.1%(14126)    47.9%(20289)    47.7%(23562)    47.8%(24268)    47.8%(24356)
T=2.0       47.9%(8914)    48.1%(15808)    47.9%(21462)    47.9%(23797)    47.9%(24323)
W=全部     48.9%(107885)   48.9%(125084)   48.9%(134790)   48.9%(137909)   48.9%(138530)

对称1:1 · 逆日线
                     W=6            W=12            W=24            W=48            W=96
T=0.3      49.0%(28860)    49.0%(28864)    49.0%(28864)    49.0%(28864)    49.0%(28864)
T=0.5      49.1%(34943)    49.1%(35132)    49.1%(35152)    49.1%(35152)    49.1%(35152)
T=0.75     48.9%(34591)    48.9%(36448)    48.9%(36715)    48.9%(36732)    48.9%(36733)
T=1.0      48.5%(30832)    48.5%(35748)    48.5%(36948)    48.5%(37080)    48.5%(37085)
T=1.5      47.3%(21449)    47.6%(30804)    48.1%(35751)    48.1%(37082)    48.2%(37279)
T=2.0      47.0%(13951)    47.5%(24022)    48.4%(32415)    48.3%(36243)    48.3%(37242)
W=全部     48.5%(164626)   48.5%(191018)   48.7%(205845)   48.7%(211153)   48.7%(212355)

对称1:1 · 插曲(沿日线)
                     W=6            W=12            W=24            W=48            W=96
T=0.3       51.2%(4796)     51.2%(4797)     51.2%(4797)     51.2%(4797)     51.2%(4797)
T=0.5       49.9%(5811)     49.9%(5852)     49.9%(5856)     49.9%(5857)     49.9%(5857)
T=0.75      48.8%(5879)     48.9%(6134)     48.9%(6166)     48.9%(6173)     48.9%(6175)
T=1.0       47.9%(5259)     47.8%(6026)     48.1%(6206)     48.1%(6230)     48.1%(6233)
T=1.5       45.4%(3569)     46.2%(5141)     46.3%(5995)     46.4%(6213)     46.4%(6252)
T=2.0       44.4%(2236)     44.7%(3998)     46.3%(5414)     46.4%(6047)     46.3%(6232)
W=全部      48.5%(27550)    48.3%(31948)    48.4%(34434)    48.4%(35317)    48.4%(35546)

固定SL=1ATR · 顺日线 EV
                     W=6            W=12            W=24            W=48            W=96
T=0.3     0.00EV(23256)  -0.00EV(23539)  -0.00EV(23560)  -0.00EV(23563)  -0.00EV(23563)
T=0.5     0.00EV(23036)  -0.01EV(23875)  -0.01EV(23959)  -0.01EV(23968)  -0.01EV(23968)
T=0.75   -0.01EV(21979)  -0.02EV(23839)  -0.02EV(24149)  -0.02EV(24175)  -0.02EV(24177)
T=1.0    -0.03EV(20496)  -0.03EV(23514)  -0.03EV(24169)  -0.03EV(24236)  -0.03EV(24241)
T=1.5    -0.13EV(17706)  -0.07EV(22369)  -0.05EV(24041)  -0.05EV(24305)  -0.05EV(24324)
T=2.0    -0.27EV(15700)  -0.13EV(21051)  -0.07EV(23655)  -0.05EV(24281)  -0.05EV(24354)
W=全部     53.7%(122173)   52.8%(138187)   52.7%(143533)   52.7%(144528)   52.7%(144627)

对照·未贴位 · 顺日线
                     W=6            W=12            W=24            W=48            W=96
T=0.3      49.4%(30487)    49.4%(30489)    49.4%(30490)    49.4%(30490)    49.4%(30490)
T=0.5      49.4%(37654)    49.4%(37796)    49.4%(37803)    49.4%(37804)    49.4%(37804)
T=0.75     49.0%(38193)    49.0%(39752)    49.1%(39934)    49.1%(39953)    49.1%(39955)
T=1.0      48.8%(34630)    48.8%(39335)    48.9%(40321)    48.9%(40428)    48.9%(40433)
T=1.5      48.5%(24251)    48.7%(34316)    48.6%(39442)    48.6%(40526)    48.6%(40650)
T=2.0      49.9%(15598)    49.3%(26896)    48.8%(36071)    48.6%(39785)    48.5%(40607)
W=全部     49.1%(180813)   49.1%(208584)   49.0%(224061)   49.0%(228986)   49.0%(229939)

对称1:1 · 顺日线 · 质量=低
                     W=6            W=12            W=24            W=48            W=96
T=0.3      49.7%(11626)    49.7%(11626)    49.7%(11626)    49.7%(11626)    49.7%(11626)
T=0.5      49.1%(14100)    49.1%(14168)    49.1%(14170)    49.1%(14171)    49.1%(14171)
T=0.75     48.3%(14214)    48.4%(14824)    48.4%(14893)    48.5%(14899)    48.5%(14900)
T=1.0      47.8%(12792)    47.9%(14623)    48.1%(15003)    48.1%(15041)    48.1%(15043)
T=1.5       46.8%(8849)    47.7%(12640)    47.6%(14617)    47.7%(15080)    47.7%(15120)
T=2.0       47.6%(5536)     48.2%(9865)    47.8%(13387)    47.9%(14819)    47.9%(15107)
W=全部      48.4%(67117)    48.5%(77746)    48.4%(83696)    48.4%(85636)    48.4%(85967)

对称1:1 · 顺日线 · 质量=中
                     W=6            W=12            W=24            W=48            W=96
T=0.3       51.4%(6845)     51.4%(6845)     51.4%(6845)     51.4%(6845)     51.4%(6845)
T=0.5       51.0%(8359)     51.0%(8392)     51.0%(8395)     51.0%(8395)     51.0%(8395)
T=0.75      49.7%(8363)     49.8%(8757)     49.8%(8797)     49.8%(8801)     49.8%(8802)
T=1.0       49.1%(7435)     49.2%(8593)     49.2%(8850)     49.2%(8876)     49.2%(8879)
T=1.5       47.4%(5082)     47.9%(7387)     47.8%(8634)     47.8%(8866)     47.8%(8914)
T=2.0       48.2%(3258)     47.7%(5736)     47.8%(7794)     47.7%(8665)     47.8%(8893)
W=全部      49.7%(39342)    49.6%(45710)    49.4%(49315)    49.4%(50448)    49.4%(50728)

对称1:1 · 顺日线 · 质量=高
                     W=6            W=12            W=24            W=48            W=96
T=0.3       55.5%( 247)     55.6%( 248)     55.8%( 249)     55.8%( 249)     55.8%( 249)
T=0.5       54.5%( 299)     54.3%( 304)     54.4%( 305)     54.4%( 305)     54.4%( 305)
T=0.75      53.4%( 296)     53.1%( 309)     53.0%( 317)     53.0%( 317)     53.0%( 317)
T=1.0       53.9%( 269)     52.0%( 298)     52.8%( 316)     53.0%( 319)     53.0%( 319)
T=1.5       53.3%( 195)     54.2%( 262)     54.0%( 311)     54.7%( 322)     54.7%( 322)
T=2.0       55.0%( 120)     50.7%( 207)     51.6%( 281)     52.7%( 313)     52.0%( 323)
W=全部       54.2%(1426)     53.4%(1628)     53.6%(1779)     53.9%(1825)     53.7%(1835)

═══ 贴阻力未破 → 做空 ═══

对称1:1 · 顺日线
                     W=6            W=12            W=24            W=48            W=96
T=0.3      51.8%(24740)    51.8%(24746)    51.8%(24746)    51.8%(24746)    51.8%(24746)
T=0.5      51.4%(29861)    51.4%(30025)    51.4%(30043)    51.4%(30043)    51.4%(30043)
T=0.75     51.3%(29367)    51.3%(31033)    51.2%(31276)    51.2%(31294)    51.2%(31294)
T=1.0      51.4%(25918)    51.5%(30322)    51.4%(31435)    51.4%(31566)    51.4%(31568)
T=1.5      51.8%(17757)    51.9%(25925)    51.8%(30288)    51.7%(31546)    51.7%(31712)
T=2.0      51.4%(11469)    51.7%(20136)    51.5%(27403)    51.6%(30814)    51.6%(31692)
W=全部     51.5%(139112)   51.5%(162187)   51.5%(175191)   51.5%(180009)   51.5%(181055)

对称1:1 · 逆日线
                     W=6            W=12            W=24            W=48            W=96
T=0.3      51.2%(21341)    51.2%(21343)    51.2%(21344)    51.2%(21344)    51.2%(21344)
T=0.5      50.8%(26192)    50.8%(26300)    50.8%(26305)    50.8%(26306)    50.8%(26306)
T=0.75     51.4%(26450)    51.3%(27567)    51.3%(27696)    51.3%(27708)    51.3%(27710)
T=1.0      51.5%(23920)    51.5%(27227)    51.4%(27941)    51.4%(28015)    51.4%(28019)
T=1.5      52.0%(16743)    51.6%(23754)    51.9%(27338)    51.9%(28077)    51.9%(28165)
T=2.0      50.7%(10808)    51.4%(18671)    51.9%(24988)    52.1%(27561)    52.1%(28138)
W=全部     51.3%(125454)   51.3%(144862)   51.4%(155612)   51.5%(159011)   51.5%(159682)

对称1:1 · 插曲(沿日线)
                     W=6            W=12            W=24            W=48            W=96
T=0.3       53.1%(5983)     53.1%(5983)     53.1%(5983)     53.1%(5983)     53.1%(5983)
T=0.5       52.2%(7429)     52.2%(7444)     52.2%(7445)     52.2%(7445)     52.2%(7445)
T=0.75      51.8%(7468)     51.8%(7764)     51.9%(7797)     51.9%(7801)     51.9%(7801)
T=1.0       51.1%(6712)     51.3%(7673)     51.4%(7871)     51.3%(7891)     51.3%(7891)
T=1.5       50.2%(4680)     51.2%(6658)     51.1%(7660)     51.0%(7912)     50.9%(7930)
T=2.0       48.3%(3019)     49.7%(5220)     50.4%(7081)     50.5%(7803)     50.5%(7938)
W=全部      51.5%(35291)    51.6%(40742)    51.6%(43837)    51.6%(44835)    51.6%(44988)

固定SL=1ATR · 顺日线 EV
                     W=6            W=12            W=24            W=48            W=96
T=0.3    -0.70EV(30348)  -0.69EV(30877)  -0.69EV(30933)  -0.69EV(30939)  -0.69EV(30939)
T=0.5    -0.50EV(29663)  -0.48EV(31123)  -0.48EV(31307)  -0.48EV(31326)  -0.48EV(31326)
T=0.75   -0.24EV(27917)  -0.23EV(30869)  -0.23EV(31431)  -0.23EV(31477)  -0.23EV(31477)
T=1.0     0.03EV(25918)   0.03EV(30322)   0.03EV(31435)   0.03EV(31566)   0.03EV(31568)
T=1.5     0.62EV(22351)   0.56EV(28657)   0.54EV(31133)   0.54EV(31646)   0.54EV(31676)
T=2.0     1.25EV(19812)   1.12EV(26751)   1.05EV(30556)   1.04EV(31592)   1.04EV(31726)
W=全部     45.9%(156009)   47.0%(178599)   47.3%(186795)   47.3%(188546)   47.3%(188712)

对照·未贴位 · 顺日线
                     W=6            W=12            W=24            W=48            W=96
T=0.3      51.0%(39953)    51.0%(39961)    51.0%(39961)    51.0%(39961)    51.0%(39961)
T=0.5      50.8%(48566)    50.8%(48826)    50.8%(48852)    50.8%(48852)    50.8%(48852)
T=0.75     51.0%(48067)    51.0%(50658)    51.0%(51017)    51.0%(51042)    51.0%(51043)
T=1.0      51.6%(42897)    51.6%(49692)    51.5%(51352)    51.5%(51546)    51.5%(51552)
T=1.5      52.8%(29923)    52.4%(42834)    52.1%(49659)    52.0%(51546)    51.9%(51814)
T=2.0      53.5%(19566)    52.7%(33472)    51.9%(45044)    51.8%(50349)    51.8%(51771)
W=全部     51.5%(228972)   51.5%(265443)   51.4%(285885)   51.4%(293296)   51.3%(294993)

对称1:1 · 顺日线 · 质量=低
                     W=6            W=12            W=24            W=48            W=96
T=0.3      51.5%(15168)    51.5%(15169)    51.5%(15169)    51.5%(15169)    51.5%(15169)
T=0.5      51.4%(18307)    51.4%(18406)    51.4%(18417)    51.4%(18417)    51.4%(18417)
T=0.75     51.6%(17990)    51.5%(19016)    51.4%(19168)    51.4%(19178)    51.4%(19178)
T=1.0      51.7%(15888)    51.8%(18582)    51.7%(19263)    51.7%(19343)    51.7%(19343)
T=1.5      52.6%(10931)    52.6%(15918)    52.6%(18588)    52.6%(19353)    52.5%(19443)
T=2.0       52.5%(7147)    52.6%(12405)    52.2%(16846)    52.3%(18914)    52.2%(19423)
W=全部      51.8%(85431)    51.8%(99496)   51.8%(107451)   51.8%(110374)   51.8%(110973)

对称1:1 · 顺日线 · 质量=中
                     W=6            W=12            W=24            W=48            W=96
T=0.3       52.2%(9219)     52.2%(9224)     52.2%(9224)     52.2%(9224)     52.2%(9224)
T=0.5      51.4%(11139)    51.5%(11204)    51.5%(11211)    51.5%(11211)    51.5%(11211)
T=0.75     50.9%(10963)    51.0%(11585)    51.0%(11674)    51.0%(11682)    51.0%(11682)
T=1.0       50.9%(9661)    51.1%(11317)    51.0%(11733)    51.0%(11784)    51.0%(11786)
T=1.5       50.7%(6597)     51.0%(9665)    50.7%(11286)    50.7%(11755)    50.6%(11831)
T=2.0       50.1%(4172)     50.6%(7466)    50.6%(10186)    50.8%(11471)    50.9%(11830)
W=全部      51.2%(51751)    51.2%(60461)    51.1%(65314)    51.1%(67127)    51.2%(67564)

对称1:1 · 顺日线 · 质量=高
                     W=6            W=12            W=24            W=48            W=96
T=0.3       51.8%( 353)     51.8%( 353)     51.8%( 353)     51.8%( 353)     51.8%( 353)
T=0.5       48.7%( 415)     48.7%( 415)     48.7%( 415)     48.7%( 415)     48.7%( 415)
T=0.75      48.3%( 414)     47.9%( 432)     47.9%( 434)     47.9%( 434)     47.9%( 434)
T=1.0       46.6%( 369)     47.3%( 423)     46.9%( 439)     46.9%( 439)     46.9%( 439)
T=1.5       40.2%( 229)     41.8%( 342)     42.8%( 414)     41.8%( 438)     41.8%( 438)
T=2.0       39.3%( 150)     38.9%( 265)     39.9%( 371)     39.4%( 429)     39.2%( 439)
W=全部       47.0%(1930)     46.5%(2230)     46.3%(2426)     45.9%(2508)     45.8%(2518)
