═══ A. ACF 记忆长度 (显著自相关最大滞后, 95%置信带) ═══
周期           方向(收益)     波动(|收益|)      ATR       样本
1h                2          247      400    26279
4h               19          259      400     6569
日线               21           57      127     1095

1H 波动 ACF 衰减 (滞后 1/5/10/25/50/100/200/400):
  lag=1    ac=+0.2716
  lag=5    ac=+0.1439
  lag=10   ac=+0.1070
  lag=25   ac=+0.1269
  lag=50   ac=+0.0717
  lag=100  ac=+0.0478
  lag=200  ac=+0.0118
  lag=400  ac=-0.0008

═══ B. 波动增量预测 (1H BTC): 窗口W → 未来24根波动 ═══
     窗口W       预测相关      解释度R²        n
      10     0.5223     0.2728    26245
      20     0.5365     0.2879    26235
      50     0.4725     0.2233    26205
     100     0.4469     0.1997    26155
     200     0.4594     0.2110    26055
     500     0.3493     0.1220    25755
    1000     0.3044     0.0927    25255
    2000     0.1853     0.0343    24255
