BTC/USDT:USDT: 插曲1950 顺势4406 逆势1950 BB反转146
ETH/USDT:USDT: 插曲4042 顺势8714 逆势4042 BB反转350
SOL/USDT:USDT: 插曲6205 顺势12968 逆势6205 BB反转503
BNB/USDT:USDT: 插曲8320 顺势17285 逆势8320 BB反转630
XRP/USDT:USDT: 插曲10433 顺势21585 逆势10433 BB反转808
DOGE/USDT:USDT: 插曲12568 顺势25878 逆势12568 BB反转980
ADA/USDT:USDT: 插曲14593 顺势30277 逆势14593 BB反转1167
AVAX/USDT:USDT: 插曲16633 顺势34669 逆势16633 BB反转1325
LINK/USDT:USDT: 插曲18698 顺势39033 逆势18698 BB反转1505
DOT/USDT:USDT: 插曲20694 顺势43469 逆势20694 BB反转1714
LTC/USDT:USDT: 插曲22910 顺势47672 逆势22910 BB反转1837
BCH/USDT:USDT: 插曲25056 顺势51952 逆势25056 BB反转1991
NEAR/USDT:USDT: 插曲27069 顺势56375 逆势27069 BB反转2167
OP/USDT:USDT: 插曲29090 顺势60777 逆势29090 BB反转2361
ARB/USDT:USDT: 插曲31226 顺势65074 逆势31226 BB反转2564
ATOM/USDT:USDT: 插曲33242 顺势69495 逆势33242 BB反转2713
SUI/USDT:USDT: 插曲35369 顺势73797 逆势35369 BB反转2868
UNI/USDT:USDT: 插曲37484 顺势78119 逆势37484 BB反转3049
TIA/USDT:USDT: 插曲39259 顺势82238 逆势39259 BB反转3211
INJ/USDT:USDT: 插曲41058 顺势86153 逆势41058 BB反转3370

═══ 多环境参数扫描 (分组胜率差 pp) ═══

── 插曲 (n=41058, 基线 56.6%) ──
  MA\动量       5      10      15      20
    10   +0.1   +0.2   +1.3   +0.2
    15   +0.4   +1.1   +1.6   +0.8
    20   +0.9   +1.3   +1.3   +1.2
    25   +0.6   +1.1   +1.1   +0.8
    30   +0.0   +0.4   +0.7   +0.3
  → 最大判别: MA=15 动量=15 高分组 57.4% vs 低分组 55.8% (Δ1.6pp)

── 顺势 (n=86153, 基线 54.2%) ──
  MA\动量       5      10      15      20
    10   +1.0   +1.2   +1.8   +1.3
    15   +1.1   +1.3   +1.7   +1.4
    20   +1.3   +1.4   +1.6   +1.3
    25   +1.3   +1.4   +1.4   +1.3
    30   +1.4   +1.5   +1.5   +1.2
  → 最大判别: MA=10 动量=15 高分组 55.2% vs 低分组 53.3% (Δ1.8pp)

── 逆势 (n=41058, 基线 44.0%) ──
  MA\动量       5      10      15      20
    10   +0.2   +0.3   +1.4   +0.2
    15   +0.5   +1.2   +1.6   +0.7
    20   +1.0   +1.3   +1.3   +1.1
    25   +0.6   +1.1   +1.0   +0.7
    30   +0.0   +0.4   +0.7   +0.2
  → 最大判别: MA=15 动量=15 高分组 44.8% vs 低分组 43.2% (Δ1.6pp)

── BB反转 (n=3370, 基线 61.9%) ──
  MA\动量       5      10      15      20
    10   -1.0   -0.5   -1.7   +0.3
    15   -0.7   +0.2   -1.8   +0.5
    20   -0.1   +0.8   -0.8   +0.7
    25   +0.1   +0.5   +0.4   -0.8
    30   -0.2   -0.5   -1.0   -0.7
  → 最大判别: MA=15 动量=15 高分组 61.0% vs 低分组 62.8% (Δ1.8pp)
