
==========================================================
═══ 4H (env=episode) ═══
==========================================================
样本: 19958
基线: 做多 57.2% / 做空 59.9%

做多 × 距最近低点 (贴而未破, 0<=dist<0.5, 按年龄):
  低点年龄 0-5根(刚形成)                           n=  1686 胜率= 70.1% Δ=+12.9pp
  低点年龄 5-50根                               n=   433 胜率= 36.0% Δ=-21.2pp
  低点年龄 50-100根                             n=    0 样本不足
  低点年龄 100-250根                            n=    0 样本不足
  低点年龄 250+根                               n=    0 样本不足

做空 × 距最近高点 (贴而未破, 0<=dist<0.5, 按年龄):
  高点年龄 0-5根(刚形成)                           n=  2429 胜率= 68.8% Δ= +8.9pp
  高点年龄 5-50根                               n=   573 胜率= 41.4% Δ=-18.5pp
  高点年龄 50-100根                             n=    0 样本不足
  高点年龄 100-250根                            n=    0 样本不足
  高点年龄 250+根                               n=    0 样本不足

距离梯度 (全部年龄):
做多 贴(0-0.5)                                n=  2119 胜率= 63.1% Δ= +5.9pp
做多 0.5-1.0                                 n=  2883 胜率= 58.1% Δ= +0.8pp
做多 1.0-1.5                                 n=  1604 胜率= 58.0% Δ= +0.8pp
做多 1.5-3.0                                 n=   943 胜率= 56.9% Δ= -0.3pp
做空 贴(0-0.5)                                n=  3002 胜率= 63.6% Δ= +3.7pp
做空 0.5-1.0                                 n=  3688 胜率= 62.3% Δ= +2.4pp
做空 1.0-1.5                                 n=  1926 胜率= 59.5% Δ= -0.4pp
做空 1.5-3.0                                 n=  1159 胜率= 60.5% Δ= +0.6pp

已跌破 (负距离) 对照:
做多 已跌破低点(dist<0)                           n=  1033 胜率= 41.1% Δ=-16.1pp
做空 已突破高点(dist<0)                           n=  1473 胜率= 46.9% Δ=-13.0pp

==========================================================
═══ 日线 (env=flat) ═══
==========================================================
样本: 19183
基线: 做多 49.7% / 做空 52.0%

做多 × 距最近低点 (贴而未破, 0<=dist<0.5, 按年龄):
  低点年龄 0-5根(刚形成)                           n=   493 胜率= 66.1% Δ=+16.4pp
  低点年龄 5-50根                               n=   45 样本不足
  低点年龄 50-100根                             n=    0 样本不足
  低点年龄 100-250根                            n=    0 样本不足
  低点年龄 250+根                               n=    0 样本不足

做空 × 距最近高点 (贴而未破, 0<=dist<0.5, 按年龄):
  高点年龄 0-5根(刚形成)                           n=   791 胜率= 65.1% Δ=+13.1pp
  高点年龄 5-50根                               n=   84 样本不足
  高点年龄 50-100根                             n=    0 样本不足
  高点年龄 100-250根                            n=    0 样本不足
  高点年龄 250+根                               n=    0 样本不足

距离梯度 (全部年龄):
做多 贴(0-0.5)                                n=   538 胜率= 63.8% Δ=+14.0pp
做多 0.5-1.0                                 n=  1388 胜率= 53.3% Δ= +3.6pp
做多 1.0-1.5                                 n=  1635 胜率= 51.6% Δ= +1.9pp
做多 1.5-3.0                                 n=  3520 胜率= 45.7% Δ= -4.0pp
做空 贴(0-0.5)                                n=   875 胜率= 63.1% Δ=+11.1pp
做空 0.5-1.0                                 n=  1996 胜率= 49.3% Δ= -2.7pp
做空 1.0-1.5                                 n=  1901 胜率= 50.4% Δ= -1.6pp
做空 1.5-3.0                                 n=  3905 胜率= 54.6% Δ= +2.6pp

已跌破 (负距离) 对照:
做多 已跌破低点(dist<0)                           n=   19 样本不足
做空 已突破高点(dist<0)                           n=   58 样本不足
