BTC/USDT:USDT: 1957 样本
ETH/USDT:USDT: 4046 样本
SOL/USDT:USDT: 6215 样本
BNB/USDT:USDT: 8324 样本
XRP/USDT:USDT: 10445 样本
DOGE/USDT:USDT: 12583 样本
ADA/USDT:USDT: 14608 样本
AVAX/USDT:USDT: 16650 样本
LINK/USDT:USDT: 18720 样本
DOT/USDT:USDT: 20719 样本
LTC/USDT:USDT: 22933 样本
BCH/USDT:USDT: 25085 样本
NEAR/USDT:USDT: 27100 样本
OP/USDT:USDT: 29126 样本
ARB/USDT:USDT: 31263 样本
ATOM/USDT:USDT: 33275 样本
SUI/USDT:USDT: 35410 样本
UNI/USDT:USDT: 37521 样本
TIA/USDT:USDT: 39297 样本
INJ/USDT:USDT: 41099 样本

插曲样本总数: 41099
基线胜率: 56.4%

═══ A. 结构锚点效应 (插曲环境, 沿日线方向) ═══

做多贴历史低点 (dist_lo < 0.5ATR, 按年龄):
  低点年龄 5-100根                          n=   1264 胜率= 35.5% Δ=-20.9pp
  低点年龄 100-250根                        n=     0 样本不足
  低点年龄 250-500根                        n=     0 样本不足
  低点年龄 500+根                           n=     0 样本不足

做空贴历史高点 (dist_hi < 0.5ATR, 按年龄):
  高点年龄 5-100根                          n=   1962 胜率= 39.8% Δ=-16.7pp
  高点年龄 100-250根                        n=     0 样本不足
  高点年龄 250-500根                        n=     0 样本不足
  高点年龄 500+根                           n=     0 样本不足

═══ B. 距离效应 (贴锚 vs 近 vs 远) ═══
做多 贴低点(<0.5ATR)                        n=   3456 胜率= 54.4% Δ= -2.0pp
做多 低点近(0.5-1.5)                        n=   7766 胜率= 56.8% Δ= +0.4pp
做多 低点远(>1.5)                           n=   6548 胜率= 52.9% Δ= -3.5pp
做空 贴高点(<0.5ATR)                        n=   5115 胜率= 57.0% Δ= +0.6pp
做空 高点近(0.5-1.5)                        n=  10008 胜率= 58.1% Δ= +1.7pp
做空 高点远(>1.5)                           n=   8206 胜率= 57.3% Δ= +0.9pp

═══ C. 对照: 插曲基线分解 (做多/做空) ═══
做多 全部                                  n=  17770 胜率= 54.9% Δ= -1.5pp
做空 全部                                  n=  23329 胜率= 57.6% Δ= +1.2pp
