样本: 41099
基线: 做多 54.9% / 做空 57.6%

═══ 做多 (插曲) × 距最近低点距离梯度 ═══
做多 低点距 贴(<0.5)ATR                        n=   2310 胜率= 63.0% Δ= +8.1pp
做多 低点距 0.5-1.0ATR                        n=   4110 胜率= 58.2% Δ= +3.3pp
做多 低点距 1.0-1.5ATR                        n=   3656 胜率= 55.2% Δ= +0.3pp
做多 低点距 1.5-3.0ATR                        n=   5108 胜率= 52.1% Δ= -2.8pp
做多 低点距 3.0-6.0ATR                        n=   1394 胜率= 56.0% Δ= +1.1pp
做多 低点距 >6.0ATR                           n=    46 样本不足

═══ 做空 (插曲) × 距最近高点距离梯度 ═══
做空 高点距 贴(<0.5)ATR                        n=   3345 胜率= 65.1% Δ= +7.5pp
做空 高点距 0.5-1.0ATR                        n=   5505 胜率= 58.9% Δ= +1.4pp
做空 高点距 1.0-1.5ATR                        n=   4503 胜率= 57.0% Δ= -0.5pp
做空 高点距 1.5-3.0ATR                        n=   6406 胜率= 56.8% Δ= -0.8pp
做空 高点距 3.0-6.0ATR                        n=   1777 胜率= 59.0% Δ= +1.4pp
做空 高点距 >6.0ATR                           n=    23 样本不足

═══ 做多 距低点 1.0-1.5 × 低点年龄 ═══
做多 距低点1.0-1.5 年龄5-50根                    n=    619 胜率= 43.9% Δ=-11.0pp
做多 距低点1.0-1.5 年龄50-100根                  n=     0 样本不足
做多 距低点1.0-1.5 年龄100-250根                 n=     0 样本不足
做多 距低点1.0-1.5 年龄250+根                    n=     0 样本不足
